Archive member included to satisfy reference by file (symbol)

d:/stm32cubeide/stm32cubeide_1.3.0/stm32cubeide/plugins/com.st.stm32cube.ide.mcu.externaltools.gnu-tools-for-stm32.7-2018-q2-update.win32_1.0.0.201904181610/tools/bin/../lib/gcc/arm-none-eabi/7.3.1/../../../../arm-none-eabi/lib/thumb/v7e-m/fpv4-sp/hard\libc_nano.a(lib_a-errno.o)
                              Core/Src/syscalls.o (__errno)
d:/stm32cubeide/stm32cubeide_1.3.0/stm32cubeide/plugins/com.st.stm32cube.ide.mcu.externaltools.gnu-tools-for-stm32.7-2018-q2-update.win32_1.0.0.201904181610/tools/bin/../lib/gcc/arm-none-eabi/7.3.1/../../../../arm-none-eabi/lib/thumb/v7e-m/fpv4-sp/hard\libc_nano.a(lib_a-exit.o)
                              d:/stm32cubeide/stm32cubeide_1.3.0/stm32cubeide/plugins/com.st.stm32cube.ide.mcu.externaltools.gnu-tools-for-stm32.7-2018-q2-update.win32_1.0.0.201904181610/tools/bin/../lib/gcc/arm-none-eabi/7.3.1/../../../../arm-none-eabi/lib/thumb/v7e-m/fpv4-sp/hard/crt0.o (exit)
d:/stm32cubeide/stm32cubeide_1.3.0/stm32cubeide/plugins/com.st.stm32cube.ide.mcu.externaltools.gnu-tools-for-stm32.7-2018-q2-update.win32_1.0.0.201904181610/tools/bin/../lib/gcc/arm-none-eabi/7.3.1/../../../../arm-none-eabi/lib/thumb/v7e-m/fpv4-sp/hard\libc_nano.a(lib_a-impure.o)
                              d:/stm32cubeide/stm32cubeide_1.3.0/stm32cubeide/plugins/com.st.stm32cube.ide.mcu.externaltools.gnu-tools-for-stm32.7-2018-q2-update.win32_1.0.0.201904181610/tools/bin/../lib/gcc/arm-none-eabi/7.3.1/../../../../arm-none-eabi/lib/thumb/v7e-m/fpv4-sp/hard\libc_nano.a(lib_a-exit.o) (_global_impure_ptr)
d:/stm32cubeide/stm32cubeide_1.3.0/stm32cubeide/plugins/com.st.stm32cube.ide.mcu.externaltools.gnu-tools-for-stm32.7-2018-q2-update.win32_1.0.0.201904181610/tools/bin/../lib/gcc/arm-none-eabi/7.3.1/../../../../arm-none-eabi/lib/thumb/v7e-m/fpv4-sp/hard\libc_nano.a(lib_a-init.o)
                              d:/stm32cubeide/stm32cubeide_1.3.0/stm32cubeide/plugins/com.st.stm32cube.ide.mcu.externaltools.gnu-tools-for-stm32.7-2018-q2-update.win32_1.0.0.201904181610/tools/bin/../lib/gcc/arm-none-eabi/7.3.1/../../../../arm-none-eabi/lib/thumb/v7e-m/fpv4-sp/hard/crt0.o (__libc_init_array)
d:/stm32cubeide/stm32cubeide_1.3.0/stm32cubeide/plugins/com.st.stm32cube.ide.mcu.externaltools.gnu-tools-for-stm32.7-2018-q2-update.win32_1.0.0.201904181610/tools/bin/../lib/gcc/arm-none-eabi/7.3.1/../../../../arm-none-eabi/lib/thumb/v7e-m/fpv4-sp/hard\libc_nano.a(lib_a-memset.o)
                              d:/stm32cubeide/stm32cubeide_1.3.0/stm32cubeide/plugins/com.st.stm32cube.ide.mcu.externaltools.gnu-tools-for-stm32.7-2018-q2-update.win32_1.0.0.201904181610/tools/bin/../lib/gcc/arm-none-eabi/7.3.1/../../../../arm-none-eabi/lib/thumb/v7e-m/fpv4-sp/hard/crt0.o (memset)
d:/stm32cubeide/stm32cubeide_1.3.0/stm32cubeide/plugins/com.st.stm32cube.ide.mcu.externaltools.gnu-tools-for-stm32.7-2018-q2-update.win32_1.0.0.201904181610/tools/bin/../lib/gcc/arm-none-eabi/7.3.1/../../../../arm-none-eabi/lib/thumb/v7e-m/fpv4-sp/hard\libc_nano.a(lib_a-nano-vfprintf_float.o)
                              (_printf_float)
d:/stm32cubeide/stm32cubeide_1.3.0/stm32cubeide/plugins/com.st.stm32cube.ide.mcu.externaltools.gnu-tools-for-stm32.7-2018-q2-update.win32_1.0.0.201904181610/tools/bin/../lib/gcc/arm-none-eabi/7.3.1/../../../../arm-none-eabi/lib/thumb/v7e-m/fpv4-sp/hard\libc_nano.a(lib_a-nano-vfprintf_i.o)
                              d:/stm32cubeide/stm32cubeide_1.3.0/stm32cubeide/plugins/com.st.stm32cube.ide.mcu.externaltools.gnu-tools-for-stm32.7-2018-q2-update.win32_1.0.0.201904181610/tools/bin/../lib/gcc/arm-none-eabi/7.3.1/../../../../arm-none-eabi/lib/thumb/v7e-m/fpv4-sp/hard\libc_nano.a(lib_a-nano-vfprintf_float.o) (_printf_common)
d:/stm32cubeide/stm32cubeide_1.3.0/stm32cubeide/plugins/com.st.stm32cube.ide.mcu.externaltools.gnu-tools-for-stm32.7-2018-q2-update.win32_1.0.0.201904181610/tools/bin/../lib/gcc/arm-none-eabi/7.3.1/../../../../arm-none-eabi/lib/thumb/v7e-m/fpv4-sp/hard\libc_nano.a(lib_a-printf.o)
                              Core/USER/WIFI/wifi.o (printf)
d:/stm32cubeide/stm32cubeide_1.3.0/stm32cubeide/plugins/com.st.stm32cube.ide.mcu.externaltools.gnu-tools-for-stm32.7-2018-q2-update.win32_1.0.0.201904181610/tools/bin/../lib/gcc/arm-none-eabi/7.3.1/../../../../arm-none-eabi/lib/thumb/v7e-m/fpv4-sp/hard\libc_nano.a(lib_a-puts.o)
                              Core/USER/WIFI/wifi.o (puts)
d:/stm32cubeide/stm32cubeide_1.3.0/stm32cubeide/plugins/com.st.stm32cube.ide.mcu.externaltools.gnu-tools-for-stm32.7-2018-q2-update.win32_1.0.0.201904181610/tools/bin/../lib/gcc/arm-none-eabi/7.3.1/../../../../arm-none-eabi/lib/thumb/v7e-m/fpv4-sp/hard\libc_nano.a(lib_a-sprintf.o)
                              Core/Src/main.o (sprintf)
[...]
Memory Configuration

Name             Origin             Length             Attributes
CCMRAM           0x0000000010000000 0x0000000000010000 xrw
RAM              0x0000000020000000 0x0000000000020000 xrw
FLASH            0x0000000008000000 0x0000000000100000 xr
*default*        0x0000000000000000 0xffffffffffffffff

Linker script and memory map

LOAD d:/stm32cubeide/stm32cubeide_1.3.0/stm32cubeide/plugins/com.st.stm32cube.ide.mcu.externaltools.gnu-tools-for-stm32.7-2018-q2-update.win32_1.0.0.201904181610/tools/bin/../lib/gcc/arm-none-eabi/7.3.1/thumb/v7e-m/fpv4-sp/hard/crti.o
LOAD d:/stm32cubeide/stm32cubeide_1.3.0/stm32cubeide/plugins/com.st.stm32cube.ide.mcu.externaltools.gnu-tools-for-stm32.7-2018-q2-update.win32_1.0.0.201904181610/tools/bin/../lib/gcc/arm-none-eabi/7.3.1/thumb/v7e-m/fpv4-sp/hard/crtbegin.o
LOAD d:/stm32cubeide/stm32cubeide_1.3.0/stm32cubeide/plugins/com.st.stm32cube.ide.mcu.externaltools.gnu-tools-for-stm32.7-2018-q2-update.win32_1.0.0.201904181610/tools/bin/../lib/gcc/arm-none-eabi/7.3.1/../../../../arm-none-eabi/lib/thumb/v7e-m/fpv4-sp/hard/crt0.o
LOAD Core/Src/adc.o
LOAD Core/Src/dma.o
LOAD Core/Src/gpio.o
LOAD Core/Src/main.o
LOAD Core/Src/stm32f4xx_hal_msp.o
LOAD Core/Src/stm32f4xx_it.o
LOAD Core/Src/syscalls.o
LOAD Core/Src/sysmem.o
LOAD Core/Src/system_stm32f4xx.o
LOAD Core/Src/tim.o
LOAD Core/Src/usart.o
LOAD Core/Startup/startup_stm32f407zgtx.o
LOAD Core/USER/ADC/AdcDma.o
LOAD Core/USER/InputCap/inputcap.o
LOAD Core/USER/PID/pid.o
LOAD Core/USER/WIFI/wifi.o
LOAD Drivers/STM32F4xx_HAL_Driver/Src/stm32f4xx_hal.o
LOAD Drivers/STM32F4xx_HAL_Driver/Src/stm32f4xx_hal_adc.o
LOAD Drivers/STM32F4xx_HAL_Driver/Src/stm32f4xx_hal_adc_ex.o
LOAD Drivers/STM32F4xx_HAL_Driver/Src/stm32f4xx_hal_cortex.o
LOAD Drivers/STM32F4xx_HAL_Driver/Src/stm32f4xx_hal_dma.o
LOAD Drivers/STM32F4xx_HAL_Driver/Src/stm32f4xx_hal_dma_ex.o
LOAD Drivers/STM32F4xx_HAL_Driver/Src/stm32f4xx_hal_exti.o
LOAD Drivers/STM32F4xx_HAL_Driver/Src/stm32f4xx_hal_flash.o
LOAD Drivers/STM32F4xx_HAL_Driver/Src/stm32f4xx_hal_flash_ex.o
LOAD Drivers/STM32F4xx_HAL_Driver/Src/stm32f4xx_hal_flash_ramfunc.o
LOAD Drivers/STM32F4xx_HAL_Driver/Src/stm32f4xx_hal_gpio.o
LOAD Drivers/STM32F4xx_HAL_Driver/Src/stm32f4xx_hal_pwr.o
LOAD Drivers/STM32F4xx_HAL_Driver/Src/stm32f4xx_hal_pwr_ex.o
LOAD Drivers/STM32F4xx_HAL_Driver/Src/stm32f4xx_hal_rcc.o
LOAD Drivers/STM32F4xx_HAL_Driver/Src/stm32f4xx_hal_rcc_ex.o
LOAD Drivers/STM32F4xx_HAL_Driver/Src/stm32f4xx_hal_tim.o
LOAD Drivers/STM32F4xx_HAL_Driver/Src/stm32f4xx_hal_tim_ex.o
LOAD Drivers/STM32F4xx_HAL_Driver/Src/stm32f4xx_hal_uart.o
START GROUP
LOAD d:/stm32cubeide/stm32cubeide_1.3.0/stm32cubeide/plugins/com.st.stm32cube.ide.mcu.externaltools.gnu-tools-for-stm32.7-2018-q2-update.win32_1.0.0.201904181610/tools/bin/../lib/gcc/arm-none-eabi/7.3.1/../../../../arm-none-eabi/lib/thumb/v7e-m/fpv4-sp/hard\libc_nano.a
LOAD d:/stm32cubeide/stm32cubeide_1.3.0/stm32cubeide/plugins/com.st.stm32cube.ide.mcu.externaltools.gnu-tools-for-stm32.7-2018-q2-update.win32_1.0.0.201904181610/tools/bin/../lib/gcc/arm-none-eabi/7.3.1/../../../../arm-none-eabi/lib/thumb/v7e-m/fpv4-sp/hard\libm.a
END GROUP
START GROUP
LOAD d:/stm32cubeide/stm32cubeide_1.3.0/stm32cubeide/plugins/com.st.stm32cube.ide.mcu.externaltools.gnu-tools-for-stm32.7-2018-q2-update.win32_1.0.0.201904181610/tools/bin/../lib/gcc/arm-none-eabi/7.3.1/thumb/v7e-m/fpv4-sp/hard\libgcc.a
LOAD d:/stm32cubeide/stm32cubeide_1.3.0/stm32cubeide/plugins/com.st.stm32cube.ide.mcu.externaltools.gnu-tools-for-stm32.7-2018-q2-update.win32_1.0.0.201904181610/tools/bin/../lib/gcc/arm-none-eabi/7.3.1/../../../../arm-none-eabi/lib/thumb/v7e-m/fpv4-sp/hard\libc_nano.a
END GROUP
START GROUP
LOAD d:/stm32cubeide/stm32cubeide_1.3.0/stm32cubeide/plugins/com.st.stm32cube.ide.mcu.externaltools.gnu-tools-for-stm32.7-2018-q2-update.win32_1.0.0.201904181610/tools/bin/../lib/gcc/arm-none-eabi/7.3.1/thumb/v7e-m/fpv4-sp/hard\libgcc.a
LOAD d:/stm32cubeide/stm32cubeide_1.3.0/stm32cubeide/plugins/com.st.stm32cube.ide.mcu.externaltools.gnu-tools-for-stm32.7-2018-q2-update.win32_1.0.0.201904181610/tools/bin/../lib/gcc/arm-none-eabi/7.3.1/../../../../arm-none-eabi/lib/thumb/v7e-m/fpv4-sp/hard\libc_nano.a
LOAD d:/stm32cubeide/stm32cubeide_1.3.0/stm32cubeide/plugins/com.st.stm32cube.ide.mcu.externaltools.gnu-tools-for-stm32.7-2018-q2-update.win32_1.0.0.201904181610/tools/bin/../lib/gcc/arm-none-eabi/7.3.1/../../../../arm-none-eabi/lib/thumb/v7e-m/fpv4-sp/hard\libnosys.a
END GROUP
START GROUP
LOAD d:/stm32cubeide/stm32cubeide_1.3.0/stm32cubeide/plugins/com.st.stm32cube.ide.mcu.externaltools.gnu-tools-for-stm32.7-2018-q2-update.win32_1.0.0.201904181610/tools/bin/../lib/gcc/arm-none-eabi/7.3.1/thumb/v7e-m/fpv4-sp/hard\libgcc.a
LOAD d:/stm32cubeide/stm32cubeide_1.3.0/stm32cubeide/plugins/com.st.stm32cube.ide.mcu.externaltools.gnu-tools-for-stm32.7-2018-q2-update.win32_1.0.0.201904181610/tools/bin/../lib/gcc/arm-none-eabi/7.3.1/../../../../arm-none-eabi/lib/thumb/v7e-m/fpv4-sp/hard\libc_nano.a
LOAD d:/stm32cubeide/stm32cubeide_1.3.0/stm32cubeide/plugins/com.st.stm32cube.ide.mcu.externaltools.gnu-tools-for-stm32.7-2018-q2-update.win32_1.0.0.201904181610/tools/bin/../lib/gcc/arm-none-eabi/7.3.1/../../../../arm-none-eabi/lib/thumb/v7e-m/fpv4-sp/hard\libnosys.a
END GROUP
LOAD d:/stm32cubeide/stm32cubeide_1.3.0/stm32cubeide/plugins/com.st.stm32cube.ide.mcu.externaltools.gnu-tools-for-stm32.7-2018-q2-update.win32_1.0.0.201904181610/tools/bin/../lib/gcc/arm-none-eabi/7.3.1/thumb/v7e-m/fpv4-sp/hard/crtend.o
LOAD d:/stm32cubeide/stm32cubeide_1.3.0/stm32cubeide/plugins/com.st.stm32cube.ide.mcu.externaltools.gnu-tools-for-stm32.7-2018-q2-update.win32_1.0.0.201904181610/tools/bin/../lib/gcc/arm-none-eabi/7.3.1/thumb/v7e-m/fpv4-sp/hard/crtn.o
                0x0000000020020000                _estack = (ORIGIN (RAM) + LENGTH (RAM))
                0x0000000000000200                _Min_Heap_Size = 0x200
                0x0000000000000400                _Min_Stack_Size = 0x400

.isr_vector     0x0000000008000000      0x188
                0x0000000008000000                . = ALIGN (0x4)
 *(.isr_vector)
 .isr_vector    0x0000000008000000      0x188 Core/Startup/startup_stm32f407zgtx.o
                0x0000000008000000                g_pfnVectors
                0x0000000008000188                . = ALIGN (0x4)

.text           0x0000000008000190     0x9290
                0x0000000008000190                . = ALIGN (0x4)
 *(.text)
 .text          0x0000000008000190       0x40 d:/stm32cubeide/stm32cubeide_1.3.0/stm32cubeide/plugins/com.st.stm32cube.ide.mcu.externaltools.gnu-tools-for-stm32.7-2018-q2-update.win32_1.0.0.201904181610/tools/bin/../lib/gcc/arm-none-eabi/7.3.1/thumb/v7e-m/fpv4-sp/hard/crtbegin.o
 .text          0x00000000080001d0       0x10 d:/stm32cubeide/stm32cubeide_1.3.0/stm32cubeide/plugins/com.st.stm32cube.ide.mcu.externaltools.gnu-tools-for-stm32.7-2018-q2-update.win32_1.0.0.201904181610/tools/bin/../lib/gcc/arm-none-eabi/7.3.1/../../../../arm-none-eabi/lib/thumb/v7e-m/fpv4-sp/hard\libc_nano.a(lib_a-strlen.o)
                0x00000000080001d0                strlen
 .text          0x00000000080001e0       0xa0 d:/stm32cubeide/stm32cubeide_1.3.0/stm32cubeide/plugins/com.st.stm32cube.ide.mcu.externaltools.gnu-tools-for-stm32.7-2018-q2-update.win32_1.0.0.201904181610/tools/bin/../lib/gcc/arm-none-eabi/7.3.1/../../../../arm-none-eabi/lib/thumb/v7e-m/fpv4-sp/hard\libc_nano.a(lib_a-memchr.o)
                0x00000000080001e0                memchr
 .text          0x0000000008000280      0x378 d:/stm32cubeide/stm32cubeide_1.3.0/stm32cubeide/plugins/com.st.stm32cube.ide.mcu.externaltools.gnu-tools-for-stm32.7-2018-q2-update.win32_1.0.0.201904181610/tools/bin/../lib/gcc/arm-none-eabi/7.3.1/thumb/v7e-m/fpv4-sp/hard\libgcc.a(_arm_addsubdf3.o)
                0x0000000008000280                __aeabi_drsub
                0x0000000008000288                __aeabi_dsub
                0x0000000008000288                __subdf3
                0x000000000800028c                __aeabi_dadd
                0x000000000800028c                __adddf3
                0x0000000008000504                __floatunsidf
                0x0000000008000504                __aeabi_ui2d
                0x0000000008000524                __floatsidf
                0x0000000008000524                __aeabi_i2d
                0x0000000008000548                __aeabi_f2d
                0x0000000008000548                __extendsfdf2
                0x000000000800058c                __floatundidf
                0x000000000800058c                __aeabi_ul2d
                0x000000000800059c                __floatdidf
                0x000000000800059c                __aeabi_l2d
 .text          0x00000000080005f8      0x424 d:/stm32cubeide/stm32cubeide_1.3.0/stm32cubeide/plugins/com.st.stm32cube.ide.mcu.externaltools.gnu-tools-for-stm32.7-2018-q2-update.win32_1.0.0.201904181610/tools/bin/../lib/gcc/arm-none-eabi/7.3.1/thumb/v7e-m/fpv4-sp/hard\libgcc.a(_arm_muldivdf3.o)
                0x00000000080005f8                __aeabi_dmul
                0x00000000080005f8                __muldf3
                0x000000000800084c                __divdf3
                0x000000000800084c                __aeabi_ddiv
 .text          0x0000000008000a1c      0x110 d:/stm32cubeide/stm32cubeide_1.3.0/stm32cubeide/plugins/com.st.stm32cube.ide.mcu.externaltools.gnu-tools-for-stm32.7-2018-q2-update.win32_1.0.0.201904181610/tools/bin/../lib/gcc/arm-none-eabi/7.3.1/thumb/v7e-m/fpv4-sp/hard\libgcc.a(_arm_cmpdf2.o)
                0x0000000008000a1c                __gtdf2
                0x0000000008000a1c                __gedf2
                0x0000000008000a24                __ltdf2
                0x0000000008000a24                __ledf2
                0x0000000008000a2c                __nedf2
                0x0000000008000a2c                __eqdf2
                0x0000000008000a2c                __cmpdf2
                0x0000000008000aa8                __aeabi_cdrcmple
                0x0000000008000ab8                __aeabi_cdcmpeq
                0x0000000008000ab8                __aeabi_cdcmple
                0x0000000008000ac8                __aeabi_dcmpeq
                0x0000000008000adc                __aeabi_dcmplt
                0x0000000008000af0                __aeabi_dcmple
                0x0000000008000b04                __aeabi_dcmpge
                0x0000000008000b18                __aeabi_dcmpgt
 .text          0x0000000008000b2c       0x2c d:/stm32cubeide/stm32cubeide_1.3.0/stm32cubeide/plugins/com.st.stm32cube.ide.mcu.externaltools.gnu-tools-for-stm32.7-2018-q2-update.win32_1.0.0.201904181610/tools/bin/../lib/gcc/arm-none-eabi/7.3.1/thumb/v7e-m/fpv4-sp/hard\libgcc.a(_arm_unorddf2.o)
                0x0000000008000b2c                __unorddf2
                0x0000000008000b2c                __aeabi_dcmpun
 .text          0x0000000008000b58       0x50 d:/stm32cubeide/stm32cubeide_1.3.0/stm32cubeide/plugins/com.st.stm32cube.ide.mcu.externaltools.gnu-tools-for-stm32.7-2018-q2-update.win32_1.0.0.201904181610/tools/bin/../lib/gcc/arm-none-eabi/7.3.1/thumb/v7e-m/fpv4-sp/hard\libgcc.a(_arm_fixdfsi.o)
                0x0000000008000b58                __aeabi_d2iz
                0x0000000008000b58                __fixdfsi
 .text          0x0000000008000ba8       0xa0 d:/stm32cubeide/stm32cubeide_1.3.0/stm32cubeide/plugins/com.st.stm32cube.ide.mcu.externaltools.gnu-tools-for-stm32.7-2018-q2-update.win32_1.0.0.201904181610/tools/bin/../lib/gcc/arm-none-eabi/7.3.1/thumb/v7e-m/fpv4-sp/hard\libgcc.a(_arm_truncdfsf2.o)
                0x0000000008000ba8                __truncdfsf2
                0x0000000008000ba8                __aeabi_d2f
 .text          0x0000000008000c48       0x30 d:/stm32cubeide/stm32cubeide_1.3.0/stm32cubeide/plugins/com.st.stm32cube.ide.mcu.externaltools.gnu-tools-for-stm32.7-2018-q2-update.win32_1.0.0.201904181610/tools/bin/../lib/gcc/arm-none-eabi/7.3.1/thumb/v7e-m/fpv4-sp/hard\libgcc.a(_aeabi_uldivmod.o)
                0x0000000008000c48                __aeabi_uldivmod
 .text          0x0000000008000c78      0x2cc d:/stm32cubeide/stm32cubeide_1.3.0/stm32cubeide/plugins/com.st.stm32cube.ide.mcu.externaltools.gnu-tools-for-stm32.7-2018-q2-update.win32_1.0.0.201904181610/tools/bin/../lib/gcc/arm-none-eabi/7.3.1/thumb/v7e-m/fpv4-sp/hard\libgcc.a(_udivmoddi4.o)
                0x0000000008000c78                __udivmoddi4
 .text          0x0000000008000f44        0x4 d:/stm32cubeide/stm32cubeide_1.3.0/stm32cubeide/plugins/com.st.stm32cube.ide.mcu.externaltools.gnu-tools-for-stm32.7-2018-q2-update.win32_1.0.0.201904181610/tools/bin/../lib/gcc/arm-none-eabi/7.3.1/thumb/v7e-m/fpv4-sp/hard\libgcc.a(_dvmd_tls.o)
                0x0000000008000f44                __aeabi_idiv0
                0x0000000008000f44                __aeabi_ldiv0
 *(.text*)
 .text.MX_ADC1_Init
                0x0000000008000f48       0xc0 Core/Src/adc.o
                0x0000000008000f48                MX_ADC1_Init
 .text.HAL_ADC_MspInit
                0x0000000008001008       0xf0 Core/Src/adc.o
                0x0000000008001008                HAL_ADC_MspInit
 .text.MX_DMA_Init
                0x00000000080010f8       0x40 Core/Src/dma.o
                0x00000000080010f8                MX_DMA_Init
 .text.MX_GPIO_Init
                0x0000000008001138       0xd8 Core/Src/gpio.o
                0x0000000008001138                MX_GPIO_Init
 .text.main     0x0000000008001210       0x3a Core/Src/main.o
                0x0000000008001210                main
 *fill*         0x000000000800124a        0x2 
 .text.SystemClock_Config
                0x000000000800124c       0xd4 Core/Src/main.o
                0x000000000800124c                SystemClock_Config
 .text.Set_CompareValue
                0x0000000008001320       0x48 Core/Src/main.o
                0x0000000008001320                Set_CompareValue
 .text.System_Init
                0x0000000008001368       0xc4 Core/Src/main.o
                0x0000000008001368                System_Init
 .text.Tcp_DataDeal
                0x000000000800142c      0x16c Core/Src/main.o
                0x000000000800142c                Tcp_DataDeal
 .text.Error_Handler
                0x0000000008001598        0xe Core/Src/main.o
                0x0000000008001598                Error_Handler
 *fill*         0x00000000080015a6        0x2 
 .text.HAL_MspInit
                0x00000000080015a8       0x94 Core/Src/stm32f4xx_hal_msp.o
                0x00000000080015a8                HAL_MspInit
 .text.NMI_Handler
                0x000000000800163c        0xe Core/Src/stm32f4xx_it.o
                0x000000000800163c                NMI_Handler
 .text.HardFault_Handler
                0x000000000800164a        0x6 Core/Src/stm32f4xx_it.o
                0x000000000800164a                HardFault_Handler
 .text.MemManage_Handler
                0x0000000008001650        0x6 Core/Src/stm32f4xx_it.o
                0x0000000008001650                MemManage_Handler
 .text.BusFault_Handler
                0x0000000008001656        0x6 Core/Src/stm32f4xx_it.o
                0x0000000008001656                BusFault_Handler
 .text.UsageFault_Handler
                0x000000000800165c        0x6 Core/Src/stm32f4xx_it.o
                0x000000000800165c                UsageFault_Handler
 .text.SVC_Handler
                0x0000000008001662        0xe Core/Src/stm32f4xx_it.o
                0x0000000008001662                SVC_Handler
 .text.DebugMon_Handler
                0x0000000008001670        0xe Core/Src/stm32f4xx_it.o
                0x0000000008001670                DebugMon_Handler
 .text.PendSV_Handler
                0x000000000800167e        0xe Core/Src/stm32f4xx_it.o
                0x000000000800167e                PendSV_Handler
 .text.SysTick_Handler
                0x000000000800168c        0xc Core/Src/stm32f4xx_it.o
                0x000000000800168c                SysTick_Handler
 .text.TIM2_IRQHandler
                0x0000000008001698       0x14 Core/Src/stm32f4xx_it.o
                0x0000000008001698                TIM2_IRQHandler
 .text.TIM3_IRQHandler
                0x00000000080016ac       0x14 Core/Src/stm32f4xx_it.o
                0x00000000080016ac                TIM3_IRQHandler
 .text.USART1_IRQHandler
                0x00000000080016c0       0x14 Core/Src/stm32f4xx_it.o
                0x00000000080016c0                USART1_IRQHandler
 .text.DMA2_Stream0_IRQHandler
                0x00000000080016d4       0x14 Core/Src/stm32f4xx_it.o
                0x00000000080016d4                DMA2_Stream0_IRQHandler
 .text._read    0x00000000080016e8       0x3a Core/Src/syscalls.o
                0x00000000080016e8                _read
 .text._write   0x0000000008001722       0x38 Core/Src/syscalls.o
                0x0000000008001722                _write
 .text._close   0x000000000800175a       0x18 Core/Src/syscalls.o
                0x000000000800175a                _close
 .text._fstat   0x0000000008001772       0x20 Core/Src/syscalls.o
                0x0000000008001772                _fstat
 .text._isatty  0x0000000008001792       0x16 Core/Src/syscalls.o
                0x0000000008001792                _isatty
 .text._lseek   0x00000000080017a8       0x1a Core/Src/syscalls.o
                0x00000000080017a8                _lseek
 *fill*         0x00000000080017c2        0x2 
 .text._sbrk    0x00000000080017c4       0x58 Core/Src/sysmem.o
                0x00000000080017c4                _sbrk
 .text.SystemInit
                0x000000000800181c       0x2c Core/Src/system_stm32f4xx.o
                0x000000000800181c                SystemInit
 .text.MX_TIM1_Init
                0x0000000008001848      0x170 Core/Src/tim.o
                0x0000000008001848                MX_TIM1_Init
 .text.MX_TIM2_Init
                0x00000000080019b8       0xe0 Core/Src/tim.o
                0x00000000080019b8                MX_TIM2_Init
 .text.MX_TIM3_Init
                0x0000000008001a98       0x9c Core/Src/tim.o
                0x0000000008001a98                MX_TIM3_Init
 .text.MX_TIM8_Init
                0x0000000008001b34      0x140 Core/Src/tim.o
                0x0000000008001b34                MX_TIM8_Init
 .text.HAL_TIM_Base_MspInit
                0x0000000008001c74      0x130 Core/Src/tim.o
                0x0000000008001c74                HAL_TIM_Base_MspInit
 .text.HAL_TIM_MspPostInit
                0x0000000008001da4      0x104 Core/Src/tim.o
                0x0000000008001da4                HAL_TIM_MspPostInit
 .text.MX_USART1_UART_Init
                0x0000000008001ea8       0x54 Core/Src/usart.o
                0x0000000008001ea8                MX_USART1_UART_Init
 .text.HAL_UART_MspInit
                0x0000000008001efc       0xa0 Core/Src/usart.o
                0x0000000008001efc                HAL_UART_MspInit
 .text.__io_putchar
                0x0000000008001f9c       0x24 Core/Src/usart.o
                0x0000000008001f9c                __io_putchar
 .text.Reset_Handler
                0x0000000008001fc0       0x50 Core/Startup/startup_stm32f407zgtx.o
                0x0000000008001fc0                Reset_Handler
 .text.Default_Handler
                0x0000000008002010        0x2 Core/Startup/startup_stm32f407zgtx.o
                0x0000000008002010                RTC_Alarm_IRQHandler
                0x0000000008002010                HASH_RNG_IRQHandler
                0x0000000008002010                EXTI2_IRQHandler
                0x0000000008002010                TIM8_CC_IRQHandler
                0x0000000008002010                TIM1_CC_IRQHandler
                0x0000000008002010                DMA2_Stream5_IRQHandler
                0x0000000008002010                DMA1_Stream5_IRQHandler
                0x0000000008002010                PVD_IRQHandler
                0x0000000008002010                SDIO_IRQHandler
                0x0000000008002010                TAMP_STAMP_IRQHandler
                0x0000000008002010                CAN2_RX1_IRQHandler
                0x0000000008002010                EXTI3_IRQHandler
                0x0000000008002010                TIM8_TRG_COM_TIM14_IRQHandler
                0x0000000008002010                TIM1_UP_TIM10_IRQHandler
                0x0000000008002010                TIM8_UP_TIM13_IRQHandler
                0x0000000008002010                I2C3_ER_IRQHandler
                0x0000000008002010                EXTI0_IRQHandler
                0x0000000008002010                I2C2_EV_IRQHandler
                0x0000000008002010                DMA1_Stream2_IRQHandler
                0x0000000008002010                CAN1_RX0_IRQHandler
                0x0000000008002010                FPU_IRQHandler
                0x0000000008002010                OTG_HS_WKUP_IRQHandler
                0x0000000008002010                CAN2_SCE_IRQHandler
                0x0000000008002010                DMA2_Stream2_IRQHandler
                0x0000000008002010                SPI1_IRQHandler
                0x0000000008002010                TIM6_DAC_IRQHandler
                0x0000000008002010                TIM1_BRK_TIM9_IRQHandler
                0x0000000008002010                DCMI_IRQHandler
                0x0000000008002010                CAN2_RX0_IRQHandler
                0x0000000008002010                DMA2_Stream3_IRQHandler
                0x0000000008002010                USART6_IRQHandler
                0x0000000008002010                USART3_IRQHandler
                0x0000000008002010                CAN1_RX1_IRQHandler
                0x0000000008002010                UART5_IRQHandler
                0x0000000008002010                TIM4_IRQHandler
                0x0000000008002010                I2C1_EV_IRQHandler
                0x0000000008002010                DMA1_Stream6_IRQHandler
                0x0000000008002010                DMA1_Stream1_IRQHandler
                0x0000000008002010                UART4_IRQHandler
                0x0000000008002010                RCC_IRQHandler
                0x0000000008002010                TIM8_BRK_TIM12_IRQHandler
                0x0000000008002010                Default_Handler
                0x0000000008002010                EXTI15_10_IRQHandler
                0x0000000008002010                ADC_IRQHandler
                0x0000000008002010                DMA1_Stream7_IRQHandler
                0x0000000008002010                TIM7_IRQHandler
                0x0000000008002010                CAN2_TX_IRQHandler
                0x0000000008002010                TIM5_IRQHandler
                0x0000000008002010                DMA2_Stream7_IRQHandler
                0x0000000008002010                I2C3_EV_IRQHandler
                0x0000000008002010                EXTI9_5_IRQHandler
                0x0000000008002010                RTC_WKUP_IRQHandler
                0x0000000008002010                ETH_WKUP_IRQHandler
                0x0000000008002010                SPI2_IRQHandler
                0x0000000008002010                OTG_HS_EP1_IN_IRQHandler
                0x0000000008002010                DMA1_Stream0_IRQHandler
                0x0000000008002010                CAN1_TX_IRQHandler
                0x0000000008002010                EXTI4_IRQHandler
                0x0000000008002010                FSMC_IRQHandler
                0x0000000008002010                ETH_IRQHandler
                0x0000000008002010                OTG_HS_EP1_OUT_IRQHandler
                0x0000000008002010                WWDG_IRQHandler
                0x0000000008002010                OTG_FS_WKUP_IRQHandler
                0x0000000008002010                TIM1_TRG_COM_TIM11_IRQHandler
                0x0000000008002010                OTG_HS_IRQHandler
                0x0000000008002010                EXTI1_IRQHandler
                0x0000000008002010                USART2_IRQHandler
                0x0000000008002010                I2C2_ER_IRQHandler
                0x0000000008002010                DMA2_Stream1_IRQHandler
                0x0000000008002010                CAN1_SCE_IRQHandler
                0x0000000008002010                FLASH_IRQHandler
                0x0000000008002010                DMA2_Stream4_IRQHandler
                0x0000000008002010                OTG_FS_IRQHandler
                0x0000000008002010                SPI3_IRQHandler
                0x0000000008002010                DMA1_Stream4_IRQHandler
                0x0000000008002010                I2C1_ER_IRQHandler
                0x0000000008002010                DMA2_Stream6_IRQHandler
                0x0000000008002010                DMA1_Stream3_IRQHandler
 *fill*         0x0000000008002012        0x6 
 .text.HAL_ADC_ConvCpltCallback
                0x0000000008002018       0xa8 Core/USER/ADC/AdcDma.o
                0x0000000008002018                HAL_ADC_ConvCpltCallback
 .text.Update_Data
                0x00000000080020c0       0x20 Core/USER/ADC/AdcDma.o
                0x00000000080020c0                Update_Data
 .text.Data_Fliter
                0x00000000080020e0      0x134 Core/USER/ADC/AdcDma.o
                0x00000000080020e0                Data_Fliter
 .text.HAL_TIM_PeriodElapsedCallback
                0x0000000008002214       0xd8 Core/USER/InputCap/inputcap.o
                0x0000000008002214                HAL_TIM_PeriodElapsedCallback
 .text.HAL_TIM_IC_CaptureCallback
                0x00000000080022ec      0x180 Core/USER/InputCap/inputcap.o
                0x00000000080022ec                HAL_TIM_IC_CaptureCallback
 .text.Set_PID_Parameter
                0x000000000800246c       0x3c Core/USER/PID/pid.o
                0x000000000800246c                Set_PID_Parameter
 .text.Set_PID_Parameter1
                0x00000000080024a8       0x3c Core/USER/PID/pid.o
                0x00000000080024a8                Set_PID_Parameter1
 .text.Server_Init
                0x00000000080024e4       0x60 Core/USER/WIFI/wifi.o
                0x00000000080024e4                Server_Init
 .text.Server_SentTo_Client
                0x0000000008002544       0x44 Core/USER/WIFI/wifi.o
                0x0000000008002544                Server_SentTo_Client
 .text.Strlen   0x0000000008002588       0x30 Core/USER/WIFI/wifi.o
                0x0000000008002588                Strlen
 .text.Strcpy   0x00000000080025b8       0x48 Core/USER/WIFI/wifi.o
                0x00000000080025b8                Strcpy
 .text.Strcmp   0x0000000008002600       0x58 Core/USER/WIFI/wifi.o
                0x0000000008002600                Strcmp
 .text.HAL_UART_RxCpltCallback
                0x0000000008002658       0x9c Core/USER/WIFI/wifi.o
                0x0000000008002658                HAL_UART_RxCpltCallback
 .text.Tcp_DataAccept
                0x00000000080026f4       0xac Core/USER/WIFI/wifi.o
                0x00000000080026f4                Tcp_DataAccept
 .text.HAL_Init
                0x00000000080027a0       0x44 Drivers/STM32F4xx_HAL_Driver/Src/stm32f4xx_hal.o
                0x00000000080027a0                HAL_Init
 .text.HAL_InitTick
                0x00000000080027e4       0x60 Drivers/STM32F4xx_HAL_Driver/Src/stm32f4xx_hal.o
                0x00000000080027e4                HAL_InitTick
 .text.HAL_IncTick
                0x0000000008002844       0x28 Drivers/STM32F4xx_HAL_Driver/Src/stm32f4xx_hal.o
                0x0000000008002844                HAL_IncTick
 .text.HAL_GetTick
                0x000000000800286c       0x18 Drivers/STM32F4xx_HAL_Driver/Src/stm32f4xx_hal.o
                0x000000000800286c                HAL_GetTick
 .text.HAL_Delay
                0x0000000008002884       0x44 Drivers/STM32F4xx_HAL_Driver/Src/stm32f4xx_hal.o
                0x0000000008002884                HAL_Delay
 .text.HAL_ADC_Init
                0x00000000080028c8       0x86 Drivers/STM32F4xx_HAL_Driver/Src/stm32f4xx_hal_adc.o
                0x00000000080028c8                HAL_ADC_Init
 *fill*         0x000000000800294e        0x2 
 .text.HAL_ADC_Start_DMA
                0x0000000008002950      0x1e4 Drivers/STM32F4xx_HAL_Driver/Src/stm32f4xx_hal_adc.o
                0x0000000008002950                HAL_ADC_Start_DMA
 .text.HAL_ADC_ConvHalfCpltCallback
                0x0000000008002b34       0x14 Drivers/STM32F4xx_HAL_Driver/Src/stm32f4xx_hal_adc.o
                0x0000000008002b34                HAL_ADC_ConvHalfCpltCallback
 .text.HAL_ADC_ErrorCallback
                0x0000000008002b48       0x14 Drivers/STM32F4xx_HAL_Driver/Src/stm32f4xx_hal_adc.o
                0x0000000008002b48                HAL_ADC_ErrorCallback
 .text.HAL_ADC_ConfigChannel
                0x0000000008002b5c      0x244 Drivers/STM32F4xx_HAL_Driver/Src/stm32f4xx_hal_adc.o
                0x0000000008002b5c                HAL_ADC_ConfigChannel
 .text.ADC_Init
                0x0000000008002da0      0x1f8 Drivers/STM32F4xx_HAL_Driver/Src/stm32f4xx_hal_adc.o
 .text.ADC_DMAConvCplt
                0x0000000008002f98       0xba Drivers/STM32F4xx_HAL_Driver/Src/stm32f4xx_hal_adc.o
 .text.ADC_DMAHalfConvCplt
                0x0000000008003052       0x1c Drivers/STM32F4xx_HAL_Driver/Src/stm32f4xx_hal_adc.o
 .text.ADC_DMAError
                0x000000000800306e       0x2e Drivers/STM32F4xx_HAL_Driver/Src/stm32f4xx_hal_adc.o
 .text.__NVIC_SetPriorityGrouping
                0x000000000800309c       0x48 Drivers/STM32F4xx_HAL_Driver/Src/stm32f4xx_hal_cortex.o
 .text.__NVIC_GetPriorityGrouping
                0x00000000080030e4       0x1c Drivers/STM32F4xx_HAL_Driver/Src/stm32f4xx_hal_cortex.o
 .text.__NVIC_EnableIRQ
                0x0000000008003100       0x3c Drivers/STM32F4xx_HAL_Driver/Src/stm32f4xx_hal_cortex.o
 .text.__NVIC_SetPriority
                0x000000000800313c       0x54 Drivers/STM32F4xx_HAL_Driver/Src/stm32f4xx_hal_cortex.o
 .text.NVIC_EncodePriority
                0x0000000008003190       0x66 Drivers/STM32F4xx_HAL_Driver/Src/stm32f4xx_hal_cortex.o
 *fill*         0x00000000080031f6        0x2 
 .text.SysTick_Config
                0x00000000080031f8       0x44 Drivers/STM32F4xx_HAL_Driver/Src/stm32f4xx_hal_cortex.o
 .text.HAL_NVIC_SetPriorityGrouping
                0x000000000800323c       0x16 Drivers/STM32F4xx_HAL_Driver/Src/stm32f4xx_hal_cortex.o
                0x000000000800323c                HAL_NVIC_SetPriorityGrouping
 .text.HAL_NVIC_SetPriority
                0x0000000008003252       0x38 Drivers/STM32F4xx_HAL_Driver/Src/stm32f4xx_hal_cortex.o
                0x0000000008003252                HAL_NVIC_SetPriority
 .text.HAL_NVIC_EnableIRQ
                0x000000000800328a       0x1c Drivers/STM32F4xx_HAL_Driver/Src/stm32f4xx_hal_cortex.o
                0x000000000800328a                HAL_NVIC_EnableIRQ
 .text.HAL_SYSTICK_Config
                0x00000000080032a6       0x18 Drivers/STM32F4xx_HAL_Driver/Src/stm32f4xx_hal_cortex.o
                0x00000000080032a6                HAL_SYSTICK_Config
 *fill*         0x00000000080032be        0x2 
 .text.HAL_DMA_Init
                0x00000000080032c0      0x15c Drivers/STM32F4xx_HAL_Driver/Src/stm32f4xx_hal_dma.o
                0x00000000080032c0                HAL_DMA_Init
 .text.HAL_DMA_Start_IT
                0x000000000800341c       0xb0 Drivers/STM32F4xx_HAL_Driver/Src/stm32f4xx_hal_dma.o
                0x000000000800341c                HAL_DMA_Start_IT
 .text.HAL_DMA_Abort_IT
                0x00000000080034cc       0x44 Drivers/STM32F4xx_HAL_Driver/Src/stm32f4xx_hal_dma.o
                0x00000000080034cc                HAL_DMA_Abort_IT
 .text.HAL_DMA_IRQHandler
                0x0000000008003510      0x314 Drivers/STM32F4xx_HAL_Driver/Src/stm32f4xx_hal_dma.o
                0x0000000008003510                HAL_DMA_IRQHandler
 .text.DMA_SetConfig
                0x0000000008003824       0x5c Drivers/STM32F4xx_HAL_Driver/Src/stm32f4xx_hal_dma.o
 .text.DMA_CalcBaseAndBitshift
                0x0000000008003880       0x6c Drivers/STM32F4xx_HAL_Driver/Src/stm32f4xx_hal_dma.o
 .text.DMA_CheckFifoParam
                0x00000000080038ec       0xf4 Drivers/STM32F4xx_HAL_Driver/Src/stm32f4xx_hal_dma.o
 .text.HAL_GPIO_Init
                0x00000000080039e0      0x334 Drivers/STM32F4xx_HAL_Driver/Src/stm32f4xx_hal_gpio.o
                0x00000000080039e0                HAL_GPIO_Init
 .text.HAL_GPIO_WritePin
                0x0000000008003d14       0x32 Drivers/STM32F4xx_HAL_Driver/Src/stm32f4xx_hal_gpio.o
                0x0000000008003d14                HAL_GPIO_WritePin
 *fill*         0x0000000008003d46        0x2 
 .text.HAL_RCC_OscConfig
                0x0000000008003d48      0x4e0 Drivers/STM32F4xx_HAL_Driver/Src/stm32f4xx_hal_rcc.o
                0x0000000008003d48                HAL_RCC_OscConfig
 .text.HAL_RCC_ClockConfig
                0x0000000008004228      0x1cc Drivers/STM32F4xx_HAL_Driver/Src/stm32f4xx_hal_rcc.o
                0x0000000008004228                HAL_RCC_ClockConfig
 .text.HAL_RCC_GetSysClockFreq
                0x00000000080043f4      0x1b0 Drivers/STM32F4xx_HAL_Driver/Src/stm32f4xx_hal_rcc.o
                0x00000000080043f4                HAL_RCC_GetSysClockFreq
 .text.HAL_RCC_GetHCLKFreq
                0x00000000080045a4       0x18 Drivers/STM32F4xx_HAL_Driver/Src/stm32f4xx_hal_rcc.o
                0x00000000080045a4                HAL_RCC_GetHCLKFreq
 .text.HAL_RCC_GetPCLK1Freq
                0x00000000080045bc       0x28 Drivers/STM32F4xx_HAL_Driver/Src/stm32f4xx_hal_rcc.o
                0x00000000080045bc                HAL_RCC_GetPCLK1Freq
 .text.HAL_RCC_GetPCLK2Freq
                0x00000000080045e4       0x28 Drivers/STM32F4xx_HAL_Driver/Src/stm32f4xx_hal_rcc.o
                0x00000000080045e4                HAL_RCC_GetPCLK2Freq
 .text.HAL_TIM_Base_Init
                0x000000000800460c       0x56 Drivers/STM32F4xx_HAL_Driver/Src/stm32f4xx_hal_tim.o
                0x000000000800460c                HAL_TIM_Base_Init
 .text.HAL_TIM_Base_Start_IT
                0x0000000008004662       0x48 Drivers/STM32F4xx_HAL_Driver/Src/stm32f4xx_hal_tim.o
                0x0000000008004662                HAL_TIM_Base_Start_IT
 .text.HAL_TIM_PWM_Init
                0x00000000080046aa       0x56 Drivers/STM32F4xx_HAL_Driver/Src/stm32f4xx_hal_tim.o
                0x00000000080046aa                HAL_TIM_PWM_Init
 .text.HAL_TIM_PWM_MspInit
                0x0000000008004700       0x14 Drivers/STM32F4xx_HAL_Driver/Src/stm32f4xx_hal_tim.o
                0x0000000008004700                HAL_TIM_PWM_MspInit
 .text.HAL_TIM_PWM_Start
                0x0000000008004714       0x7c Drivers/STM32F4xx_HAL_Driver/Src/stm32f4xx_hal_tim.o
                0x0000000008004714                HAL_TIM_PWM_Start
 .text.HAL_TIM_IC_Init
                0x0000000008004790       0x56 Drivers/STM32F4xx_HAL_Driver/Src/stm32f4xx_hal_tim.o
                0x0000000008004790                HAL_TIM_IC_Init
 .text.HAL_TIM_IC_MspInit
                0x00000000080047e6       0x14 Drivers/STM32F4xx_HAL_Driver/Src/stm32f4xx_hal_tim.o
                0x00000000080047e6                HAL_TIM_IC_MspInit
 *fill*         0x00000000080047fa        0x2 
 .text.HAL_TIM_IC_Start_IT
                0x00000000080047fc       0xd0 Drivers/STM32F4xx_HAL_Driver/Src/stm32f4xx_hal_tim.o
                0x00000000080047fc                HAL_TIM_IC_Start_IT
 .text.HAL_TIM_IRQHandler
                0x00000000080048cc      0x210 Drivers/STM32F4xx_HAL_Driver/Src/stm32f4xx_hal_tim.o
                0x00000000080048cc                HAL_TIM_IRQHandler
 .text.HAL_TIM_IC_ConfigChannel
                0x0000000008004adc      0x138 Drivers/STM32F4xx_HAL_Driver/Src/stm32f4xx_hal_tim.o
                0x0000000008004adc                HAL_TIM_IC_ConfigChannel
 .text.HAL_TIM_PWM_ConfigChannel
                0x0000000008004c14      0x18c Drivers/STM32F4xx_HAL_Driver/Src/stm32f4xx_hal_tim.o
                0x0000000008004c14                HAL_TIM_PWM_ConfigChannel
 .text.HAL_TIM_ConfigClockSource
                0x0000000008004da0      0x16e Drivers/STM32F4xx_HAL_Driver/Src/stm32f4xx_hal_tim.o
                0x0000000008004da0                HAL_TIM_ConfigClockSource
 *fill*         0x0000000008004f0e        0x2 
 .text.HAL_TIM_ReadCapturedValue
                0x0000000008004f10       0x88 Drivers/STM32F4xx_HAL_Driver/Src/stm32f4xx_hal_tim.o
                0x0000000008004f10                HAL_TIM_ReadCapturedValue
 .text.HAL_TIM_OC_DelayElapsedCallback
                0x0000000008004f98       0x14 Drivers/STM32F4xx_HAL_Driver/Src/stm32f4xx_hal_tim.o
                0x0000000008004f98                HAL_TIM_OC_DelayElapsedCallback
 .text.HAL_TIM_PWM_PulseFinishedCallback
                0x0000000008004fac       0x14 Drivers/STM32F4xx_HAL_Driver/Src/stm32f4xx_hal_tim.o
                0x0000000008004fac                HAL_TIM_PWM_PulseFinishedCallback
 .text.HAL_TIM_TriggerCallback
                0x0000000008004fc0       0x14 Drivers/STM32F4xx_HAL_Driver/Src/stm32f4xx_hal_tim.o
                0x0000000008004fc0                HAL_TIM_TriggerCallback
 .text.TIM_Base_SetConfig
                0x0000000008004fd4      0x140 Drivers/STM32F4xx_HAL_Driver/Src/stm32f4xx_hal_tim.o
                0x0000000008004fd4                TIM_Base_SetConfig
 .text.TIM_OC1_SetConfig
                0x0000000008005114       0xe0 Drivers/STM32F4xx_HAL_Driver/Src/stm32f4xx_hal_tim.o
 .text.TIM_OC2_SetConfig
                0x00000000080051f4       0xec Drivers/STM32F4xx_HAL_Driver/Src/stm32f4xx_hal_tim.o
                0x00000000080051f4                TIM_OC2_SetConfig
 .text.TIM_OC3_SetConfig
                0x00000000080052e0       0xe8 Drivers/STM32F4xx_HAL_Driver/Src/stm32f4xx_hal_tim.o
 .text.TIM_OC4_SetConfig
                0x00000000080053c8       0xac Drivers/STM32F4xx_HAL_Driver/Src/stm32f4xx_hal_tim.o
 .text.TIM_TI1_SetConfig
                0x0000000008005474       0xe8 Drivers/STM32F4xx_HAL_Driver/Src/stm32f4xx_hal_tim.o
                0x0000000008005474                TIM_TI1_SetConfig
 .text.TIM_TI1_ConfigInputStage
                0x000000000800555c       0x5e Drivers/STM32F4xx_HAL_Driver/Src/stm32f4xx_hal_tim.o
 .text.TIM_TI2_SetConfig
                0x00000000080055ba       0x7a Drivers/STM32F4xx_HAL_Driver/Src/stm32f4xx_hal_tim.o
 .text.TIM_TI2_ConfigInputStage
                0x0000000008005634       0x60 Drivers/STM32F4xx_HAL_Driver/Src/stm32f4xx_hal_tim.o
 .text.TIM_TI3_SetConfig
                0x0000000008005694       0x78 Drivers/STM32F4xx_HAL_Driver/Src/stm32f4xx_hal_tim.o
 .text.TIM_TI4_SetConfig
                0x000000000800570c       0x7a Drivers/STM32F4xx_HAL_Driver/Src/stm32f4xx_hal_tim.o
 .text.TIM_ITRx_SetConfig
                0x0000000008005786       0x36 Drivers/STM32F4xx_HAL_Driver/Src/stm32f4xx_hal_tim.o
 .text.TIM_ETR_SetConfig
                0x00000000080057bc       0x40 Drivers/STM32F4xx_HAL_Driver/Src/stm32f4xx_hal_tim.o
                0x00000000080057bc                TIM_ETR_SetConfig
 .text.TIM_CCxChannelCmd
                0x00000000080057fc       0x4a Drivers/STM32F4xx_HAL_Driver/Src/stm32f4xx_hal_tim.o
                0x00000000080057fc                TIM_CCxChannelCmd
 .text.HAL_TIMEx_PWMN_Start
                0x0000000008005846       0x54 Drivers/STM32F4xx_HAL_Driver/Src/stm32f4xx_hal_tim_ex.o
                0x0000000008005846                HAL_TIMEx_PWMN_Start
 *fill*         0x000000000800589a        0x2 
 .text.HAL_TIMEx_MasterConfigSynchronization
                0x000000000800589c       0xf8 Drivers/STM32F4xx_HAL_Driver/Src/stm32f4xx_hal_tim_ex.o
                0x000000000800589c                HAL_TIMEx_MasterConfigSynchronization
 .text.HAL_TIMEx_ConfigBreakDeadTime
                0x0000000008005994       0xa4 Drivers/STM32F4xx_HAL_Driver/Src/stm32f4xx_hal_tim_ex.o
                0x0000000008005994                HAL_TIMEx_ConfigBreakDeadTime
 .text.HAL_TIMEx_CommutCallback
                0x0000000008005a38       0x14 Drivers/STM32F4xx_HAL_Driver/Src/stm32f4xx_hal_tim_ex.o
                0x0000000008005a38                HAL_TIMEx_CommutCallback
 .text.HAL_TIMEx_BreakCallback
                0x0000000008005a4c       0x14 Drivers/STM32F4xx_HAL_Driver/Src/stm32f4xx_hal_tim_ex.o
                0x0000000008005a4c                HAL_TIMEx_BreakCallback
 .text.TIM_CCxNChannelCmd
                0x0000000008005a60       0x4a Drivers/STM32F4xx_HAL_Driver/Src/stm32f4xx_hal_tim_ex.o
 .text.HAL_UART_Init
                0x0000000008005aaa       0x9a Drivers/STM32F4xx_HAL_Driver/Src/stm32f4xx_hal_uart.o
                0x0000000008005aaa                HAL_UART_Init
 .text.HAL_UART_Transmit
                0x0000000008005b44      0x132 Drivers/STM32F4xx_HAL_Driver/Src/stm32f4xx_hal_uart.o
                0x0000000008005b44                HAL_UART_Transmit
 .text.HAL_UART_Receive_IT
                0x0000000008005c76       0xaa Drivers/STM32F4xx_HAL_Driver/Src/stm32f4xx_hal_uart.o
                0x0000000008005c76                HAL_UART_Receive_IT
 .text.HAL_UART_IRQHandler
                0x0000000008005d20      0x200 Drivers/STM32F4xx_HAL_Driver/Src/stm32f4xx_hal_uart.o
                0x0000000008005d20                HAL_UART_IRQHandler
 .text.HAL_UART_TxCpltCallback
                0x0000000008005f20       0x14 Drivers/STM32F4xx_HAL_Driver/Src/stm32f4xx_hal_uart.o
                0x0000000008005f20                HAL_UART_TxCpltCallback
 .text.HAL_UART_ErrorCallback
                0x0000000008005f34       0x14 Drivers/STM32F4xx_HAL_Driver/Src/stm32f4xx_hal_uart.o
                0x0000000008005f34                HAL_UART_ErrorCallback
 .text.UART_WaitOnFlagUntilTimeout
                0x0000000008005f48       0x94 Drivers/STM32F4xx_HAL_Driver/Src/stm32f4xx_hal_uart.o
 .text.UART_EndRxTransfer
                0x0000000008005fdc       0x3c Drivers/STM32F4xx_HAL_Driver/Src/stm32f4xx_hal_uart.o
 .text.UART_DMAAbortOnError
                0x0000000008006018       0x28 Drivers/STM32F4xx_HAL_Driver/Src/stm32f4xx_hal_uart.o
 .text.UART_Transmit_IT
                0x0000000008006040       0xac Drivers/STM32F4xx_HAL_Driver/Src/stm32f4xx_hal_uart.o
 .text.UART_EndTransmit_IT
                0x00000000080060ec       0x30 Drivers/STM32F4xx_HAL_Driver/Src/stm32f4xx_hal_uart.o
 .text.UART_Receive_IT
                0x000000000800611c      0x102 Drivers/STM32F4xx_HAL_Driver/Src/stm32f4xx_hal_uart.o
 *fill*         0x000000000800621e        0x2 
 .text.UART_SetConfig
                0x0000000008006220      0x6f8 Drivers/STM32F4xx_HAL_Driver/Src/stm32f4xx_hal_uart.o
 .text.__errno  0x0000000008006918        0xc d:/stm32cubeide/stm32cubeide_1.3.0/stm32cubeide/plugins/com.st.stm32cube.ide.mcu.externaltools.gnu-tools-for-stm32.7-2018-q2-update.win32_1.0.0.201904181610/tools/bin/../lib/gcc/arm-none-eabi/7.3.1/../../../../arm-none-eabi/lib/thumb/v7e-m/fpv4-sp/hard\libc_nano.a(lib_a-errno.o)
                0x0000000008006918                __errno
 .text.__libc_init_array
                0x0000000008006924       0x48 d:/stm32cubeide/stm32cubeide_1.3.0/stm32cubeide/plugins/com.st.stm32cube.ide.mcu.externaltools.gnu-tools-for-stm32.7-2018-q2-update.win32_1.0.0.201904181610/tools/bin/../lib/gcc/arm-none-eabi/7.3.1/../../../../arm-none-eabi/lib/thumb/v7e-m/fpv4-sp/hard\libc_nano.a(lib_a-init.o)
                0x0000000008006924                __libc_init_array
 .text.memset   0x000000000800696c       0x10 d:/stm32cubeide/stm32cubeide_1.3.0/stm32cubeide/plugins/com.st.stm32cube.ide.mcu.externaltools.gnu-tools-for-stm32.7-2018-q2-update.win32_1.0.0.201904181610/tools/bin/../lib/gcc/arm-none-eabi/7.3.1/../../../../arm-none-eabi/lib/thumb/v7e-m/fpv4-sp/hard\libc_nano.a(lib_a-memset.o)
                0x000000000800696c                memset
 .text.__cvt    0x000000000800697c       0xc2 d:/stm32cubeide/stm32cubeide_1.3.0/stm32cubeide/plugins/com.st.stm32cube.ide.mcu.externaltools.gnu-tools-for-stm32.7-2018-q2-update.win32_1.0.0.201904181610/tools/bin/../lib/gcc/arm-none-eabi/7.3.1/../../../../arm-none-eabi/lib/thumb/v7e-m/fpv4-sp/hard\libc_nano.a(lib_a-nano-vfprintf_float.o)
                0x000000000800697c                __cvt
 .text.__exponent
                0x0000000008006a3e       0x66 d:/stm32cubeide/stm32cubeide_1.3.0/stm32cubeide/plugins/com.st.stm32cube.ide.mcu.externaltools.gnu-tools-for-stm32.7-2018-q2-update.win32_1.0.0.201904181610/tools/bin/../lib/gcc/arm-none-eabi/7.3.1/../../../../arm-none-eabi/lib/thumb/v7e-m/fpv4-sp/hard\libc_nano.a(lib_a-nano-vfprintf_float.o)
                0x0000000008006a3e                __exponent
 .text._printf_float
                0x0000000008006aa4      0x480 d:/stm32cubeide/stm32cubeide_1.3.0/stm32cubeide/plugins/com.st.stm32cube.ide.mcu.externaltools.gnu-tools-for-stm32.7-2018-q2-update.win32_1.0.0.201904181610/tools/bin/../lib/gcc/arm-none-eabi/7.3.1/../../../../arm-none-eabi/lib/thumb/v7e-m/fpv4-sp/hard\libc_nano.a(lib_a-nano-vfprintf_float.o)
                0x0000000008006aa4                _printf_float
 .text._printf_common
                0x0000000008006f24       0xea d:/stm32cubeide/stm32cubeide_1.3.0/stm32cubeide/plugins/com.st.stm32cube.ide.mcu.externaltools.gnu-tools-for-stm32.7-2018-q2-update.win32_1.0.0.201904181610/tools/bin/../lib/gcc/arm-none-eabi/7.3.1/../../../../arm-none-eabi/lib/thumb/v7e-m/fpv4-sp/hard\libc_nano.a(lib_a-nano-vfprintf_i.o)
                0x0000000008006f24                _printf_common
 *fill*         0x000000000800700e        0x2 
 .text._printf_i
                0x0000000008007010      0x224 d:/stm32cubeide/stm32cubeide_1.3.0/stm32cubeide/plugins/com.st.stm32cube.ide.mcu.externaltools.gnu-tools-for-stm32.7-2018-q2-update.win32_1.0.0.201904181610/tools/bin/../lib/gcc/arm-none-eabi/7.3.1/../../../../arm-none-eabi/lib/thumb/v7e-m/fpv4-sp/hard\libc_nano.a(lib_a-nano-vfprintf_i.o)
                0x0000000008007010                _printf_i
 .text.printf   0x0000000008007234       0x30 d:/stm32cubeide/stm32cubeide_1.3.0/stm32cubeide/plugins/com.st.stm32cube.ide.mcu.externaltools.gnu-tools-for-stm32.7-2018-q2-update.win32_1.0.0.201904181610/tools/bin/../lib/gcc/arm-none-eabi/7.3.1/../../../../arm-none-eabi/lib/thumb/v7e-m/fpv4-sp/hard\libc_nano.a(lib_a-printf.o)
                0x0000000008007234                iprintf
                0x0000000008007234                printf
 .text._puts_r  0x0000000008007264       0xb8 d:/stm32cubeide/stm32cubeide_1.3.0/stm32cubeide/plugins/com.st.stm32cube.ide.mcu.externaltools.gnu-tools-for-stm32.7-2018-q2-update.win32_1.0.0.201904181610/tools/bin/../lib/gcc/arm-none-eabi/7.3.1/../../../../arm-none-eabi/lib/thumb/v7e-m/fpv4-sp/hard\libc_nano.a(lib_a-puts.o)
                0x0000000008007264                _puts_r
 .text.puts     0x000000000800731c       0x10 d:/stm32cubeide/stm32cubeide_1.3.0/stm32cubeide/plugins/com.st.stm32cube.ide.mcu.externaltools.gnu-tools-for-stm32.7-2018-q2-update.win32_1.0.0.201904181610/tools/bin/../lib/gcc/arm-none-eabi/7.3.1/../../../../arm-none-eabi/lib/thumb/v7e-m/fpv4-sp/hard\libc_nano.a(lib_a-puts.o)
                0x000000000800731c                puts
 .text.sprintf  0x000000000800732c       0x40 d:/stm32cubeide/stm32cubeide_1.3.0/stm32cubeide/plugins/com.st.stm32cube.ide.mcu.externaltools.gnu-tools-for-stm32.7-2018-q2-update.win32_1.0.0.201904181610/tools/bin/../lib/gcc/arm-none-eabi/7.3.1/../../../../arm-none-eabi/lib/thumb/v7e-m/fpv4-sp/hard\libc_nano.a(lib_a-sprintf.o)
                0x000000000800732c                siprintf
                0x000000000800732c                sprintf
 .text.__swbuf_r
                0x000000000800736c       0xa4 d:/stm32cubeide/stm32cubeide_1.3.0/stm32cubeide/plugins/com.st.stm32cube.ide.mcu.externaltools.gnu-tools-for-stm32.7-2018-q2-update.win32_1.0.0.201904181610/tools/bin/../lib/gcc/arm-none-eabi/7.3.1/../../../../arm-none-eabi/lib/thumb/v7e-m/fpv4-sp/hard\libc_nano.a(lib_a-wbuf.o)
                0x000000000800736c                __swbuf_r
 .text.__swsetup_r
                0x0000000008007410       0xdc d:/stm32cubeide/stm32cubeide_1.3.0/stm32cubeide/plugins/com.st.stm32cube.ide.mcu.externaltools.gnu-tools-for-stm32.7-2018-q2-update.win32_1.0.0.201904181610/tools/bin/../lib/gcc/arm-none-eabi/7.3.1/../../../../arm-none-eabi/lib/thumb/v7e-m/fpv4-sp/hard\libc_nano.a(lib_a-wsetup.o)
                0x0000000008007410                __swsetup_r
 .text.quorem   0x00000000080074ec      0x118 d:/stm32cubeide/stm32cubeide_1.3.0/stm32cubeide/plugins/com.st.stm32cube.ide.mcu.externaltools.gnu-tools-for-stm32.7-2018-q2-update.win32_1.0.0.201904181610/tools/bin/../lib/gcc/arm-none-eabi/7.3.1/../../../../arm-none-eabi/lib/thumb/v7e-m/fpv4-sp/hard\libc_nano.a(lib_a-dtoa.o)
 *fill*         0x0000000008007604        0x4 
 .text._dtoa_r  0x0000000008007608      0xb70 d:/stm32cubeide/stm32cubeide_1.3.0/stm32cubeide/plugins/com.st.stm32cube.ide.mcu.externaltools.gnu-tools-for-stm32.7-2018-q2-update.win32_1.0.0.201904181610/tools/bin/../lib/gcc/arm-none-eabi/7.3.1/../../../../arm-none-eabi/lib/thumb/v7e-m/fpv4-sp/hard\libc_nano.a(lib_a-dtoa.o)
                0x0000000008007608                _dtoa_r
 .text.__sflush_r
                0x0000000008008178      0x10c d:/stm32cubeide/stm32cubeide_1.3.0/stm32cubeide/plugins/com.st.stm32cube.ide.mcu.externaltools.gnu-tools-for-stm32.7-2018-q2-update.win32_1.0.0.201904181610/tools/bin/../lib/gcc/arm-none-eabi/7.3.1/../../../../arm-none-eabi/lib/thumb/v7e-m/fpv4-sp/hard\libc_nano.a(lib_a-fflush.o)
                0x0000000008008178                __sflush_r
 .text._fflush_r
                0x0000000008008284       0x54 d:/stm32cubeide/stm32cubeide_1.3.0/stm32cubeide/plugins/com.st.stm32cube.ide.mcu.externaltools.gnu-tools-for-stm32.7-2018-q2-update.win32_1.0.0.201904181610/tools/bin/../lib/gcc/arm-none-eabi/7.3.1/../../../../arm-none-eabi/lib/thumb/v7e-m/fpv4-sp/hard\libc_nano.a(lib_a-fflush.o)
                0x0000000008008284                _fflush_r
 .text.std      0x00000000080082d8       0x48 d:/stm32cubeide/stm32cubeide_1.3.0/stm32cubeide/plugins/com.st.stm32cube.ide.mcu.externaltools.gnu-tools-for-stm32.7-2018-q2-update.win32_1.0.0.201904181610/tools/bin/../lib/gcc/arm-none-eabi/7.3.1/../../../../arm-none-eabi/lib/thumb/v7e-m/fpv4-sp/hard\libc_nano.a(lib_a-findfp.o)
 .text._cleanup_r
                0x0000000008008320        0xc d:/stm32cubeide/stm32cubeide_1.3.0/stm32cubeide/plugins/com.st.stm32cube.ide.mcu.externaltools.gnu-tools-for-stm32.7-2018-q2-update.win32_1.0.0.201904181610/tools/bin/../lib/gcc/arm-none-eabi/7.3.1/../../../../arm-none-eabi/lib/thumb/v7e-m/fpv4-sp/hard\libc_nano.a(lib_a-findfp.o)
                0x0000000008008320                _cleanup_r
 .text.__sfmoreglue
                0x000000000800832c       0x2c d:/stm32cubeide/stm32cubeide_1.3.0/stm32cubeide/plugins/com.st.stm32cube.ide.mcu.externaltools.gnu-tools-for-stm32.7-2018-q2-update.win32_1.0.0.201904181610/tools/bin/../lib/gcc/arm-none-eabi/7.3.1/../../../../arm-none-eabi/lib/thumb/v7e-m/fpv4-sp/hard\libc_nano.a(lib_a-findfp.o)
                0x000000000800832c                __sfmoreglue
 .text.__sinit  0x0000000008008358       0x60 d:/stm32cubeide/stm32cubeide_1.3.0/stm32cubeide/plugins/com.st.stm32cube.ide.mcu.externaltools.gnu-tools-for-stm32.7-2018-q2-update.win32_1.0.0.201904181610/tools/bin/../lib/gcc/arm-none-eabi/7.3.1/../../../../arm-none-eabi/lib/thumb/v7e-m/fpv4-sp/hard\libc_nano.a(lib_a-findfp.o)
                0x0000000008008358                __sinit
 .text.__sfp    0x00000000080083b8       0x78 d:/stm32cubeide/stm32cubeide_1.3.0/stm32cubeide/plugins/com.st.stm32cube.ide.mcu.externaltools.gnu-tools-for-stm32.7-2018-q2-update.win32_1.0.0.201904181610/tools/bin/../lib/gcc/arm-none-eabi/7.3.1/../../../../arm-none-eabi/lib/thumb/v7e-m/fpv4-sp/hard\libc_nano.a(lib_a-findfp.o)
                0x00000000080083b8                __sfp
 .text._fwalk_reent
                0x0000000008008430       0x3c d:/stm32cubeide/stm32cubeide_1.3.0/stm32cubeide/plugins/com.st.stm32cube.ide.mcu.externaltools.gnu-tools-for-stm32.7-2018-q2-update.win32_1.0.0.201904181610/tools/bin/../lib/gcc/arm-none-eabi/7.3.1/../../../../arm-none-eabi/lib/thumb/v7e-m/fpv4-sp/hard\libc_nano.a(lib_a-fwalk.o)
                0x0000000008008430                _fwalk_reent
 .text._localeconv_r
                0x000000000800846c       0x1c d:/stm32cubeide/stm32cubeide_1.3.0/stm32cubeide/plugins/com.st.stm32cube.ide.mcu.externaltools.gnu-tools-for-stm32.7-2018-q2-update.win32_1.0.0.201904181610/tools/bin/../lib/gcc/arm-none-eabi/7.3.1/../../../../arm-none-eabi/lib/thumb/v7e-m/fpv4-sp/hard\libc_nano.a(lib_a-localeconv.o)
                0x000000000800846c                _localeconv_r
 .text.__swhatbuf_r
                0x0000000008008488       0x48 d:/stm32cubeide/stm32cubeide_1.3.0/stm32cubeide/plugins/com.st.stm32cube.ide.mcu.externaltools.gnu-tools-for-stm32.7-2018-q2-update.win32_1.0.0.201904181610/tools/bin/../lib/gcc/arm-none-eabi/7.3.1/../../../../arm-none-eabi/lib/thumb/v7e-m/fpv4-sp/hard\libc_nano.a(lib_a-makebuf.o)
                0x0000000008008488                __swhatbuf_r
 .text.__smakebuf_r
                0x00000000080084d0       0x80 d:/stm32cubeide/stm32cubeide_1.3.0/stm32cubeide/plugins/com.st.stm32cube.ide.mcu.externaltools.gnu-tools-for-stm32.7-2018-q2-update.win32_1.0.0.201904181610/tools/bin/../lib/gcc/arm-none-eabi/7.3.1/../../../../arm-none-eabi/lib/thumb/v7e-m/fpv4-sp/hard\libc_nano.a(lib_a-makebuf.o)
                0x00000000080084d0                __smakebuf_r
 .text.malloc   0x0000000008008550       0x10 d:/stm32cubeide/stm32cubeide_1.3.0/stm32cubeide/plugins/com.st.stm32cube.ide.mcu.externaltools.gnu-tools-for-stm32.7-2018-q2-update.win32_1.0.0.201904181610/tools/bin/../lib/gcc/arm-none-eabi/7.3.1/../../../../arm-none-eabi/lib/thumb/v7e-m/fpv4-sp/hard\libc_nano.a(lib_a-malloc.o)
                0x0000000008008550                malloc
 .text.memcpy   0x0000000008008560       0x16 d:/stm32cubeide/stm32cubeide_1.3.0/stm32cubeide/plugins/com.st.stm32cube.ide.mcu.externaltools.gnu-tools-for-stm32.7-2018-q2-update.win32_1.0.0.201904181610/tools/bin/../lib/gcc/arm-none-eabi/7.3.1/../../../../arm-none-eabi/lib/thumb/v7e-m/fpv4-sp/hard\libc_nano.a(lib_a-memcpy-stub.o)
                0x0000000008008560                memcpy
 .text._Balloc  0x0000000008008576       0x68 d:/stm32cubeide/stm32cubeide_1.3.0/stm32cubeide/plugins/com.st.stm32cube.ide.mcu.externaltools.gnu-tools-for-stm32.7-2018-q2-update.win32_1.0.0.201904181610/tools/bin/../lib/gcc/arm-none-eabi/7.3.1/../../../../arm-none-eabi/lib/thumb/v7e-m/fpv4-sp/hard\libc_nano.a(lib_a-mprec.o)
                0x0000000008008576                _Balloc
 .text._Bfree   0x00000000080085de       0x2e d:/stm32cubeide/stm32cubeide_1.3.0/stm32cubeide/plugins/com.st.stm32cube.ide.mcu.externaltools.gnu-tools-for-stm32.7-2018-q2-update.win32_1.0.0.201904181610/tools/bin/../lib/gcc/arm-none-eabi/7.3.1/../../../../arm-none-eabi/lib/thumb/v7e-m/fpv4-sp/hard\libc_nano.a(lib_a-mprec.o)
                0x00000000080085de                _Bfree
 .text.__multadd
                0x000000000800860c       0x76 d:/stm32cubeide/stm32cubeide_1.3.0/stm32cubeide/plugins/com.st.stm32cube.ide.mcu.externaltools.gnu-tools-for-stm32.7-2018-q2-update.win32_1.0.0.201904181610/tools/bin/../lib/gcc/arm-none-eabi/7.3.1/../../../../arm-none-eabi/lib/thumb/v7e-m/fpv4-sp/hard\libc_nano.a(lib_a-mprec.o)
                0x000000000800860c                __multadd
 .text.__hi0bits
                0x0000000008008682       0x3e d:/stm32cubeide/stm32cubeide_1.3.0/stm32cubeide/plugins/com.st.stm32cube.ide.mcu.externaltools.gnu-tools-for-stm32.7-2018-q2-update.win32_1.0.0.201904181610/tools/bin/../lib/gcc/arm-none-eabi/7.3.1/../../../../arm-none-eabi/lib/thumb/v7e-m/fpv4-sp/hard\libc_nano.a(lib_a-mprec.o)
                0x0000000008008682                __hi0bits
 .text.__lo0bits
                0x00000000080086c0       0x5e d:/stm32cubeide/stm32cubeide_1.3.0/stm32cubeide/plugins/com.st.stm32cube.ide.mcu.externaltools.gnu-tools-for-stm32.7-2018-q2-update.win32_1.0.0.201904181610/tools/bin/../lib/gcc/arm-none-eabi/7.3.1/../../../../arm-none-eabi/lib/thumb/v7e-m/fpv4-sp/hard\libc_nano.a(lib_a-mprec.o)
                0x00000000080086c0                __lo0bits
 .text.__i2b    0x000000000800871e       0x12 d:/stm32cubeide/stm32cubeide_1.3.0/stm32cubeide/plugins/com.st.stm32cube.ide.mcu.externaltools.gnu-tools-for-stm32.7-2018-q2-update.win32_1.0.0.201904181610/tools/bin/../lib/gcc/arm-none-eabi/7.3.1/../../../../arm-none-eabi/lib/thumb/v7e-m/fpv4-sp/hard\libc_nano.a(lib_a-mprec.o)
                0x000000000800871e                __i2b
 .text.__multiply
                0x0000000008008730      0x12c d:/stm32cubeide/stm32cubeide_1.3.0/stm32cubeide/plugins/com.st.stm32cube.ide.mcu.externaltools.gnu-tools-for-stm32.7-2018-q2-update.win32_1.0.0.201904181610/tools/bin/../lib/gcc/arm-none-eabi/7.3.1/../../../../arm-none-eabi/lib/thumb/v7e-m/fpv4-sp/hard\libc_nano.a(lib_a-mprec.o)
                0x0000000008008730                __multiply
 .text.__pow5mult
                0x000000000800885c       0x9c d:/stm32cubeide/stm32cubeide_1.3.0/stm32cubeide/plugins/com.st.stm32cube.ide.mcu.externaltools.gnu-tools-for-stm32.7-2018-q2-update.win32_1.0.0.201904181610/tools/bin/../lib/gcc/arm-none-eabi/7.3.1/../../../../arm-none-eabi/lib/thumb/v7e-m/fpv4-sp/hard\libc_nano.a(lib_a-mprec.o)
                0x000000000800885c                __pow5mult
 .text.__lshift
                0x00000000080088f8       0xa8 d:/stm32cubeide/stm32cubeide_1.3.0/stm32cubeide/plugins/com.st.stm32cube.ide.mcu.externaltools.gnu-tools-for-stm32.7-2018-q2-update.win32_1.0.0.201904181610/tools/bin/../lib/gcc/arm-none-eabi/7.3.1/../../../../arm-none-eabi/lib/thumb/v7e-m/fpv4-sp/hard\libc_nano.a(lib_a-mprec.o)
                0x00000000080088f8                __lshift
 .text.__mcmp   0x00000000080089a0       0x34 d:/stm32cubeide/stm32cubeide_1.3.0/stm32cubeide/plugins/com.st.stm32cube.ide.mcu.externaltools.gnu-tools-for-stm32.7-2018-q2-update.win32_1.0.0.201904181610/tools/bin/../lib/gcc/arm-none-eabi/7.3.1/../../../../arm-none-eabi/lib/thumb/v7e-m/fpv4-sp/hard\libc_nano.a(lib_a-mprec.o)
                0x00000000080089a0                __mcmp
 .text.__mdiff  0x00000000080089d4       0xba d:/stm32cubeide/stm32cubeide_1.3.0/stm32cubeide/plugins/com.st.stm32cube.ide.mcu.externaltools.gnu-tools-for-stm32.7-2018-q2-update.win32_1.0.0.201904181610/tools/bin/../lib/gcc/arm-none-eabi/7.3.1/../../../../arm-none-eabi/lib/thumb/v7e-m/fpv4-sp/hard\libc_nano.a(lib_a-mprec.o)
                0x00000000080089d4                __mdiff
 .text.__d2b    0x0000000008008a8e       0x9e d:/stm32cubeide/stm32cubeide_1.3.0/stm32cubeide/plugins/com.st.stm32cube.ide.mcu.externaltools.gnu-tools-for-stm32.7-2018-q2-update.win32_1.0.0.201904181610/tools/bin/../lib/gcc/arm-none-eabi/7.3.1/../../../../arm-none-eabi/lib/thumb/v7e-m/fpv4-sp/hard\libc_nano.a(lib_a-mprec.o)
                0x0000000008008a8e                __d2b
 .text._calloc_r
                0x0000000008008b2c       0x1c d:/stm32cubeide/stm32cubeide_1.3.0/stm32cubeide/plugins/com.st.stm32cube.ide.mcu.externaltools.gnu-tools-for-stm32.7-2018-q2-update.win32_1.0.0.201904181610/tools/bin/../lib/gcc/arm-none-eabi/7.3.1/../../../../arm-none-eabi/lib/thumb/v7e-m/fpv4-sp/hard\libc_nano.a(lib_a-nano-callocr.o)
                0x0000000008008b2c                _calloc_r
 .text._free_r  0x0000000008008b48       0x9c d:/stm32cubeide/stm32cubeide_1.3.0/stm32cubeide/plugins/com.st.stm32cube.ide.mcu.externaltools.gnu-tools-for-stm32.7-2018-q2-update.win32_1.0.0.201904181610/tools/bin/../lib/gcc/arm-none-eabi/7.3.1/../../../../arm-none-eabi/lib/thumb/v7e-m/fpv4-sp/hard\libc_nano.a(lib_a-nano-freer.o)
                0x0000000008008b48                _free_r
 .text._malloc_r
                0x0000000008008be4       0xb4 d:/stm32cubeide/stm32cubeide_1.3.0/stm32cubeide/plugins/com.st.stm32cube.ide.mcu.externaltools.gnu-tools-for-stm32.7-2018-q2-update.win32_1.0.0.201904181610/tools/bin/../lib/gcc/arm-none-eabi/7.3.1/../../../../arm-none-eabi/lib/thumb/v7e-m/fpv4-sp/hard\libc_nano.a(lib_a-nano-mallocr.o)
                0x0000000008008be4                _malloc_r
 .text.__ssputs_r
                0x0000000008008c98       0xb4 d:/stm32cubeide/stm32cubeide_1.3.0/stm32cubeide/plugins/com.st.stm32cube.ide.mcu.externaltools.gnu-tools-for-stm32.7-2018-q2-update.win32_1.0.0.201904181610/tools/bin/../lib/gcc/arm-none-eabi/7.3.1/../../../../arm-none-eabi/lib/thumb/v7e-m/fpv4-sp/hard\libc_nano.a(lib_a-nano-svfprintf.o)
                0x0000000008008c98                __ssputs_r
 .text._svfprintf_r
                0x0000000008008d4c      0x1f0 d:/stm32cubeide/stm32cubeide_1.3.0/stm32cubeide/plugins/com.st.stm32cube.ide.mcu.externaltools.gnu-tools-for-stm32.7-2018-q2-update.win32_1.0.0.201904181610/tools/bin/../lib/gcc/arm-none-eabi/7.3.1/../../../../arm-none-eabi/lib/thumb/v7e-m/fpv4-sp/hard\libc_nano.a(lib_a-nano-svfprintf.o)
                0x0000000008008d4c                _svfiprintf_r
                0x0000000008008d4c                _svfprintf_r
 .text.__sfputc_r
                0x0000000008008f3c       0x2e d:/stm32cubeide/stm32cubeide_1.3.0/stm32cubeide/plugins/com.st.stm32cube.ide.mcu.externaltools.gnu-tools-for-stm32.7-2018-q2-update.win32_1.0.0.201904181610/tools/bin/../lib/gcc/arm-none-eabi/7.3.1/../../../../arm-none-eabi/lib/thumb/v7e-m/fpv4-sp/hard\libc_nano.a(lib_a-nano-vfprintf.o)
 .text.__sfputs_r
                0x0000000008008f6a       0x24 d:/stm32cubeide/stm32cubeide_1.3.0/stm32cubeide/plugins/com.st.stm32cube.ide.mcu.externaltools.gnu-tools-for-stm32.7-2018-q2-update.win32_1.0.0.201904181610/tools/bin/../lib/gcc/arm-none-eabi/7.3.1/../../../../arm-none-eabi/lib/thumb/v7e-m/fpv4-sp/hard\libc_nano.a(lib_a-nano-vfprintf.o)
                0x0000000008008f6a                __sfputs_r
 *fill*         0x0000000008008f8e        0x2 
 .text._vfprintf_r
                0x0000000008008f90      0x22c d:/stm32cubeide/stm32cubeide_1.3.0/stm32cubeide/plugins/com.st.stm32cube.ide.mcu.externaltools.gnu-tools-for-stm32.7-2018-q2-update.win32_1.0.0.201904181610/tools/bin/../lib/gcc/arm-none-eabi/7.3.1/../../../../arm-none-eabi/lib/thumb/v7e-m/fpv4-sp/hard\libc_nano.a(lib_a-nano-vfprintf.o)
                0x0000000008008f90                _vfprintf_r
                0x0000000008008f90                _vfiprintf_r
 .text._sbrk_r  0x00000000080091bc       0x20 d:/stm32cubeide/stm32cubeide_1.3.0/stm32cubeide/plugins/com.st.stm32cube.ide.mcu.externaltools.gnu-tools-for-stm32.7-2018-q2-update.win32_1.0.0.201904181610/tools/bin/../lib/gcc/arm-none-eabi/7.3.1/../../../../arm-none-eabi/lib/thumb/v7e-m/fpv4-sp/hard\libc_nano.a(lib_a-sbrkr.o)
                0x00000000080091bc                _sbrk_r
 .text.__sread  0x00000000080091dc       0x22 d:/stm32cubeide/stm32cubeide_1.3.0/stm32cubeide/plugins/com.st.stm32cube.ide.mcu.externaltools.gnu-tools-for-stm32.7-2018-q2-update.win32_1.0.0.201904181610/tools/bin/../lib/gcc/arm-none-eabi/7.3.1/../../../../arm-none-eabi/lib/thumb/v7e-m/fpv4-sp/hard\libc_nano.a(lib_a-stdio.o)
                0x00000000080091dc                __sread
 .text.__swrite
                0x00000000080091fe       0x38 d:/stm32cubeide/stm32cubeide_1.3.0/stm32cubeide/plugins/com.st.stm32cube.ide.mcu.externaltools.gnu-tools-for-stm32.7-2018-q2-update.win32_1.0.0.201904181610/tools/bin/../lib/gcc/arm-none-eabi/7.3.1/../../../../arm-none-eabi/lib/thumb/v7e-m/fpv4-sp/hard\libc_nano.a(lib_a-stdio.o)
                0x00000000080091fe                __swrite
 .text.__sseek  0x0000000008009236       0x24 d:/stm32cubeide/stm32cubeide_1.3.0/stm32cubeide/plugins/com.st.stm32cube.ide.mcu.externaltools.gnu-tools-for-stm32.7-2018-q2-update.win32_1.0.0.201904181610/tools/bin/../lib/gcc/arm-none-eabi/7.3.1/../../../../arm-none-eabi/lib/thumb/v7e-m/fpv4-sp/hard\libc_nano.a(lib_a-stdio.o)
                0x0000000008009236                __sseek
 .text.__sclose
                0x000000000800925a        0x8 d:/stm32cubeide/stm32cubeide_1.3.0/stm32cubeide/plugins/com.st.stm32cube.ide.mcu.externaltools.gnu-tools-for-stm32.7-2018-q2-update.win32_1.0.0.201904181610/tools/bin/../lib/gcc/arm-none-eabi/7.3.1/../../../../arm-none-eabi/lib/thumb/v7e-m/fpv4-sp/hard\libc_nano.a(lib_a-stdio.o)
                0x000000000800925a                __sclose
 *fill*         0x0000000008009262        0x2 
 .text._write_r
                0x0000000008009264       0x24 d:/stm32cubeide/stm32cubeide_1.3.0/stm32cubeide/plugins/com.st.stm32cube.ide.mcu.externaltools.gnu-tools-for-stm32.7-2018-q2-update.win32_1.0.0.201904181610/tools/bin/../lib/gcc/arm-none-eabi/7.3.1/../../../../arm-none-eabi/lib/thumb/v7e-m/fpv4-sp/hard\libc_nano.a(lib_a-writer.o)
                0x0000000008009264                _write_r
 .text._close_r
                0x0000000008009288       0x20 d:/stm32cubeide/stm32cubeide_1.3.0/stm32cubeide/plugins/com.st.stm32cube.ide.mcu.externaltools.gnu-tools-for-stm32.7-2018-q2-update.win32_1.0.0.201904181610/tools/bin/../lib/gcc/arm-none-eabi/7.3.1/../../../../arm-none-eabi/lib/thumb/v7e-m/fpv4-sp/hard\libc_nano.a(lib_a-closer.o)
                0x0000000008009288                _close_r
 .text._fstat_r
                0x00000000080092a8       0x24 d:/stm32cubeide/stm32cubeide_1.3.0/stm32cubeide/plugins/com.st.stm32cube.ide.mcu.externaltools.gnu-tools-for-stm32.7-2018-q2-update.win32_1.0.0.201904181610/tools/bin/../lib/gcc/arm-none-eabi/7.3.1/../../../../arm-none-eabi/lib/thumb/v7e-m/fpv4-sp/hard\libc_nano.a(lib_a-fstatr.o)
                0x00000000080092a8                _fstat_r
 .text._isatty_r
                0x00000000080092cc       0x20 d:/stm32cubeide/stm32cubeide_1.3.0/stm32cubeide/plugins/com.st.stm32cube.ide.mcu.externaltools.gnu-tools-for-stm32.7-2018-q2-update.win32_1.0.0.201904181610/tools/bin/../lib/gcc/arm-none-eabi/7.3.1/../../../../arm-none-eabi/lib/thumb/v7e-m/fpv4-sp/hard\libc_nano.a(lib_a-isattyr.o)
                0x00000000080092cc                _isatty_r
 .text._lseek_r
                0x00000000080092ec       0x24 d:/stm32cubeide/stm32cubeide_1.3.0/stm32cubeide/plugins/com.st.stm32cube.ide.mcu.externaltools.gnu-tools-for-stm32.7-2018-q2-update.win32_1.0.0.201904181610/tools/bin/../lib/gcc/arm-none-eabi/7.3.1/../../../../arm-none-eabi/lib/thumb/v7e-m/fpv4-sp/hard\libc_nano.a(lib_a-lseekr.o)
                0x00000000080092ec                _lseek_r
 .text.__ascii_mbtowc
                0x0000000008009310       0x24 d:/stm32cubeide/stm32cubeide_1.3.0/stm32cubeide/plugins/com.st.stm32cube.ide.mcu.externaltools.gnu-tools-for-stm32.7-2018-q2-update.win32_1.0.0.201904181610/tools/bin/../lib/gcc/arm-none-eabi/7.3.1/../../../../arm-none-eabi/lib/thumb/v7e-m/fpv4-sp/hard\libc_nano.a(lib_a-mbtowc_r.o)
                0x0000000008009310                __ascii_mbtowc
 .text.memmove  0x0000000008009334       0x32 d:/stm32cubeide/stm32cubeide_1.3.0/stm32cubeide/plugins/com.st.stm32cube.ide.mcu.externaltools.gnu-tools-for-stm32.7-2018-q2-update.win32_1.0.0.201904181610/tools/bin/../lib/gcc/arm-none-eabi/7.3.1/../../../../arm-none-eabi/lib/thumb/v7e-m/fpv4-sp/hard\libc_nano.a(lib_a-memmove.o)
                0x0000000008009334                memmove
 .text.__malloc_lock
                0x0000000008009366        0x2 d:/stm32cubeide/stm32cubeide_1.3.0/stm32cubeide/plugins/com.st.stm32cube.ide.mcu.externaltools.gnu-tools-for-stm32.7-2018-q2-update.win32_1.0.0.201904181610/tools/bin/../lib/gcc/arm-none-eabi/7.3.1/../../../../arm-none-eabi/lib/thumb/v7e-m/fpv4-sp/hard\libc_nano.a(lib_a-mlock.o)
                0x0000000008009366                __malloc_lock
 .text.__malloc_unlock
                0x0000000008009368        0x2 d:/stm32cubeide/stm32cubeide_1.3.0/stm32cubeide/plugins/com.st.stm32cube.ide.mcu.externaltools.gnu-tools-for-stm32.7-2018-q2-update.win32_1.0.0.201904181610/tools/bin/../lib/gcc/arm-none-eabi/7.3.1/../../../../arm-none-eabi/lib/thumb/v7e-m/fpv4-sp/hard\libc_nano.a(lib_a-mlock.o)
                0x0000000008009368                __malloc_unlock
 .text._realloc_r
                0x000000000800936a       0x4c d:/stm32cubeide/stm32cubeide_1.3.0/stm32cubeide/plugins/com.st.stm32cube.ide.mcu.externaltools.gnu-tools-for-stm32.7-2018-q2-update.win32_1.0.0.201904181610/tools/bin/../lib/gcc/arm-none-eabi/7.3.1/../../../../arm-none-eabi/lib/thumb/v7e-m/fpv4-sp/hard\libc_nano.a(lib_a-nano-reallocr.o)
                0x000000000800936a                _realloc_r
 *fill*         0x00000000080093b6        0x2 
 .text._read_r  0x00000000080093b8       0x24 d:/stm32cubeide/stm32cubeide_1.3.0/stm32cubeide/plugins/com.st.stm32cube.ide.mcu.externaltools.gnu-tools-for-stm32.7-2018-q2-update.win32_1.0.0.201904181610/tools/bin/../lib/gcc/arm-none-eabi/7.3.1/../../../../arm-none-eabi/lib/thumb/v7e-m/fpv4-sp/hard\libc_nano.a(lib_a-readr.o)
                0x00000000080093b8                _read_r
 .text.__ascii_wctomb
                0x00000000080093dc       0x1a d:/stm32cubeide/stm32cubeide_1.3.0/stm32cubeide/plugins/com.st.stm32cube.ide.mcu.externaltools.gnu-tools-for-stm32.7-2018-q2-update.win32_1.0.0.201904181610/tools/bin/../lib/gcc/arm-none-eabi/7.3.1/../../../../arm-none-eabi/lib/thumb/v7e-m/fpv4-sp/hard\libc_nano.a(lib_a-wctomb_r.o)
                0x00000000080093dc                __ascii_wctomb
 .text._malloc_usable_size_r
                0x00000000080093f6       0x10 d:/stm32cubeide/stm32cubeide_1.3.0/stm32cubeide/plugins/com.st.stm32cube.ide.mcu.externaltools.gnu-tools-for-stm32.7-2018-q2-update.win32_1.0.0.201904181610/tools/bin/../lib/gcc/arm-none-eabi/7.3.1/../../../../arm-none-eabi/lib/thumb/v7e-m/fpv4-sp/hard\libc_nano.a(lib_a-nano-msizer.o)
                0x00000000080093f6                _malloc_usable_size_r
 *(.glue_7)
 .glue_7        0x0000000008009406        0x0 linker stubs
 *(.glue_7t)
 .glue_7t       0x0000000008009406        0x0 linker stubs
 *(.eh_frame)
 *fill*         0x0000000008009406        0x2 
 .eh_frame      0x0000000008009408        0x0 d:/stm32cubeide/stm32cubeide_1.3.0/stm32cubeide/plugins/com.st.stm32cube.ide.mcu.externaltools.gnu-tools-for-stm32.7-2018-q2-update.win32_1.0.0.201904181610/tools/bin/../lib/gcc/arm-none-eabi/7.3.1/thumb/v7e-m/fpv4-sp/hard/crtbegin.o
 *(.init)
 .init          0x0000000008009408        0x4 d:/stm32cubeide/stm32cubeide_1.3.0/stm32cubeide/plugins/com.st.stm32cube.ide.mcu.externaltools.gnu-tools-for-stm32.7-2018-q2-update.win32_1.0.0.201904181610/tools/bin/../lib/gcc/arm-none-eabi/7.3.1/thumb/v7e-m/fpv4-sp/hard/crti.o
                0x0000000008009408                _init
 .init          0x000000000800940c        0x8 d:/stm32cubeide/stm32cubeide_1.3.0/stm32cubeide/plugins/com.st.stm32cube.ide.mcu.externaltools.gnu-tools-for-stm32.7-2018-q2-update.win32_1.0.0.201904181610/tools/bin/../lib/gcc/arm-none-eabi/7.3.1/thumb/v7e-m/fpv4-sp/hard/crtn.o
 *(.fini)
 .fini          0x0000000008009414        0x4 d:/stm32cubeide/stm32cubeide_1.3.0/stm32cubeide/plugins/com.st.stm32cube.ide.mcu.externaltools.gnu-tools-for-stm32.7-2018-q2-update.win32_1.0.0.201904181610/tools/bin/../lib/gcc/arm-none-eabi/7.3.1/thumb/v7e-m/fpv4-sp/hard/crti.o
                0x0000000008009414                _fini
 .fini          0x0000000008009418        0x8 d:/stm32cubeide/stm32cubeide_1.3.0/stm32cubeide/plugins/com.st.stm32cube.ide.mcu.externaltools.gnu-tools-for-stm32.7-2018-q2-update.win32_1.0.0.201904181610/tools/bin/../lib/gcc/arm-none-eabi/7.3.1/thumb/v7e-m/fpv4-sp/hard/crtn.o
                0x0000000008009420                . = ALIGN (0x4)
                0x0000000008009420                _etext = .

.vfp11_veneer   0x0000000008009420        0x0
 .vfp11_veneer  0x0000000008009420        0x0 linker stubs

.v4_bx          0x0000000008009420        0x0
 .v4_bx         0x0000000008009420        0x0 linker stubs

.iplt           0x0000000008009420        0x0
 .iplt          0x0000000008009420        0x0 d:/stm32cubeide/stm32cubeide_1.3.0/stm32cubeide/plugins/com.st.stm32cube.ide.mcu.externaltools.gnu-tools-for-stm32.7-2018-q2-update.win32_1.0.0.201904181610/tools/bin/../lib/gcc/arm-none-eabi/7.3.1/thumb/v7e-m/fpv4-sp/hard/crtbegin.o

.rodata         0x0000000008009420      0x3c8
                0x0000000008009420                . = ALIGN (0x4)
 *(.rodata)
 .rodata        0x0000000008009420       0x70 Core/Src/main.o
 .rodata        0x0000000008009490       0x71 Core/USER/WIFI/wifi.o
 *(.rodata*)
 *fill*         0x0000000008009501        0x3 
 .rodata.AHBPrescTable
                0x0000000008009504       0x10 Core/Src/system_stm32f4xx.o
                0x0000000008009504                AHBPrescTable
 .rodata.APBPrescTable
                0x0000000008009514        0x8 Core/Src/system_stm32f4xx.o
                0x0000000008009514                APBPrescTable
 .rodata.flagBitshiftOffset.8253
                0x000000000800951c        0x8 Drivers/STM32F4xx_HAL_Driver/Src/stm32f4xx_hal_dma.o
 .rodata._global_impure_ptr
                0x0000000008009524        0x4 d:/stm32cubeide/stm32cubeide_1.3.0/stm32cubeide/plugins/com.st.stm32cube.ide.mcu.externaltools.gnu-tools-for-stm32.7-2018-q2-update.win32_1.0.0.201904181610/tools/bin/../lib/gcc/arm-none-eabi/7.3.1/../../../../arm-none-eabi/lib/thumb/v7e-m/fpv4-sp/hard\libc_nano.a(lib_a-impure.o)
                0x0000000008009524                _global_impure_ptr
 .rodata._printf_float.str1.1
                0x0000000008009528       0x12 d:/stm32cubeide/stm32cubeide_1.3.0/stm32cubeide/plugins/com.st.stm32cube.ide.mcu.externaltools.gnu-tools-for-stm32.7-2018-q2-update.win32_1.0.0.201904181610/tools/bin/../lib/gcc/arm-none-eabi/7.3.1/../../../../arm-none-eabi/lib/thumb/v7e-m/fpv4-sp/hard\libc_nano.a(lib_a-nano-vfprintf_float.o)
 .rodata._printf_i.str1.1
                0x000000000800953a       0x22 d:/stm32cubeide/stm32cubeide_1.3.0/stm32cubeide/plugins/com.st.stm32cube.ide.mcu.externaltools.gnu-tools-for-stm32.7-2018-q2-update.win32_1.0.0.201904181610/tools/bin/../lib/gcc/arm-none-eabi/7.3.1/../../../../arm-none-eabi/lib/thumb/v7e-m/fpv4-sp/hard\libc_nano.a(lib_a-nano-vfprintf_i.o)
 .rodata._dtoa_r.str1.1
                0x000000000800955c        0xd d:/stm32cubeide/stm32cubeide_1.3.0/stm32cubeide/plugins/com.st.stm32cube.ide.mcu.externaltools.gnu-tools-for-stm32.7-2018-q2-update.win32_1.0.0.201904181610/tools/bin/../lib/gcc/arm-none-eabi/7.3.1/../../../../arm-none-eabi/lib/thumb/v7e-m/fpv4-sp/hard\libc_nano.a(lib_a-dtoa.o)
                                          0xf (size before relaxing)
 *fill*         0x0000000008009569        0x3 
 .rodata.__sf_fake_stderr
                0x000000000800956c       0x20 d:/stm32cubeide/stm32cubeide_1.3.0/stm32cubeide/plugins/com.st.stm32cube.ide.mcu.externaltools.gnu-tools-for-stm32.7-2018-q2-update.win32_1.0.0.201904181610/tools/bin/../lib/gcc/arm-none-eabi/7.3.1/../../../../arm-none-eabi/lib/thumb/v7e-m/fpv4-sp/hard\libc_nano.a(lib_a-findfp.o)
                0x000000000800956c                __sf_fake_stderr
 .rodata.__sf_fake_stdin
                0x000000000800958c       0x20 d:/stm32cubeide/stm32cubeide_1.3.0/stm32cubeide/plugins/com.st.stm32cube.ide.mcu.externaltools.gnu-tools-for-stm32.7-2018-q2-update.win32_1.0.0.201904181610/tools/bin/../lib/gcc/arm-none-eabi/7.3.1/../../../../arm-none-eabi/lib/thumb/v7e-m/fpv4-sp/hard\libc_nano.a(lib_a-findfp.o)
                0x000000000800958c                __sf_fake_stdin
 .rodata.__sf_fake_stdout
                0x00000000080095ac       0x20 d:/stm32cubeide/stm32cubeide_1.3.0/stm32cubeide/plugins/com.st.stm32cube.ide.mcu.externaltools.gnu-tools-for-stm32.7-2018-q2-update.win32_1.0.0.201904181610/tools/bin/../lib/gcc/arm-none-eabi/7.3.1/../../../../arm-none-eabi/lib/thumb/v7e-m/fpv4-sp/hard\libc_nano.a(lib_a-findfp.o)
                0x00000000080095ac                __sf_fake_stdout
 *fill*         0x00000000080095cc        0x4 
 .rodata.__mprec_bigtens
                0x00000000080095d0       0x28 d:/stm32cubeide/stm32cubeide_1.3.0/stm32cubeide/plugins/com.st.stm32cube.ide.mcu.externaltools.gnu-tools-for-stm32.7-2018-q2-update.win32_1.0.0.201904181610/tools/bin/../lib/gcc/arm-none-eabi/7.3.1/../../../../arm-none-eabi/lib/thumb/v7e-m/fpv4-sp/hard\libc_nano.a(lib_a-mprec.o)
                0x00000000080095d0                __mprec_bigtens
 .rodata.__mprec_tens
                0x00000000080095f8       0xc8 d:/stm32cubeide/stm32cubeide_1.3.0/stm32cubeide/plugins/com.st.stm32cube.ide.mcu.externaltools.gnu-tools-for-stm32.7-2018-q2-update.win32_1.0.0.201904181610/tools/bin/../lib/gcc/arm-none-eabi/7.3.1/../../../../arm-none-eabi/lib/thumb/v7e-m/fpv4-sp/hard\libc_nano.a(lib_a-mprec.o)
                0x00000000080095f8                __mprec_tens
 .rodata.p05.7359
                0x00000000080096c0        0xc d:/stm32cubeide/stm32cubeide_1.3.0/stm32cubeide/plugins/com.st.stm32cube.ide.mcu.externaltools.gnu-tools-for-stm32.7-2018-q2-update.win32_1.0.0.201904181610/tools/bin/../lib/gcc/arm-none-eabi/7.3.1/../../../../arm-none-eabi/lib/thumb/v7e-m/fpv4-sp/hard\libc_nano.a(lib_a-mprec.o)
 .rodata._svfprintf_r.str1.1
                0x00000000080096cc       0x11 d:/stm32cubeide/stm32cubeide_1.3.0/stm32cubeide/plugins/com.st.stm32cube.ide.mcu.externaltools.gnu-tools-for-stm32.7-2018-q2-update.win32_1.0.0.201904181610/tools/bin/../lib/gcc/arm-none-eabi/7.3.1/../../../../arm-none-eabi/lib/thumb/v7e-m/fpv4-sp/hard\libc_nano.a(lib_a-nano-svfprintf.o)
 .rodata._vfprintf_r.str1.1
                0x00000000080096dd       0x11 d:/stm32cubeide/stm32cubeide_1.3.0/stm32cubeide/plugins/com.st.stm32cube.ide.mcu.externaltools.gnu-tools-for-stm32.7-2018-q2-update.win32_1.0.0.201904181610/tools/bin/../lib/gcc/arm-none-eabi/7.3.1/../../../../arm-none-eabi/lib/thumb/v7e-m/fpv4-sp/hard\libc_nano.a(lib_a-nano-vfprintf.o)
 .rodata._setlocale_r.str1.1
                0x00000000080096dd        0x8 d:/stm32cubeide/stm32cubeide_1.3.0/stm32cubeide/plugins/com.st.stm32cube.ide.mcu.externaltools.gnu-tools-for-stm32.7-2018-q2-update.win32_1.0.0.201904181610/tools/bin/../lib/gcc/arm-none-eabi/7.3.1/../../../../arm-none-eabi/lib/thumb/v7e-m/fpv4-sp/hard\libc_nano.a(lib_a-locale.o)
                                          0x9 (size before relaxing)
 .rodata.str1.1
                0x00000000080096e5        0x2 d:/stm32cubeide/stm32cubeide_1.3.0/stm32cubeide/plugins/com.st.stm32cube.ide.mcu.externaltools.gnu-tools-for-stm32.7-2018-q2-update.win32_1.0.0.201904181610/tools/bin/../lib/gcc/arm-none-eabi/7.3.1/../../../../arm-none-eabi/lib/thumb/v7e-m/fpv4-sp/hard\libc_nano.a(lib_a-locale.o)
 .rodata._ctype_
                0x00000000080096e7      0x101 d:/stm32cubeide/stm32cubeide_1.3.0/stm32cubeide/plugins/com.st.stm32cube.ide.mcu.externaltools.gnu-tools-for-stm32.7-2018-q2-update.win32_1.0.0.201904181610/tools/bin/../lib/gcc/arm-none-eabi/7.3.1/../../../../arm-none-eabi/lib/thumb/v7e-m/fpv4-sp/hard\libc_nano.a(lib_a-ctype_.o)
                0x00000000080096e7                _ctype_
                0x00000000080097e8                . = ALIGN (0x4)

.ARM.extab      0x00000000080097e8        0x0
                0x00000000080097e8                . = ALIGN (0x4)
 *(.ARM.extab* .gnu.linkonce.armextab.*)
                0x00000000080097e8                . = ALIGN (0x4)

.ARM            0x00000000080097e8        0x8
                0x00000000080097e8                . = ALIGN (0x4)
                0x00000000080097e8                __exidx_start = .
 *(.ARM.exidx*)
 .ARM.exidx     0x00000000080097e8        0x8 d:/stm32cubeide/stm32cubeide_1.3.0/stm32cubeide/plugins/com.st.stm32cube.ide.mcu.externaltools.gnu-tools-for-stm32.7-2018-q2-update.win32_1.0.0.201904181610/tools/bin/../lib/gcc/arm-none-eabi/7.3.1/thumb/v7e-m/fpv4-sp/hard\libgcc.a(_udivmoddi4.o)
                0x00000000080097f0                __exidx_end = .
                0x00000000080097f0                . = ALIGN (0x4)

.rel.dyn        0x00000000080097f0        0x0
 .rel.iplt      0x00000000080097f0        0x0 d:/stm32cubeide/stm32cubeide_1.3.0/stm32cubeide/plugins/com.st.stm32cube.ide.mcu.externaltools.gnu-tools-for-stm32.7-2018-q2-update.win32_1.0.0.201904181610/tools/bin/../lib/gcc/arm-none-eabi/7.3.1/thumb/v7e-m/fpv4-sp/hard/crtbegin.o

.preinit_array  0x00000000080097f0        0x0
                0x00000000080097f0                . = ALIGN (0x4)
                0x00000000080097f0                PROVIDE (__preinit_array_start = .)
 *(.preinit_array*)
                0x00000000080097f0                PROVIDE (__preinit_array_end = .)
                0x00000000080097f0                . = ALIGN (0x4)

.init_array     0x00000000080097f0        0x4
                0x00000000080097f0                . = ALIGN (0x4)
                0x00000000080097f0                PROVIDE (__init_array_start = .)
 *(SORT_BY_NAME(.init_array.*))
 *(.init_array*)
 .init_array    0x00000000080097f0        0x4 d:/stm32cubeide/stm32cubeide_1.3.0/stm32cubeide/plugins/com.st.stm32cube.ide.mcu.externaltools.gnu-tools-for-stm32.7-2018-q2-update.win32_1.0.0.201904181610/tools/bin/../lib/gcc/arm-none-eabi/7.3.1/thumb/v7e-m/fpv4-sp/hard/crtbegin.o
                0x00000000080097f4                PROVIDE (__init_array_end = .)
                0x00000000080097f4                . = ALIGN (0x4)

.fini_array     0x00000000080097f4        0x4
                0x00000000080097f4                . = ALIGN (0x4)
                [!provide]                        PROVIDE (__fini_array_start = .)
 *(SORT_BY_NAME(.fini_array.*))
 *(.fini_array*)
 .fini_array    0x00000000080097f4        0x4 d:/stm32cubeide/stm32cubeide_1.3.0/stm32cubeide/plugins/com.st.stm32cube.ide.mcu.externaltools.gnu-tools-for-stm32.7-2018-q2-update.win32_1.0.0.201904181610/tools/bin/../lib/gcc/arm-none-eabi/7.3.1/thumb/v7e-m/fpv4-sp/hard/crtbegin.o
                [!provide]                        PROVIDE (__fini_array_end = .)
                0x00000000080097f8                . = ALIGN (0x4)
                0x00000000080097f8                _sidata = LOADADDR (.data)

.data           0x0000000020000000      0x1e4 load address 0x00000000080097f8
                0x0000000020000000                . = ALIGN (0x4)
                0x0000000020000000                _sdata = .
 *(.data)
 *(.data*)
 .data.Up_Flag  0x0000000020000000        0x1 Core/Src/main.o
                0x0000000020000000                Up_Flag
 *fill*         0x0000000020000001        0x1 
 .data.Pwm_Boost_CompareValue
                0x0000000020000002        0x2 Core/Src/main.o
                0x0000000020000002                Pwm_Boost_CompareValue
 .data.Pwm_Motor_CompareValue
                0x0000000020000004        0x2 Core/Src/main.o
                0x0000000020000004                Pwm_Motor_CompareValue
 *fill*         0x0000000020000006        0x2 
 .data.SystemCoreClock
                0x0000000020000008        0x4 Core/Src/system_stm32f4xx.o
                0x0000000020000008                SystemCoreClock
 .data.uwTickPrio
                0x000000002000000c        0x4 Drivers/STM32F4xx_HAL_Driver/Src/stm32f4xx_hal.o
                0x000000002000000c                uwTickPrio
 .data.uwTickFreq
                0x0000000020000010        0x1 Drivers/STM32F4xx_HAL_Driver/Src/stm32f4xx_hal.o
                0x0000000020000010                uwTickFreq
 *fill*         0x0000000020000011        0x3 
 .data._impure_ptr
                0x0000000020000014        0x4 d:/stm32cubeide/stm32cubeide_1.3.0/stm32cubeide/plugins/com.st.stm32cube.ide.mcu.externaltools.gnu-tools-for-stm32.7-2018-q2-update.win32_1.0.0.201904181610/tools/bin/../lib/gcc/arm-none-eabi/7.3.1/../../../../arm-none-eabi/lib/thumb/v7e-m/fpv4-sp/hard\libc_nano.a(lib_a-impure.o)
                0x0000000020000014                _impure_ptr
 .data.impure_data
                0x0000000020000018       0x60 d:/stm32cubeide/stm32cubeide_1.3.0/stm32cubeide/plugins/com.st.stm32cube.ide.mcu.externaltools.gnu-tools-for-stm32.7-2018-q2-update.win32_1.0.0.201904181610/tools/bin/../lib/gcc/arm-none-eabi/7.3.1/../../../../arm-none-eabi/lib/thumb/v7e-m/fpv4-sp/hard\libc_nano.a(lib_a-impure.o)
 .data.__global_locale
                0x0000000020000078      0x16c d:/stm32cubeide/stm32cubeide_1.3.0/stm32cubeide/plugins/com.st.stm32cube.ide.mcu.externaltools.gnu-tools-for-stm32.7-2018-q2-update.win32_1.0.0.201904181610/tools/bin/../lib/gcc/arm-none-eabi/7.3.1/../../../../arm-none-eabi/lib/thumb/v7e-m/fpv4-sp/hard\libc_nano.a(lib_a-locale.o)
                0x0000000020000078                __global_locale
                0x00000000200001e4                . = ALIGN (0x4)
                0x00000000200001e4                _edata = .

.igot.plt       0x00000000200001e4        0x0 load address 0x00000000080099dc
 .igot.plt      0x00000000200001e4        0x0 d:/stm32cubeide/stm32cubeide_1.3.0/stm32cubeide/plugins/com.st.stm32cube.ide.mcu.externaltools.gnu-tools-for-stm32.7-2018-q2-update.win32_1.0.0.201904181610/tools/bin/../lib/gcc/arm-none-eabi/7.3.1/thumb/v7e-m/fpv4-sp/hard/crtbegin.o
                0x00000000200001e4                . = ALIGN (0x4)

.bss            0x00000000200001e4      0xa10 load address 0x00000000080099dc
                0x00000000200001e4                _sbss = .
                0x00000000200001e4                __bss_start__ = _sbss
 *(.bss)
 .bss           0x00000000200001e4       0x1c d:/stm32cubeide/stm32cubeide_1.3.0/stm32cubeide/plugins/com.st.stm32cube.ide.mcu.externaltools.gnu-tools-for-stm32.7-2018-q2-update.win32_1.0.0.201904181610/tools/bin/../lib/gcc/arm-none-eabi/7.3.1/thumb/v7e-m/fpv4-sp/hard/crtbegin.o
 *(.bss*)
 .bss.heap_end.6424
                0x0000000020000200        0x4 Core/Src/sysmem.o
 .bss.Dma_DataDeal_Flag
                0x0000000020000204        0x1 Core/USER/ADC/AdcDma.o
                0x0000000020000204                Dma_DataDeal_Flag
 .bss.TIM5CH1_CAPTURE_STA
                0x0000000020000205        0x1 Core/USER/InputCap/inputcap.o
                0x0000000020000205                TIM5CH1_CAPTURE_STA
 .bss.DownEdgeFlag
                0x0000000020000206        0x1 Core/USER/InputCap/inputcap.o
                0x0000000020000206                DownEdgeFlag
 *fill*         0x0000000020000207        0x1 
 .bss.Cycle     0x0000000020000208        0x4 Core/USER/InputCap/inputcap.o
                0x0000000020000208                Cycle
 .bss.Width     0x000000002000020c        0x4 Core/USER/InputCap/inputcap.o
                0x000000002000020c                Width
 .bss.Times     0x0000000020000210        0x4 Core/USER/InputCap/inputcap.o
                0x0000000020000210                Times
 .bss.Times_Buffer
                0x0000000020000214        0x4 Core/USER/InputCap/inputcap.o
                0x0000000020000214                Times_Buffer
 .bss.Uart1_Rx_Buffer
                0x0000000020000218       0x64 Core/USER/WIFI/wifi.o
                0x0000000020000218                Uart1_Rx_Buffer
 .bss.Wifi_Command_Buffer
                0x000000002000027c       0x64 Core/USER/WIFI/wifi.o
                0x000000002000027c                Wifi_Command_Buffer
 .bss.Rx_Buffer_Size
                0x00000000200002e0        0x1 Core/USER/WIFI/wifi.o
                0x00000000200002e0                Rx_Buffer_Size
 .bss.Rx_Line_Flag
                0x00000000200002e1        0x1 Core/USER/WIFI/wifi.o
                0x00000000200002e1                Rx_Line_Flag
 .bss.Wifi_Get_Command_Flag
                0x00000000200002e2        0x1 Core/USER/WIFI/wifi.o
                0x00000000200002e2                Wifi_Get_Command_Flag
 *fill*         0x00000000200002e3        0x1 
 .bss.__malloc_free_list
                0x00000000200002e4        0x4 d:/stm32cubeide/stm32cubeide_1.3.0/stm32cubeide/plugins/com.st.stm32cube.ide.mcu.externaltools.gnu-tools-for-stm32.7-2018-q2-update.win32_1.0.0.201904181610/tools/bin/../lib/gcc/arm-none-eabi/7.3.1/../../../../arm-none-eabi/lib/thumb/v7e-m/fpv4-sp/hard\libc_nano.a(lib_a-nano-mallocr.o)
                0x00000000200002e4                __malloc_free_list
 .bss.__malloc_sbrk_start
                0x00000000200002e8        0x4 d:/stm32cubeide/stm32cubeide_1.3.0/stm32cubeide/plugins/com.st.stm32cube.ide.mcu.externaltools.gnu-tools-for-stm32.7-2018-q2-update.win32_1.0.0.201904181610/tools/bin/../lib/gcc/arm-none-eabi/7.3.1/../../../../arm-none-eabi/lib/thumb/v7e-m/fpv4-sp/hard\libc_nano.a(lib_a-nano-mallocr.o)
                0x00000000200002e8                __malloc_sbrk_start
 *(COMMON)
 COMMON         0x00000000200002ec       0xa8 Core/Src/adc.o
                0x00000000200002ec                hadc1
                0x0000000020000334                hdma_adc1
 COMMON         0x0000000020000394      0x100 Core/Src/tim.o
                0x0000000020000394                htim8
                0x00000000200003d4                htim3
                0x0000000020000414                htim1
                0x0000000020000454                htim2
 COMMON         0x0000000020000494       0x40 Core/Src/usart.o
                0x0000000020000494                huart1
 COMMON         0x00000000200004d4      0x648 Core/USER/ADC/AdcDma.o
                0x00000000200004d4                ADC_ValueAverage
                0x00000000200004dc                ADC_Value
                0x00000000200007fc                ADC_Value_Buffer
 COMMON         0x0000000020000b1c        0x4 Core/USER/InputCap/inputcap.o
                0x0000000020000b1c                TIM5CH1_CAPTURE_VAL
 COMMON         0x0000000020000b20       0xc8 Core/USER/PID/pid.o
                0x0000000020000b20                dInput1
                0x0000000020000b24                kd
                0x0000000020000b28                temp
                0x0000000020000b2c                dInput
                0x0000000020000b30                temp1
                0x0000000020000b34                ki
                0x0000000020000b38                kp1
                0x0000000020000b3c                ki1
                0x0000000020000b40                error1
                0x0000000020000b90                kd1
                0x0000000020000b94                error
                0x0000000020000be4                kp
 COMMON         0x0000000020000be8        0x1 Core/USER/WIFI/wifi.o
                0x0000000020000be8                Uart1_Rx_Char
 *fill*         0x0000000020000be9        0x3 
 COMMON         0x0000000020000bec        0x4 Drivers/STM32F4xx_HAL_Driver/Src/stm32f4xx_hal.o
                0x0000000020000bec                uwTick
 COMMON         0x0000000020000bf0        0x4 d:/stm32cubeide/stm32cubeide_1.3.0/stm32cubeide/plugins/com.st.stm32cube.ide.mcu.externaltools.gnu-tools-for-stm32.7-2018-q2-update.win32_1.0.0.201904181610/tools/bin/../lib/gcc/arm-none-eabi/7.3.1/../../../../arm-none-eabi/lib/thumb/v7e-m/fpv4-sp/hard\libc_nano.a(lib_a-reent.o)
                0x0000000020000bf0                errno
                0x0000000020000bf4                . = ALIGN (0x4)
                0x0000000020000bf4                _ebss = .
                0x0000000020000bf4                __bss_end__ = _ebss

._user_heap_stack
                0x0000000020000bf4      0x604 load address 0x00000000080099dc
                0x0000000020000bf8                . = ALIGN (0x8)
 *fill*         0x0000000020000bf4        0x4 
                0x0000000020000bf8                PROVIDE (end = .)
                [!provide]                        PROVIDE (_end = .)
                0x0000000020000df8                . = (. + _Min_Heap_Size)
 *fill*         0x0000000020000bf8      0x200 
                0x00000000200011f8                . = (. + _Min_Stack_Size)
 *fill*         0x0000000020000df8      0x400 
                0x00000000200011f8                . = ALIGN (0x8)

/DISCARD/
 libc.a(*)
 libm.a(*)
 libgcc.a(*)

.ARM.attributes
                0x0000000000000000       0x30
 *(.ARM.attributes)
 .ARM.attributes
                0x0000000000000000       0x22 d:/stm32cubeide/stm32cubeide_1.3.0/stm32cubeide/plugins/com.st.stm32cube.ide.mcu.externaltools.gnu-tools-for-stm32.7-2018-q2-update.win32_1.0.0.201904181610/tools/bin/../lib/gcc/arm-none-eabi/7.3.1/thumb/v7e-m/fpv4-sp/hard/crti.o
 .ARM.attributes
                0x0000000000000022       0x34 d:/stm32cubeide/stm32cubeide_1.3.0/stm32cubeide/plugins/com.st.stm32cube.ide.mcu.externaltools.gnu-tools-for-stm32.7-2018-q2-update.win32_1.0.0.201904181610/tools/bin/../lib/gcc/arm-none-eabi/7.3.1/thumb/v7e-m/fpv4-sp/hard/crtbegin.o
 .ARM.attributes
                0x0000000000000056       0x39 Core/Src/adc.o
 .ARM.attributes
                0x000000000000008f       0x39 Core/Src/dma.o
 .ARM.attributes
                0x00000000000000c8       0x39 Core/Src/gpio.o
 .ARM.attributes
                0x0000000000000101       0x39 Core/Src/main.o
 .ARM.attributes
                0x000000000000013a       0x39 Core/Src/stm32f4xx_hal_msp.o
 .ARM.attributes
                0x0000000000000173       0x39 Core/Src/stm32f4xx_it.o
 .ARM.attributes
                0x00000000000001ac       0x39 Core/Src/syscalls.o
 .ARM.attributes
                0x00000000000001e5       0x39 Core/Src/sysmem.o
 .ARM.attributes
                0x000000000000021e       0x39 Core/Src/system_stm32f4xx.o
 .ARM.attributes
                0x0000000000000257       0x39 Core/Src/tim.o
 .ARM.attributes
                0x0000000000000290       0x39 Core/Src/usart.o
 .ARM.attributes
                0x00000000000002c9       0x21 Core/Startup/startup_stm32f407zgtx.o
 .ARM.attributes
                0x00000000000002ea       0x39 Core/USER/ADC/AdcDma.o
 .ARM.attributes
                0x0000000000000323       0x39 Core/USER/InputCap/inputcap.o
 .ARM.attributes
                0x000000000000035c       0x39 Core/USER/PID/pid.o
 .ARM.attributes
                0x0000000000000395       0x39 Core/USER/WIFI/wifi.o
 .ARM.attributes
                0x00000000000003ce       0x39 Drivers/STM32F4xx_HAL_Driver/Src/stm32f4xx_hal.o
 .ARM.attributes
                0x0000000000000407       0x39 Drivers/STM32F4xx_HAL_Driver/Src/stm32f4xx_hal_adc.o
 .ARM.attributes
                0x0000000000000440       0x39 Drivers/STM32F4xx_HAL_Driver/Src/stm32f4xx_hal_cortex.o
 .ARM.attributes
                0x0000000000000479       0x39 Drivers/STM32F4xx_HAL_Driver/Src/stm32f4xx_hal_dma.o
 .ARM.attributes
                0x00000000000004b2       0x39 Drivers/STM32F4xx_HAL_Driver/Src/stm32f4xx_hal_gpio.o
 .ARM.attributes
                0x00000000000004eb       0x39 Drivers/STM32F4xx_HAL_Driver/Src/stm32f4xx_hal_rcc.o
 .ARM.attributes
                0x0000000000000524       0x39 Drivers/STM32F4xx_HAL_Driver/Src/stm32f4xx_hal_tim.o
 .ARM.attributes
                0x000000000000055d       0x39 Drivers/STM32F4xx_HAL_Driver/Src/stm32f4xx_hal_tim_ex.o
 .ARM.attributes
                0x0000000000000596       0x39 Drivers/STM32F4xx_HAL_Driver/Src/stm32f4xx_hal_uart.o
 .ARM.attributes