Archive member included to satisfy reference by file (symbol)

c:/st/stm32cubeide_1.3.0/stm32cubeide/plugins/com.st.stm32cube.ide.mcu.externaltools.gnu-tools-for-stm32.7-2018-q2-update.win32_1.0.0.201904181610/tools/bin/../lib/gcc/arm-none-eabi/7.3.1/../../../../arm-none-eabi/lib/thumb/v7e-m/fpv4-sp/hard\libc_nano.a(lib_a-errno.o)
                              Core/Src/syscalls.o (__errno)
c:/st/stm32cubeide_1.3.0/stm32cubeide/plugins/com.st.stm32cube.ide.mcu.externaltools.gnu-tools-for-stm32.7-2018-q2-update.win32_1.0.0.201904181610/tools/bin/../lib/gcc/arm-none-eabi/7.3.1/../../../../arm-none-eabi/lib/thumb/v7e-m/fpv4-sp/hard\libc_nano.a(lib_a-exit.o)
                              c:/st/stm32cubeide_1.3.0/stm32cubeide/plugins/com.st.stm32cube.ide.mcu.externaltools.gnu-tools-for-stm32.7-2018-q2-update.win32_1.0.0.201904181610/tools/bin/../lib/gcc/arm-none-eabi/7.3.1/../../../../arm-none-eabi/lib/thumb/v7e-m/fpv4-sp/hard/crt0.o (exit)
c:/st/stm32cubeide_1.3.0/stm32cubeide/plugins/com.st.stm32cube.ide.mcu.externaltools.gnu-tools-for-stm32.7-2018-q2-update.win32_1.0.0.201904181610/tools/bin/../lib/gcc/arm-none-eabi/7.3.1/../../../../arm-none-eabi/lib/thumb/v7e-m/fpv4-sp/hard\libc_nano.a(lib_a-impure.o)
                              c:/st/stm32cubeide_1.3.0/stm32cubeide/plugins/com.st.stm32cube.ide.mcu.externaltools.gnu-tools-for-stm32.7-2018-q2-update.win32_1.0.0.201904181610/tools/bin/../lib/gcc/arm-none-eabi/7.3.1/../../../../arm-none-eabi/lib/thumb/v7e-m/fpv4-sp/hard\libc_nano.a(lib_a-exit.o) (_global_impure_ptr)
c:/st/stm32cubeide_1.3.0/stm32cubeide/plugins/com.st.stm32cube.ide.mcu.externaltools.gnu-tools-for-stm32.7-2018-q2-update.win32_1.0.0.201904181610/tools/bin/../lib/gcc/arm-none-eabi/7.3.1/../../../../arm-none-eabi/lib/thumb/v7e-m/fpv4-sp/hard\libc_nano.a(lib_a-init.o)
                              c:/st/stm32cubeide_1.3.0/stm32cubeide/plugins/com.st.stm32cube.ide.mcu.externaltools.gnu-tools-for-stm32.7-2018-q2-update.win32_1.0.0.201904181610/tools/bin/../lib/gcc/arm-none-eabi/7.3.1/../../../../arm-none-eabi/lib/thumb/v7e-m/fpv4-sp/hard/crt0.o (__libc_init_array)
c:/st/stm32cubeide_1.3.0/stm32cubeide/plugins/com.st.stm32cube.ide.mcu.externaltools.gnu-tools-for-stm32.7-2018-q2-update.win32_1.0.0.201904181610/tools/bin/../lib/gcc/arm-none-eabi/7.3.1/../../../../arm-none-eabi/lib/thumb/v7e-m/fpv4-sp/hard\libc_nano.a(lib_a-malloc.o)
                              Middlewares/ST/STM32_USB_Device_Library/Class/CustomHID/Src/usbd_customhid.o (malloc)
c:/st/stm32cubeide_1.3.0/stm32cubeide/plugins/com.st.stm32cube.ide.mcu.externaltools.gnu-tools-for-stm32.7-2018-q2-update.win32_1.0.0.201904181610/tools/bin/../lib/gcc/arm-none-eabi/7.3.1/../../../../arm-none-eabi/lib/thumb/v7e-m/fpv4-sp/hard\libc_nano.a(lib_a-memset.o)
                              c:/st/stm32cubeide_1.3.0/stm32cubeide/plugins/com.st.stm32cube.ide.mcu.externaltools.gnu-tools-for-stm32.7-2018-q2-update.win32_1.0.0.201904181610/tools/bin/../lib/gcc/arm-none-eabi/7.3.1/../../../../arm-none-eabi/lib/thumb/v7e-m/fpv4-sp/hard/crt0.o (memset)
c:/st/stm32cubeide_1.3.0/stm32cubeide/plugins/com.st.stm32cube.ide.mcu.externaltools.gnu-tools-for-stm32.7-2018-q2-update.win32_1.0.0.201904181610/tools/bin/../lib/gcc/arm-none-eabi/7.3.1/../../../../arm-none-eabi/lib/thumb/v7e-m/fpv4-sp/hard\libc_nano.a(lib_a-nano-freer.o)
                              c:/st/stm32cubeide_1.3.0/stm32cubeide/plugins/com.st.stm32cube.ide.mcu.externaltools.gnu-tools-for-stm32.7-2018-q2-update.win32_1.0.0.201904181610/tools/bin/../lib/gcc/arm-none-eabi/7.3.1/../../../../arm-none-eabi/lib/thumb/v7e-m/fpv4-sp/hard\libc_nano.a(lib_a-malloc.o) (_free_r)
c:/st/stm32cubeide_1.3.0/stm32cubeide/plugins/com.st.stm32cube.ide.mcu.externaltools.gnu-tools-for-stm32.7-2018-q2-update.win32_1.0.0.201904181610/tools/bin/../lib/gcc/arm-none-eabi/7.3.1/../../../../arm-none-eabi/lib/thumb/v7e-m/fpv4-sp/hard\libc_nano.a(lib_a-nano-mallocr.o)
                              c:/st/stm32cubeide_1.3.0/stm32cubeide/plugins/com.st.stm32cube.ide.mcu.externaltools.gnu-tools-for-stm32.7-2018-q2-update.win32_1.0.0.201904181610/tools/bin/../lib/gcc/arm-none-eabi/7.3.1/../../../../arm-none-eabi/lib/thumb/v7e-m/fpv4-sp/hard\libc_nano.a(lib_a-malloc.o) (_malloc_r)
c:/st/stm32cubeide_1.3.0/stm32cubeide/plugins/com.st.stm32cube.ide.mcu.externaltools.gnu-tools-for-stm32.7-2018-q2-update.win32_1.0.0.201904181610/tools/bin/../lib/gcc/arm-none-eabi/7.3.1/../../../../arm-none-eabi/lib/thumb/v7e-m/fpv4-sp/hard\libc_nano.a(lib_a-sbrkr.o)
                              c:/st/stm32cubeide_1.3.0/stm32cubeide/plugins/com.st.stm32cube.ide.mcu.externaltools.gnu-tools-for-stm32.7-2018-q2-update.win32_1.0.0.201904181610/tools/bin/../lib/gcc/arm-none-eabi/7.3.1/../../../../arm-none-eabi/lib/thumb/v7e-m/fpv4-sp/hard\libc_nano.a(lib_a-nano-mallocr.o) (_sbrk_r)
[...]
Memory Configuration

Name             Origin             Length             Attributes
CCMRAM           0x0000000010000000 0x0000000000010000 xrw
RAM              0x0000000020000000 0x0000000000020000 xrw
FLASH            0x0000000008000000 0x0000000000100000 xr
*default*        0x0000000000000000 0xffffffffffffffff

Linker script and memory map

LOAD c:/st/stm32cubeide_1.3.0/stm32cubeide/plugins/com.st.stm32cube.ide.mcu.externaltools.gnu-tools-for-stm32.7-2018-q2-update.win32_1.0.0.201904181610/tools/bin/../lib/gcc/arm-none-eabi/7.3.1/thumb/v7e-m/fpv4-sp/hard/crti.o
LOAD c:/st/stm32cubeide_1.3.0/stm32cubeide/plugins/com.st.stm32cube.ide.mcu.externaltools.gnu-tools-for-stm32.7-2018-q2-update.win32_1.0.0.201904181610/tools/bin/../lib/gcc/arm-none-eabi/7.3.1/thumb/v7e-m/fpv4-sp/hard/crtbegin.o
LOAD c:/st/stm32cubeide_1.3.0/stm32cubeide/plugins/com.st.stm32cube.ide.mcu.externaltools.gnu-tools-for-stm32.7-2018-q2-update.win32_1.0.0.201904181610/tools/bin/../lib/gcc/arm-none-eabi/7.3.1/../../../../arm-none-eabi/lib/thumb/v7e-m/fpv4-sp/hard/crt0.o
LOAD Core/Src/gpio.o
LOAD Core/Src/main.o
LOAD Core/Src/stm32f4xx_hal_msp.o
LOAD Core/Src/stm32f4xx_it.o
LOAD Core/Src/syscalls.o
LOAD Core/Src/sysmem.o
LOAD Core/Src/system_stm32f4xx.o
LOAD Core/Startup/startup_stm32f407zgtx.o
LOAD Drivers/STM32F4xx_HAL_Driver/Src/stm32f4xx_hal.o
LOAD Drivers/STM32F4xx_HAL_Driver/Src/stm32f4xx_hal_cortex.o
LOAD Drivers/STM32F4xx_HAL_Driver/Src/stm32f4xx_hal_dma.o
LOAD Drivers/STM32F4xx_HAL_Driver/Src/stm32f4xx_hal_dma_ex.o
LOAD Drivers/STM32F4xx_HAL_Driver/Src/stm32f4xx_hal_exti.o
LOAD Drivers/STM32F4xx_HAL_Driver/Src/stm32f4xx_hal_flash.o
LOAD Drivers/STM32F4xx_HAL_Driver/Src/stm32f4xx_hal_flash_ex.o
LOAD Drivers/STM32F4xx_HAL_Driver/Src/stm32f4xx_hal_flash_ramfunc.o
LOAD Drivers/STM32F4xx_HAL_Driver/Src/stm32f4xx_hal_gpio.o
LOAD Drivers/STM32F4xx_HAL_Driver/Src/stm32f4xx_hal_pcd.o
LOAD Drivers/STM32F4xx_HAL_Driver/Src/stm32f4xx_hal_pcd_ex.o
LOAD Drivers/STM32F4xx_HAL_Driver/Src/stm32f4xx_hal_pwr.o
LOAD Drivers/STM32F4xx_HAL_Driver/Src/stm32f4xx_hal_pwr_ex.o
LOAD Drivers/STM32F4xx_HAL_Driver/Src/stm32f4xx_hal_rcc.o
LOAD Drivers/STM32F4xx_HAL_Driver/Src/stm32f4xx_hal_rcc_ex.o
LOAD Drivers/STM32F4xx_HAL_Driver/Src/stm32f4xx_hal_tim.o
LOAD Drivers/STM32F4xx_HAL_Driver/Src/stm32f4xx_hal_tim_ex.o
LOAD Drivers/STM32F4xx_HAL_Driver/Src/stm32f4xx_ll_usb.o
LOAD Middlewares/ST/STM32_USB_Device_Library/Class/CustomHID/Src/usbd_customhid.o
LOAD Middlewares/ST/STM32_USB_Device_Library/Core/Src/usbd_core.o
LOAD Middlewares/ST/STM32_USB_Device_Library/Core/Src/usbd_ctlreq.o
LOAD Middlewares/ST/STM32_USB_Device_Library/Core/Src/usbd_ioreq.o
LOAD USB_DEVICE/App/usb_device.o
LOAD USB_DEVICE/App/usbd_custom_hid_if.o
LOAD USB_DEVICE/App/usbd_desc.o
LOAD USB_DEVICE/Target/usbd_conf.o
START GROUP
LOAD c:/st/stm32cubeide_1.3.0/stm32cubeide/plugins/com.st.stm32cube.ide.mcu.externaltools.gnu-tools-for-stm32.7-2018-q2-update.win32_1.0.0.201904181610/tools/bin/../lib/gcc/arm-none-eabi/7.3.1/../../../../arm-none-eabi/lib/thumb/v7e-m/fpv4-sp/hard\libc_nano.a
LOAD c:/st/stm32cubeide_1.3.0/stm32cubeide/plugins/com.st.stm32cube.ide.mcu.externaltools.gnu-tools-for-stm32.7-2018-q2-update.win32_1.0.0.201904181610/tools/bin/../lib/gcc/arm-none-eabi/7.3.1/../../../../arm-none-eabi/lib/thumb/v7e-m/fpv4-sp/hard\libm.a
END GROUP
START GROUP
LOAD c:/st/stm32cubeide_1.3.0/stm32cubeide/plugins/com.st.stm32cube.ide.mcu.externaltools.gnu-tools-for-stm32.7-2018-q2-update.win32_1.0.0.201904181610/tools/bin/../lib/gcc/arm-none-eabi/7.3.1/thumb/v7e-m/fpv4-sp/hard\libgcc.a
LOAD c:/st/stm32cubeide_1.3.0/stm32cubeide/plugins/com.st.stm32cube.ide.mcu.externaltools.gnu-tools-for-stm32.7-2018-q2-update.win32_1.0.0.201904181610/tools/bin/../lib/gcc/arm-none-eabi/7.3.1/../../../../arm-none-eabi/lib/thumb/v7e-m/fpv4-sp/hard\libc_nano.a
END GROUP
START GROUP
LOAD c:/st/stm32cubeide_1.3.0/stm32cubeide/plugins/com.st.stm32cube.ide.mcu.externaltools.gnu-tools-for-stm32.7-2018-q2-update.win32_1.0.0.201904181610/tools/bin/../lib/gcc/arm-none-eabi/7.3.1/thumb/v7e-m/fpv4-sp/hard\libgcc.a
LOAD c:/st/stm32cubeide_1.3.0/stm32cubeide/plugins/com.st.stm32cube.ide.mcu.externaltools.gnu-tools-for-stm32.7-2018-q2-update.win32_1.0.0.201904181610/tools/bin/../lib/gcc/arm-none-eabi/7.3.1/../../../../arm-none-eabi/lib/thumb/v7e-m/fpv4-sp/hard\libc_nano.a
LOAD c:/st/stm32cubeide_1.3.0/stm32cubeide/plugins/com.st.stm32cube.ide.mcu.externaltools.gnu-tools-for-stm32.7-2018-q2-update.win32_1.0.0.201904181610/tools/bin/../lib/gcc/arm-none-eabi/7.3.1/../../../../arm-none-eabi/lib/thumb/v7e-m/fpv4-sp/hard\libnosys.a
END GROUP
START GROUP
LOAD c:/st/stm32cubeide_1.3.0/stm32cubeide/plugins/com.st.stm32cube.ide.mcu.externaltools.gnu-tools-for-stm32.7-2018-q2-update.win32_1.0.0.201904181610/tools/bin/../lib/gcc/arm-none-eabi/7.3.1/thumb/v7e-m/fpv4-sp/hard\libgcc.a
LOAD c:/st/stm32cubeide_1.3.0/stm32cubeide/plugins/com.st.stm32cube.ide.mcu.externaltools.gnu-tools-for-stm32.7-2018-q2-update.win32_1.0.0.201904181610/tools/bin/../lib/gcc/arm-none-eabi/7.3.1/../../../../arm-none-eabi/lib/thumb/v7e-m/fpv4-sp/hard\libc_nano.a
LOAD c:/st/stm32cubeide_1.3.0/stm32cubeide/plugins/com.st.stm32cube.ide.mcu.externaltools.gnu-tools-for-stm32.7-2018-q2-update.win32_1.0.0.201904181610/tools/bin/../lib/gcc/arm-none-eabi/7.3.1/../../../../arm-none-eabi/lib/thumb/v7e-m/fpv4-sp/hard\libnosys.a
END GROUP
LOAD c:/st/stm32cubeide_1.3.0/stm32cubeide/plugins/com.st.stm32cube.ide.mcu.externaltools.gnu-tools-for-stm32.7-2018-q2-update.win32_1.0.0.201904181610/tools/bin/../lib/gcc/arm-none-eabi/7.3.1/thumb/v7e-m/fpv4-sp/hard/crtend.o
LOAD c:/st/stm32cubeide_1.3.0/stm32cubeide/plugins/com.st.stm32cube.ide.mcu.externaltools.gnu-tools-for-stm32.7-2018-q2-update.win32_1.0.0.201904181610/tools/bin/../lib/gcc/arm-none-eabi/7.3.1/thumb/v7e-m/fpv4-sp/hard/crtn.o
                0x0000000020020000                _estack = (ORIGIN (RAM) + LENGTH (RAM))
                0x0000000000000200                _Min_Heap_Size = 0x200
                0x0000000000000400                _Min_Stack_Size = 0x400

.isr_vector     0x0000000008000000      0x188
                0x0000000008000000                . = ALIGN (0x4)
 *(.isr_vector)
 .isr_vector    0x0000000008000000      0x188 Core/Startup/startup_stm32f407zgtx.o
                0x0000000008000000                g_pfnVectors
                0x0000000008000188                . = ALIGN (0x4)

.text           0x0000000008000188     0x61f0
                0x0000000008000188                . = ALIGN (0x4)
 *(.text)
 .text          0x0000000008000188       0x40 c:/st/stm32cubeide_1.3.0/stm32cubeide/plugins/com.st.stm32cube.ide.mcu.externaltools.gnu-tools-for-stm32.7-2018-q2-update.win32_1.0.0.201904181610/tools/bin/../lib/gcc/arm-none-eabi/7.3.1/thumb/v7e-m/fpv4-sp/hard/crtbegin.o
 .text          0x00000000080001c8       0x10 c:/st/stm32cubeide_1.3.0/stm32cubeide/plugins/com.st.stm32cube.ide.mcu.externaltools.gnu-tools-for-stm32.7-2018-q2-update.win32_1.0.0.201904181610/tools/bin/../lib/gcc/arm-none-eabi/7.3.1/../../../../arm-none-eabi/lib/thumb/v7e-m/fpv4-sp/hard\libc_nano.a(lib_a-strlen.o)
                0x00000000080001c8                strlen
 .text          0x00000000080001d8       0x30 c:/st/stm32cubeide_1.3.0/stm32cubeide/plugins/com.st.stm32cube.ide.mcu.externaltools.gnu-tools-for-stm32.7-2018-q2-update.win32_1.0.0.201904181610/tools/bin/../lib/gcc/arm-none-eabi/7.3.1/thumb/v7e-m/fpv4-sp/hard\libgcc.a(_aeabi_uldivmod.o)
                0x00000000080001d8                __aeabi_uldivmod
 .text          0x0000000008000208      0x2cc c:/st/stm32cubeide_1.3.0/stm32cubeide/plugins/com.st.stm32cube.ide.mcu.externaltools.gnu-tools-for-stm32.7-2018-q2-update.win32_1.0.0.201904181610/tools/bin/../lib/gcc/arm-none-eabi/7.3.1/thumb/v7e-m/fpv4-sp/hard\libgcc.a(_udivmoddi4.o)
                0x0000000008000208                __udivmoddi4
 .text          0x00000000080004d4        0x4 c:/st/stm32cubeide_1.3.0/stm32cubeide/plugins/com.st.stm32cube.ide.mcu.externaltools.gnu-tools-for-stm32.7-2018-q2-update.win32_1.0.0.201904181610/tools/bin/../lib/gcc/arm-none-eabi/7.3.1/thumb/v7e-m/fpv4-sp/hard\libgcc.a(_dvmd_tls.o)
                0x00000000080004d4                __aeabi_idiv0
                0x00000000080004d4                __aeabi_ldiv0
 *(.text*)
 .text.MX_GPIO_Init
                0x00000000080004d8       0xec Core/Src/gpio.o
                0x00000000080004d8                MX_GPIO_Init
 .text.main     0x00000000080005c4       0x48 Core/Src/main.o
                0x00000000080005c4                main
 .text.SystemClock_Config
                0x000000000800060c       0xd4 Core/Src/main.o
                0x000000000800060c                SystemClock_Config
 .text.USB_SentStr
                0x00000000080006e0       0x9c Core/Src/main.o
                0x00000000080006e0                USB_SentStr
 .text.Error_Handler
                0x000000000800077c        0xe Core/Src/main.o
                0x000000000800077c                Error_Handler
 *fill*         0x000000000800078a        0x2 
 .text.HAL_MspInit
                0x000000000800078c       0x50 Core/Src/stm32f4xx_hal_msp.o
                0x000000000800078c                HAL_MspInit
 .text.NMI_Handler
                0x00000000080007dc        0xe Core/Src/stm32f4xx_it.o
                0x00000000080007dc                NMI_Handler
 .text.HardFault_Handler
                0x00000000080007ea        0x6 Core/Src/stm32f4xx_it.o
                0x00000000080007ea                HardFault_Handler
 .text.MemManage_Handler
                0x00000000080007f0        0x6 Core/Src/stm32f4xx_it.o
                0x00000000080007f0                MemManage_Handler
 .text.BusFault_Handler
                0x00000000080007f6        0x6 Core/Src/stm32f4xx_it.o
                0x00000000080007f6                BusFault_Handler
 .text.UsageFault_Handler
                0x00000000080007fc        0x6 Core/Src/stm32f4xx_it.o
                0x00000000080007fc                UsageFault_Handler
 .text.SVC_Handler
                0x0000000008000802        0xe Core/Src/stm32f4xx_it.o
                0x0000000008000802                SVC_Handler
 .text.DebugMon_Handler
                0x0000000008000810        0xe Core/Src/stm32f4xx_it.o
                0x0000000008000810                DebugMon_Handler
 .text.PendSV_Handler
                0x000000000800081e        0xe Core/Src/stm32f4xx_it.o
                0x000000000800081e                PendSV_Handler
 .text.SysTick_Handler
                0x000000000800082c        0xc Core/Src/stm32f4xx_it.o
                0x000000000800082c                SysTick_Handler
 .text.OTG_FS_IRQHandler
                0x0000000008000838       0x14 Core/Src/stm32f4xx_it.o
                0x0000000008000838                OTG_FS_IRQHandler
 .text._sbrk    0x000000000800084c       0x58 Core/Src/sysmem.o
                0x000000000800084c                _sbrk
 .text.SystemInit
                0x00000000080008a4       0x2c Core/Src/system_stm32f4xx.o
                0x00000000080008a4                SystemInit
 .text.Reset_Handler
                0x00000000080008d0       0x50 Core/Startup/startup_stm32f407zgtx.o
                0x00000000080008d0                Reset_Handler
 .text.Default_Handler
                0x0000000008000920        0x2 Core/Startup/startup_stm32f407zgtx.o
                0x0000000008000920                RTC_Alarm_IRQHandler
                0x0000000008000920                HASH_RNG_IRQHandler
                0x0000000008000920                EXTI2_IRQHandler
                0x0000000008000920                TIM8_CC_IRQHandler
                0x0000000008000920                TIM1_CC_IRQHandler
                0x0000000008000920                DMA2_Stream5_IRQHandler
                0x0000000008000920                DMA1_Stream5_IRQHandler
                0x0000000008000920                PVD_IRQHandler
                0x0000000008000920                SDIO_IRQHandler
                0x0000000008000920                TAMP_STAMP_IRQHandler
                0x0000000008000920                CAN2_RX1_IRQHandler
                0x0000000008000920                EXTI3_IRQHandler
                0x0000000008000920                TIM8_TRG_COM_TIM14_IRQHandler
                0x0000000008000920                TIM1_UP_TIM10_IRQHandler
                0x0000000008000920                TIM8_UP_TIM13_IRQHandler
                0x0000000008000920                I2C3_ER_IRQHandler
                0x0000000008000920                EXTI0_IRQHandler
                0x0000000008000920                I2C2_EV_IRQHandler
                0x0000000008000920                DMA1_Stream2_IRQHandler
                0x0000000008000920                CAN1_RX0_IRQHandler
                0x0000000008000920                FPU_IRQHandler
                0x0000000008000920                OTG_HS_WKUP_IRQHandler
                0x0000000008000920                CAN2_SCE_IRQHandler
                0x0000000008000920                DMA2_Stream2_IRQHandler
                0x0000000008000920                SPI1_IRQHandler
                0x0000000008000920                TIM6_DAC_IRQHandler
                0x0000000008000920                TIM1_BRK_TIM9_IRQHandler
                0x0000000008000920                DCMI_IRQHandler
                0x0000000008000920                CAN2_RX0_IRQHandler
                0x0000000008000920                DMA2_Stream3_IRQHandler
                0x0000000008000920                USART6_IRQHandler
                0x0000000008000920                USART3_IRQHandler
                0x0000000008000920                CAN1_RX1_IRQHandler
                0x0000000008000920                UART5_IRQHandler
                0x0000000008000920                DMA2_Stream0_IRQHandler
                0x0000000008000920                TIM4_IRQHandler
                0x0000000008000920                I2C1_EV_IRQHandler
                0x0000000008000920                DMA1_Stream6_IRQHandler
                0x0000000008000920                DMA1_Stream1_IRQHandler
                0x0000000008000920                UART4_IRQHandler
                0x0000000008000920                TIM3_IRQHandler
                0x0000000008000920                RCC_IRQHandler
                0x0000000008000920                TIM8_BRK_TIM12_IRQHandler
                0x0000000008000920                Default_Handler
                0x0000000008000920                EXTI15_10_IRQHandler
                0x0000000008000920                ADC_IRQHandler
                0x0000000008000920                DMA1_Stream7_IRQHandler
                0x0000000008000920                TIM7_IRQHandler
                0x0000000008000920                CAN2_TX_IRQHandler
                0x0000000008000920                TIM5_IRQHandler
                0x0000000008000920                DMA2_Stream7_IRQHandler
                0x0000000008000920                I2C3_EV_IRQHandler
                0x0000000008000920                EXTI9_5_IRQHandler
                0x0000000008000920                RTC_WKUP_IRQHandler
                0x0000000008000920                ETH_WKUP_IRQHandler
                0x0000000008000920                SPI2_IRQHandler
                0x0000000008000920                OTG_HS_EP1_IN_IRQHandler
                0x0000000008000920                DMA1_Stream0_IRQHandler
                0x0000000008000920                CAN1_TX_IRQHandler
                0x0000000008000920                EXTI4_IRQHandler
                0x0000000008000920                FSMC_IRQHandler
                0x0000000008000920                ETH_IRQHandler
                0x0000000008000920                OTG_HS_EP1_OUT_IRQHandler
                0x0000000008000920                WWDG_IRQHandler
                0x0000000008000920                TIM2_IRQHandler
                0x0000000008000920                OTG_FS_WKUP_IRQHandler
                0x0000000008000920                TIM1_TRG_COM_TIM11_IRQHandler
                0x0000000008000920                OTG_HS_IRQHandler
                0x0000000008000920                EXTI1_IRQHandler
                0x0000000008000920                USART2_IRQHandler
                0x0000000008000920                I2C2_ER_IRQHandler
                0x0000000008000920                DMA2_Stream1_IRQHandler
                0x0000000008000920                CAN1_SCE_IRQHandler
                0x0000000008000920                FLASH_IRQHandler
                0x0000000008000920                DMA2_Stream4_IRQHandler
                0x0000000008000920                USART1_IRQHandler
                0x0000000008000920                SPI3_IRQHandler
                0x0000000008000920                DMA1_Stream4_IRQHandler
                0x0000000008000920                I2C1_ER_IRQHandler
                0x0000000008000920                DMA2_Stream6_IRQHandler
                0x0000000008000920                DMA1_Stream3_IRQHandler
 *fill*         0x0000000008000922        0x2 
 .text.HAL_Init
                0x0000000008000924       0x44 Drivers/STM32F4xx_HAL_Driver/Src/stm32f4xx_hal.o
                0x0000000008000924                HAL_Init
 .text.HAL_InitTick
                0x0000000008000968       0x60 Drivers/STM32F4xx_HAL_Driver/Src/stm32f4xx_hal.o
                0x0000000008000968                HAL_InitTick
 .text.HAL_IncTick
                0x00000000080009c8       0x28 Drivers/STM32F4xx_HAL_Driver/Src/stm32f4xx_hal.o
                0x00000000080009c8                HAL_IncTick
 .text.HAL_GetTick
                0x00000000080009f0       0x18 Drivers/STM32F4xx_HAL_Driver/Src/stm32f4xx_hal.o
                0x00000000080009f0                HAL_GetTick
 .text.HAL_Delay
                0x0000000008000a08       0x44 Drivers/STM32F4xx_HAL_Driver/Src/stm32f4xx_hal.o
                0x0000000008000a08                HAL_Delay
 .text.__NVIC_SetPriorityGrouping
                0x0000000008000a4c       0x48 Drivers/STM32F4xx_HAL_Driver/Src/stm32f4xx_hal_cortex.o
 .text.__NVIC_GetPriorityGrouping
                0x0000000008000a94       0x1c Drivers/STM32F4xx_HAL_Driver/Src/stm32f4xx_hal_cortex.o
 .text.__NVIC_EnableIRQ
                0x0000000008000ab0       0x3c Drivers/STM32F4xx_HAL_Driver/Src/stm32f4xx_hal_cortex.o
 .text.__NVIC_SetPriority
                0x0000000008000aec       0x54 Drivers/STM32F4xx_HAL_Driver/Src/stm32f4xx_hal_cortex.o
 .text.NVIC_EncodePriority
                0x0000000008000b40       0x66 Drivers/STM32F4xx_HAL_Driver/Src/stm32f4xx_hal_cortex.o
 *fill*         0x0000000008000ba6        0x2 
 .text.SysTick_Config
                0x0000000008000ba8       0x44 Drivers/STM32F4xx_HAL_Driver/Src/stm32f4xx_hal_cortex.o
 .text.HAL_NVIC_SetPriorityGrouping
                0x0000000008000bec       0x16 Drivers/STM32F4xx_HAL_Driver/Src/stm32f4xx_hal_cortex.o
                0x0000000008000bec                HAL_NVIC_SetPriorityGrouping
 .text.HAL_NVIC_SetPriority
                0x0000000008000c02       0x38 Drivers/STM32F4xx_HAL_Driver/Src/stm32f4xx_hal_cortex.o
                0x0000000008000c02                HAL_NVIC_SetPriority
 .text.HAL_NVIC_EnableIRQ
                0x0000000008000c3a       0x1c Drivers/STM32F4xx_HAL_Driver/Src/stm32f4xx_hal_cortex.o
                0x0000000008000c3a                HAL_NVIC_EnableIRQ
 .text.HAL_SYSTICK_Config
                0x0000000008000c56       0x18 Drivers/STM32F4xx_HAL_Driver/Src/stm32f4xx_hal_cortex.o
                0x0000000008000c56                HAL_SYSTICK_Config
 *fill*         0x0000000008000c6e        0x2 
 .text.HAL_GPIO_Init
                0x0000000008000c70      0x334 Drivers/STM32F4xx_HAL_Driver/Src/stm32f4xx_hal_gpio.o
                0x0000000008000c70                HAL_GPIO_Init
 .text.HAL_GPIO_WritePin
                0x0000000008000fa4       0x32 Drivers/STM32F4xx_HAL_Driver/Src/stm32f4xx_hal_gpio.o
                0x0000000008000fa4                HAL_GPIO_WritePin
 .text.HAL_PCD_Init
                0x0000000008000fd6      0x23a Drivers/STM32F4xx_HAL_Driver/Src/stm32f4xx_hal_pcd.o
                0x0000000008000fd6                HAL_PCD_Init
 .text.HAL_PCD_Start
                0x0000000008001210       0x66 Drivers/STM32F4xx_HAL_Driver/Src/stm32f4xx_hal_pcd.o
                0x0000000008001210                HAL_PCD_Start
 .text.HAL_PCD_IRQHandler
                0x0000000008001276      0x764 Drivers/STM32F4xx_HAL_Driver/Src/stm32f4xx_hal_pcd.o
                0x0000000008001276                HAL_PCD_IRQHandler
 .text.HAL_PCD_SetAddress
                0x00000000080019da       0x4a Drivers/STM32F4xx_HAL_Driver/Src/stm32f4xx_hal_pcd.o
                0x00000000080019da                HAL_PCD_SetAddress
 .text.HAL_PCD_EP_Open
                0x0000000008001a24       0xd0 Drivers/STM32F4xx_HAL_Driver/Src/stm32f4xx_hal_pcd.o
                0x0000000008001a24                HAL_PCD_EP_Open
 .text.HAL_PCD_EP_Close
                0x0000000008001af4       0x94 Drivers/STM32F4xx_HAL_Driver/Src/stm32f4xx_hal_pcd.o
                0x0000000008001af4                HAL_PCD_EP_Close
 .text.HAL_PCD_EP_Receive
                0x0000000008001b88       0x96 Drivers/STM32F4xx_HAL_Driver/Src/stm32f4xx_hal_pcd.o
                0x0000000008001b88                HAL_PCD_EP_Receive
 .text.HAL_PCD_EP_Transmit
                0x0000000008001c1e       0x94 Drivers/STM32F4xx_HAL_Driver/Src/stm32f4xx_hal_pcd.o
                0x0000000008001c1e                HAL_PCD_EP_Transmit
 .text.HAL_PCD_EP_SetStall
                0x0000000008001cb2       0xc8 Drivers/STM32F4xx_HAL_Driver/Src/stm32f4xx_hal_pcd.o
                0x0000000008001cb2                HAL_PCD_EP_SetStall
 .text.HAL_PCD_EP_ClrStall
                0x0000000008001d7a       0xac Drivers/STM32F4xx_HAL_Driver/Src/stm32f4xx_hal_pcd.o
                0x0000000008001d7a                HAL_PCD_EP_ClrStall
 .text.PCD_WriteEmptyTxFifo
                0x0000000008001e26      0x11a Drivers/STM32F4xx_HAL_Driver/Src/stm32f4xx_hal_pcd.o
 .text.PCD_EP_OutXfrComplete_int
                0x0000000008001f40      0x218 Drivers/STM32F4xx_HAL_Driver/Src/stm32f4xx_hal_pcd.o
 .text.PCD_EP_OutSetupPacket_int
                0x0000000008002158       0x8c Drivers/STM32F4xx_HAL_Driver/Src/stm32f4xx_hal_pcd.o
 .text.HAL_PCDEx_SetTxFiFo
                0x00000000080021e4       0x8e Drivers/STM32F4xx_HAL_Driver/Src/stm32f4xx_hal_pcd_ex.o
                0x00000000080021e4                HAL_PCDEx_SetTxFiFo
 .text.HAL_PCDEx_SetRxFiFo
                0x0000000008002272       0x22 Drivers/STM32F4xx_HAL_Driver/Src/stm32f4xx_hal_pcd_ex.o
                0x0000000008002272                HAL_PCDEx_SetRxFiFo
 .text.HAL_PCDEx_LPM_Callback
                0x0000000008002294       0x18 Drivers/STM32F4xx_HAL_Driver/Src/stm32f4xx_hal_pcd_ex.o
                0x0000000008002294                HAL_PCDEx_LPM_Callback
 .text.HAL_RCC_OscConfig
                0x00000000080022ac      0x4e0 Drivers/STM32F4xx_HAL_Driver/Src/stm32f4xx_hal_rcc.o
                0x00000000080022ac                HAL_RCC_OscConfig
 .text.HAL_RCC_ClockConfig
                0x000000000800278c      0x1cc Drivers/STM32F4xx_HAL_Driver/Src/stm32f4xx_hal_rcc.o
                0x000000000800278c                HAL_RCC_ClockConfig
 .text.HAL_RCC_GetSysClockFreq
                0x0000000008002958      0x1b0 Drivers/STM32F4xx_HAL_Driver/Src/stm32f4xx_hal_rcc.o
                0x0000000008002958                HAL_RCC_GetSysClockFreq
 .text.HAL_RCC_GetHCLKFreq
                0x0000000008002b08       0x18 Drivers/STM32F4xx_HAL_Driver/Src/stm32f4xx_hal_rcc.o
                0x0000000008002b08                HAL_RCC_GetHCLKFreq
 .text.USB_CoreInit
                0x0000000008002b20       0xc2 Drivers/STM32F4xx_HAL_Driver/Src/stm32f4xx_ll_usb.o
                0x0000000008002b20                USB_CoreInit
 *fill*         0x0000000008002be2        0x2 
 .text.USB_SetTurnaroundTime
                0x0000000008002be4      0x144 Drivers/STM32F4xx_HAL_Driver/Src/stm32f4xx_ll_usb.o
                0x0000000008002be4                USB_SetTurnaroundTime
 .text.USB_EnableGlobalInt
                0x0000000008002d28       0x22 Drivers/STM32F4xx_HAL_Driver/Src/stm32f4xx_ll_usb.o
                0x0000000008002d28                USB_EnableGlobalInt
 .text.USB_DisableGlobalInt
                0x0000000008002d4a       0x22 Drivers/STM32F4xx_HAL_Driver/Src/stm32f4xx_ll_usb.o
                0x0000000008002d4a                USB_DisableGlobalInt
 .text.USB_SetCurrentMode
                0x0000000008002d6c       0x54 Drivers/STM32F4xx_HAL_Driver/Src/stm32f4xx_ll_usb.o
                0x0000000008002d6c                USB_SetCurrentMode
 .text.USB_DevInit
                0x0000000008002dc0      0x2c8 Drivers/STM32F4xx_HAL_Driver/Src/stm32f4xx_ll_usb.o
                0x0000000008002dc0                USB_DevInit
 .text.USB_FlushTxFifo
                0x0000000008003088       0x4c Drivers/STM32F4xx_HAL_Driver/Src/stm32f4xx_ll_usb.o
                0x0000000008003088                USB_FlushTxFifo
 .text.USB_FlushRxFifo
                0x00000000080030d4       0x44 Drivers/STM32F4xx_HAL_Driver/Src/stm32f4xx_ll_usb.o
                0x00000000080030d4                USB_FlushRxFifo
 .text.USB_SetDevSpeed
                0x0000000008003118       0x32 Drivers/STM32F4xx_HAL_Driver/Src/stm32f4xx_ll_usb.o
                0x0000000008003118                USB_SetDevSpeed
 .text.USB_GetDevSpeed
                0x000000000800314a       0x4a Drivers/STM32F4xx_HAL_Driver/Src/stm32f4xx_ll_usb.o
                0x000000000800314a                USB_GetDevSpeed
 .text.USB_ActivateEndpoint
                0x0000000008003194      0x10e Drivers/STM32F4xx_HAL_Driver/Src/stm32f4xx_ll_usb.o
                0x0000000008003194                USB_ActivateEndpoint
 *fill*         0x00000000080032a2        0x2 
 .text.USB_DeactivateEndpoint
                0x00000000080032a4      0x1b8 Drivers/STM32F4xx_HAL_Driver/Src/stm32f4xx_ll_usb.o
                0x00000000080032a4                USB_DeactivateEndpoint
 .text.USB_EPStartXfer
                0x000000000800345c      0x488 Drivers/STM32F4xx_HAL_Driver/Src/stm32f4xx_ll_usb.o
                0x000000000800345c                USB_EPStartXfer
 .text.USB_EP0StartXfer
                0x00000000080038e4      0x2a6 Drivers/STM32F4xx_HAL_Driver/Src/stm32f4xx_ll_usb.o
                0x00000000080038e4                USB_EP0StartXfer
 .text.USB_WritePacket
                0x0000000008003b8a       0x6a Drivers/STM32F4xx_HAL_Driver/Src/stm32f4xx_ll_usb.o
                0x0000000008003b8a                USB_WritePacket
 .text.USB_ReadPacket
                0x0000000008003bf4       0x52 Drivers/STM32F4xx_HAL_Driver/Src/stm32f4xx_ll_usb.o
                0x0000000008003bf4                USB_ReadPacket
 .text.USB_EPSetStall
                0x0000000008003c46       0xdc Drivers/STM32F4xx_HAL_Driver/Src/stm32f4xx_ll_usb.o
                0x0000000008003c46                USB_EPSetStall
 .text.USB_EPClearStall
                0x0000000008003d22       0xcc Drivers/STM32F4xx_HAL_Driver/Src/stm32f4xx_ll_usb.o
                0x0000000008003d22                USB_EPClearStall
 .text.USB_SetDevAddress
                0x0000000008003dee       0x4c Drivers/STM32F4xx_HAL_Driver/Src/stm32f4xx_ll_usb.o
                0x0000000008003dee                USB_SetDevAddress
 .text.USB_DevConnect
                0x0000000008003e3a       0x30 Drivers/STM32F4xx_HAL_Driver/Src/stm32f4xx_ll_usb.o
                0x0000000008003e3a                USB_DevConnect
 .text.USB_DevDisconnect
                0x0000000008003e6a       0x30 Drivers/STM32F4xx_HAL_Driver/Src/stm32f4xx_ll_usb.o
                0x0000000008003e6a                USB_DevDisconnect
 .text.USB_ReadInterrupts
                0x0000000008003e9a       0x26 Drivers/STM32F4xx_HAL_Driver/Src/stm32f4xx_ll_usb.o
                0x0000000008003e9a                USB_ReadInterrupts
 .text.USB_ReadDevAllOutEpInterrupt
                0x0000000008003ec0       0x34 Drivers/STM32F4xx_HAL_Driver/Src/stm32f4xx_ll_usb.o
                0x0000000008003ec0                USB_ReadDevAllOutEpInterrupt
 .text.USB_ReadDevAllInEpInterrupt
                0x0000000008003ef4       0x34 Drivers/STM32F4xx_HAL_Driver/Src/stm32f4xx_ll_usb.o
                0x0000000008003ef4                USB_ReadDevAllInEpInterrupt
 .text.USB_ReadDevOutEPInterrupt
                0x0000000008003f28       0x3c Drivers/STM32F4xx_HAL_Driver/Src/stm32f4xx_ll_usb.o
                0x0000000008003f28                USB_ReadDevOutEPInterrupt
 .text.USB_ReadDevInEPInterrupt
                0x0000000008003f64       0x5c Drivers/STM32F4xx_HAL_Driver/Src/stm32f4xx_ll_usb.o
                0x0000000008003f64                USB_ReadDevInEPInterrupt
 .text.USB_GetMode
                0x0000000008003fc0       0x1c Drivers/STM32F4xx_HAL_Driver/Src/stm32f4xx_ll_usb.o
                0x0000000008003fc0                USB_GetMode
 .text.USB_ActivateSetup
                0x0000000008003fdc       0x46 Drivers/STM32F4xx_HAL_Driver/Src/stm32f4xx_ll_usb.o
                0x0000000008003fdc                USB_ActivateSetup
 *fill*         0x0000000008004022        0x2 
 .text.USB_EP0_OutStart
                0x0000000008004024       0xbc Drivers/STM32F4xx_HAL_Driver/Src/stm32f4xx_ll_usb.o
                0x0000000008004024                USB_EP0_OutStart
 .text.USB_CoreReset
                0x00000000080040e0       0x68 Drivers/STM32F4xx_HAL_Driver/Src/stm32f4xx_ll_usb.o
 .text.USBD_CUSTOM_HID_Init
                0x0000000008004148       0xa4 Middlewares/ST/STM32_USB_Device_Library/Class/CustomHID/Src/usbd_customhid.o
 .text.USBD_CUSTOM_HID_DeInit
                0x00000000080041ec       0x6a Middlewares/ST/STM32_USB_Device_Library/Class/CustomHID/Src/usbd_customhid.o
 *fill*         0x0000000008004256        0x2 
 .text.USBD_CUSTOM_HID_Setup
                0x0000000008004258      0x204 Middlewares/ST/STM32_USB_Device_Library/Class/CustomHID/Src/usbd_customhid.o
 .text.USBD_CUSTOM_HID_SendReport
                0x000000000800445c       0x5c Middlewares/ST/STM32_USB_Device_Library/Class/CustomHID/Src/usbd_customhid.o
                0x000000000800445c                USBD_CUSTOM_HID_SendReport
 .text.USBD_CUSTOM_HID_GetFSCfgDesc
                0x00000000080044b8       0x20 Middlewares/ST/STM32_USB_Device_Library/Class/CustomHID/Src/usbd_customhid.o
 .text.USBD_CUSTOM_HID_GetHSCfgDesc
                0x00000000080044d8       0x20 Middlewares/ST/STM32_USB_Device_Library/Class/CustomHID/Src/usbd_customhid.o
 .text.USBD_CUSTOM_HID_GetOtherSpeedCfgDesc
                0x00000000080044f8       0x20 Middlewares/ST/STM32_USB_Device_Library/Class/CustomHID/Src/usbd_customhid.o
 .text.USBD_CUSTOM_HID_DataIn
                0x0000000008004518       0x26 Middlewares/ST/STM32_USB_Device_Library/Class/CustomHID/Src/usbd_customhid.o
 .text.USBD_CUSTOM_HID_DataOut
                0x000000000800453e       0x40 Middlewares/ST/STM32_USB_Device_Library/Class/CustomHID/Src/usbd_customhid.o
 .text.USBD_CUSTOM_HID_ReceivePacket
                0x000000000800457e       0x34 Middlewares/ST/STM32_USB_Device_Library/Class/CustomHID/Src/usbd_customhid.o
                0x000000000800457e                USBD_CUSTOM_HID_ReceivePacket
 .text.USBD_CUSTOM_HID_EP0_RxReady
                0x00000000080045b2       0x3c Middlewares/ST/STM32_USB_Device_Library/Class/CustomHID/Src/usbd_customhid.o
 *fill*         0x00000000080045ee        0x2 
 .text.USBD_CUSTOM_HID_GetDeviceQualifierDesc
                0x00000000080045f0       0x20 Middlewares/ST/STM32_USB_Device_Library/Class/CustomHID/Src/usbd_customhid.o
 .text.USBD_CUSTOM_HID_RegisterInterface
                0x0000000008004610       0x2a Middlewares/ST/STM32_USB_Device_Library/Class/CustomHID/Src/usbd_customhid.o
                0x0000000008004610                USBD_CUSTOM_HID_RegisterInterface
 .text.USBD_Init
                0x000000000800463a       0x6c Middlewares/ST/STM32_USB_Device_Library/Core/Src/usbd_core.o
                0x000000000800463a                USBD_Init
 .text.USBD_RegisterClass
                0x00000000080046a6       0x42 Middlewares/ST/STM32_USB_Device_Library/Core/Src/usbd_core.o
                0x00000000080046a6                USBD_RegisterClass
 .text.USBD_Start
                0x00000000080046e8       0x18 Middlewares/ST/STM32_USB_Device_Library/Core/Src/usbd_core.o
                0x00000000080046e8                USBD_Start
 .text.USBD_RunTestMode
                0x0000000008004700       0x16 Middlewares/ST/STM32_USB_Device_Library/Core/Src/usbd_core.o
                0x0000000008004700                USBD_RunTestMode
 .text.USBD_SetClassConfig
                0x0000000008004716       0x38 Middlewares/ST/STM32_USB_Device_Library/Core/Src/usbd_core.o
                0x0000000008004716                USBD_SetClassConfig
 .text.USBD_ClrClassConfig
                0x000000000800474e       0x30 Middlewares/ST/STM32_USB_Device_Library/Core/Src/usbd_core.o
                0x000000000800474e                USBD_ClrClassConfig
 .text.USBD_LL_SetupStage
                0x000000000800477e       0xa6 Middlewares/ST/STM32_USB_Device_Library/Core/Src/usbd_core.o
                0x000000000800477e                USBD_LL_SetupStage
 .text.USBD_LL_DataOutStage
                0x0000000008004824       0xc6 Middlewares/ST/STM32_USB_Device_Library/Core/Src/usbd_core.o
                0x0000000008004824                USBD_LL_DataOutStage
 .text.USBD_LL_DataInStage
                0x00000000080048ea      0x12c Middlewares/ST/STM32_USB_Device_Library/Core/Src/usbd_core.o
                0x00000000080048ea                USBD_LL_DataInStage
 .text.USBD_LL_Reset
                0x0000000008004a16       0x82 Middlewares/ST/STM32_USB_Device_Library/Core/Src/usbd_core.o
                0x0000000008004a16                USBD_LL_Reset
 .text.USBD_LL_SetSpeed
                0x0000000008004a98       0x20 Middlewares/ST/STM32_USB_Device_Library/Core/Src/usbd_core.o
                0x0000000008004a98                USBD_LL_SetSpeed
 .text.USBD_LL_Suspend
                0x0000000008004ab8       0x2a Middlewares/ST/STM32_USB_Device_Library/Core/Src/usbd_core.o
                0x0000000008004ab8                USBD_LL_Suspend
 .text.USBD_LL_Resume
                0x0000000008004ae2       0x2c Middlewares/ST/STM32_USB_Device_Library/Core/Src/usbd_core.o
                0x0000000008004ae2                USBD_LL_Resume
 .text.USBD_LL_SOF
                0x0000000008004b0e       0x34 Middlewares/ST/STM32_USB_Device_Library/Core/Src/usbd_core.o
                0x0000000008004b0e                USBD_LL_SOF
 .text.USBD_LL_IsoINIncomplete
                0x0000000008004b42       0x1a Middlewares/ST/STM32_USB_Device_Library/Core/Src/usbd_core.o
                0x0000000008004b42                USBD_LL_IsoINIncomplete
 .text.USBD_LL_IsoOUTIncomplete
                0x0000000008004b5c       0x1a Middlewares/ST/STM32_USB_Device_Library/Core/Src/usbd_core.o
                0x0000000008004b5c                USBD_LL_IsoOUTIncomplete
 .text.USBD_LL_DevConnected
                0x0000000008004b76       0x16 Middlewares/ST/STM32_USB_Device_Library/Core/Src/usbd_core.o
                0x0000000008004b76                USBD_LL_DevConnected
 .text.USBD_LL_DevDisconnected
                0x0000000008004b8c       0x38 Middlewares/ST/STM32_USB_Device_Library/Core/Src/usbd_core.o
                0x0000000008004b8c                USBD_LL_DevDisconnected
 .text.SWAPBYTE
                0x0000000008004bc4       0x3c Middlewares/ST/STM32_USB_Device_Library/Core/Src/usbd_ctlreq.o
 .text.USBD_StdDevReq
                0x0000000008004c00       0xdc Middlewares/ST/STM32_USB_Device_Library/Core/Src/usbd_ctlreq.o
                0x0000000008004c00                USBD_StdDevReq
 .text.USBD_StdItfReq
                0x0000000008004cdc       0x8c Middlewares/ST/STM32_USB_Device_Library/Core/Src/usbd_ctlreq.o
                0x0000000008004cdc                USBD_StdItfReq
 .text.USBD_StdEPReq
                0x0000000008004d68      0x2aa Middlewares/ST/STM32_USB_Device_Library/Core/Src/usbd_ctlreq.o
                0x0000000008004d68                USBD_StdEPReq
 *fill*         0x0000000008005012        0x2 
 .text.USBD_GetDescriptor
                0x0000000008005014      0x2d4 Middlewares/ST/STM32_USB_Device_Library/Core/Src/usbd_ctlreq.o
 .text.USBD_SetAddress
                0x00000000080052e8       0x84 Middlewares/ST/STM32_USB_Device_Library/Core/Src/usbd_ctlreq.o
 .text.USBD_SetConfig
                0x000000000800536c      0x148 Middlewares/ST/STM32_USB_Device_Library/Core/Src/usbd_ctlreq.o
 .text.USBD_GetConfig
                0x00000000080054b4       0x68 Middlewares/ST/STM32_USB_Device_Library/Core/Src/usbd_ctlreq.o
 .text.USBD_GetStatus
                0x000000000800551c       0x66 Middlewares/ST/STM32_USB_Device_Library/Core/Src/usbd_ctlreq.o
 .text.USBD_SetFeature
                0x0000000008005582       0x28 Middlewares/ST/STM32_USB_Device_Library/Core/Src/usbd_ctlreq.o
 .text.USBD_ClrFeature
                0x00000000080055aa       0x42 Middlewares/ST/STM32_USB_Device_Library/Core/Src/usbd_ctlreq.o
 .text.USBD_ParseSetupRequest
                0x00000000080055ec       0x74 Middlewares/ST/STM32_USB_Device_Library/Core/Src/usbd_ctlreq.o
                0x00000000080055ec                USBD_ParseSetupRequest
 .text.USBD_CtlError
                0x0000000008005660       0x22 Middlewares/ST/STM32_USB_Device_Library/Core/Src/usbd_ctlreq.o
                0x0000000008005660                USBD_CtlError
 .text.USBD_GetString
                0x0000000008005682       0x8c Middlewares/ST/STM32_USB_Device_Library/Core/Src/usbd_ctlreq.o
                0x0000000008005682                USBD_GetString
 .text.USBD_GetLen
                0x000000000800570e       0x34 Middlewares/ST/STM32_USB_Device_Library/Core/Src/usbd_ctlreq.o
 .text.USBD_CtlSendData
                0x0000000008005742       0x36 Middlewares/ST/STM32_USB_Device_Library/Core/Src/usbd_ioreq.o
                0x0000000008005742                USBD_CtlSendData
 .text.USBD_CtlContinueSendData
                0x0000000008005778       0x22 Middlewares/ST/STM32_USB_Device_Library/Core/Src/usbd_ioreq.o
                0x0000000008005778                USBD_CtlContinueSendData
 .text.USBD_CtlPrepareRx
                0x000000000800579a       0x3a Middlewares/ST/STM32_USB_Device_Library/Core/Src/usbd_ioreq.o
                0x000000000800579a                USBD_CtlPrepareRx
 .text.USBD_CtlContinueRx
                0x00000000080057d4       0x22 Middlewares/ST/STM32_USB_Device_Library/Core/Src/usbd_ioreq.o
                0x00000000080057d4                USBD_CtlContinueRx
 .text.USBD_CtlSendStatus
                0x00000000080057f6       0x26 Middlewares/ST/STM32_USB_Device_Library/Core/Src/usbd_ioreq.o
                0x00000000080057f6                USBD_CtlSendStatus
 .text.USBD_CtlReceiveStatus
                0x000000000800581c       0x26 Middlewares/ST/STM32_USB_Device_Library/Core/Src/usbd_ioreq.o
                0x000000000800581c                USBD_CtlReceiveStatus
 *fill*         0x0000000008005842        0x2 
 .text.MX_USB_DEVICE_Init
                0x0000000008005844       0x60 USB_DEVICE/App/usb_device.o
                0x0000000008005844                MX_USB_DEVICE_Init
 .text.CUSTOM_HID_Init_FS
                0x00000000080058a4       0x10 USB_DEVICE/App/usbd_custom_hid_if.o
 .text.CUSTOM_HID_DeInit_FS
                0x00000000080058b4       0x10 USB_DEVICE/App/usbd_custom_hid_if.o
 .text.CUSTOM_HID_OutEvent_FS
                0x00000000080058c4       0xb4 USB_DEVICE/App/usbd_custom_hid_if.o
 .text.USBD_FS_DeviceDescriptor
                0x0000000008005978       0x24 USB_DEVICE/App/usbd_desc.o
                0x0000000008005978                USBD_FS_DeviceDescriptor
 .text.USBD_FS_LangIDStrDescriptor
                0x000000000800599c       0x24 USB_DEVICE/App/usbd_desc.o
                0x000000000800599c                USBD_FS_LangIDStrDescriptor
 .text.USBD_FS_ProductStrDescriptor
                0x00000000080059c0       0x3c USB_DEVICE/App/usbd_desc.o
                0x00000000080059c0                USBD_FS_ProductStrDescriptor
 .text.USBD_FS_ManufacturerStrDescriptor
                0x00000000080059fc       0x28 USB_DEVICE/App/usbd_desc.o
                0x00000000080059fc                USBD_FS_ManufacturerStrDescriptor
 .text.USBD_FS_SerialStrDescriptor
                0x0000000008005a24       0x24 USB_DEVICE/App/usbd_desc.o
                0x0000000008005a24                USBD_FS_SerialStrDescriptor
 .text.USBD_FS_ConfigStrDescriptor
                0x0000000008005a48       0x3c USB_DEVICE/App/usbd_desc.o
                0x0000000008005a48                USBD_FS_ConfigStrDescriptor
 .text.USBD_FS_InterfaceStrDescriptor
                0x0000000008005a84       0x3c USB_DEVICE/App/usbd_desc.o
                0x0000000008005a84                USBD_FS_InterfaceStrDescriptor
 .text.Get_SerialNum
                0x0000000008005ac0       0x58 USB_DEVICE/App/usbd_desc.o
 .text.IntToUnicode
                0x0000000008005b18       0x7c USB_DEVICE/App/usbd_desc.o
 .text.HAL_PCD_MspInit
                0x0000000008005b94       0xa8 USB_DEVICE/Target/usbd_conf.o
                0x0000000008005b94                HAL_PCD_MspInit
 .text.HAL_PCD_SetupStageCallback
                0x0000000008005c3c       0x24 USB_DEVICE/Target/usbd_conf.o
                0x0000000008005c3c                HAL_PCD_SetupStageCallback
 .text.HAL_PCD_DataOutStageCallback
                0x0000000008005c60       0x36 USB_DEVICE/Target/usbd_conf.o
                0x0000000008005c60                HAL_PCD_DataOutStageCallback
 .text.HAL_PCD_DataInStageCallback
                0x0000000008005c96       0x34 USB_DEVICE/Target/usbd_conf.o
                0x0000000008005c96                HAL_PCD_DataInStageCallback
 .text.HAL_PCD_SOFCallback
                0x0000000008005cca       0x1c USB_DEVICE/Target/usbd_conf.o
                0x0000000008005cca                HAL_PCD_SOFCallback
 .text.HAL_PCD_ResetCallback
                0x0000000008005ce6       0x50 USB_DEVICE/Target/usbd_conf.o
                0x0000000008005ce6                HAL_PCD_ResetCallback
 *fill*         0x0000000008005d36        0x2 
 .text.HAL_PCD_SuspendCallback
                0x0000000008005d38       0x4c USB_DEVICE/Target/usbd_conf.o
                0x0000000008005d38                HAL_PCD_SuspendCallback
 .text.HAL_PCD_ResumeCallback
                0x0000000008005d84       0x1c USB_DEVICE/Target/usbd_conf.o
                0x0000000008005d84                HAL_PCD_ResumeCallback
 .text.HAL_PCD_ISOOUTIncompleteCallback
                0x0000000008005da0       0x24 USB_DEVICE/Target/usbd_conf.o
                0x0000000008005da0                HAL_PCD_ISOOUTIncompleteCallback
 .text.HAL_PCD_ISOINIncompleteCallback
                0x0000000008005dc4       0x24 USB_DEVICE/Target/usbd_conf.o
                0x0000000008005dc4                HAL_PCD_ISOINIncompleteCallback
 .text.HAL_PCD_ConnectCallback
                0x0000000008005de8       0x1c USB_DEVICE/Target/usbd_conf.o
                0x0000000008005de8                HAL_PCD_ConnectCallback
 .text.HAL_PCD_DisconnectCallback
                0x0000000008005e04       0x1c USB_DEVICE/Target/usbd_conf.o
                0x0000000008005e04                HAL_PCD_DisconnectCallback
 .text.USBD_LL_Init
                0x0000000008005e20       0x98 USB_DEVICE/Target/usbd_conf.o
                0x0000000008005e20                USBD_LL_Init
 .text.USBD_LL_Start
                0x0000000008005eb8       0x36 USB_DEVICE/Target/usbd_conf.o
                0x0000000008005eb8                USBD_LL_Start
 .text.USBD_LL_OpenEP
                0x0000000008005eee       0x4c USB_DEVICE/Target/usbd_conf.o
                0x0000000008005eee                USBD_LL_OpenEP
 .text.USBD_LL_CloseEP
                0x0000000008005f3a       0x3e USB_DEVICE/Target/usbd_conf.o
                0x0000000008005f3a                USBD_LL_CloseEP
 .text.USBD_LL_StallEP
                0x0000000008005f78       0x3e USB_DEVICE/Target/usbd_conf.o
                0x0000000008005f78                USBD_LL_StallEP
 .text.USBD_LL_ClearStallEP
                0x0000000008005fb6       0x3e USB_DEVICE/Target/usbd_conf.o
                0x0000000008005fb6                USBD_LL_ClearStallEP
 .text.USBD_LL_IsStallEP
                0x0000000008005ff4       0x58 USB_DEVICE/Target/usbd_conf.o
                0x0000000008005ff4                USBD_LL_IsStallEP
 .text.USBD_LL_SetUSBAddress
                0x000000000800604c       0x3e USB_DEVICE/Target/usbd_conf.o
                0x000000000800604c                USBD_LL_SetUSBAddress
 .text.USBD_LL_Transmit
                0x000000000800608a       0x42 USB_DEVICE/Target/usbd_conf.o
                0x000000000800608a                USBD_LL_Transmit
 .text.USBD_LL_PrepareReceive
                0x00000000080060cc       0x42 USB_DEVICE/Target/usbd_conf.o
                0x00000000080060cc                USBD_LL_PrepareReceive
 *fill*         0x000000000800610e        0x2 
 .text.USBD_Get_USB_Status
                0x0000000008006110       0x58 USB_DEVICE/Target/usbd_conf.o
                0x0000000008006110                USBD_Get_USB_Status
 .text.__errno  0x0000000008006168        0xc c:/st/stm32cubeide_1.3.0/stm32cubeide/plugins/com.st.stm32cube.ide.mcu.externaltools.gnu-tools-for-stm32.7-2018-q2-update.win32_1.0.0.201904181610/tools/bin/../lib/gcc/arm-none-eabi/7.3.1/../../../../arm-none-eabi/lib/thumb/v7e-m/fpv4-sp/hard\libc_nano.a(lib_a-errno.o)
                0x0000000008006168                __errno
 .text.__libc_init_array
                0x0000000008006174       0x48 c:/st/stm32cubeide_1.3.0/stm32cubeide/plugins/com.st.stm32cube.ide.mcu.externaltools.gnu-tools-for-stm32.7-2018-q2-update.win32_1.0.0.201904181610/tools/bin/../lib/gcc/arm-none-eabi/7.3.1/../../../../arm-none-eabi/lib/thumb/v7e-m/fpv4-sp/hard\libc_nano.a(lib_a-init.o)
                0x0000000008006174                __libc_init_array
 .text.malloc   0x00000000080061bc       0x10 c:/st/stm32cubeide_1.3.0/stm32cubeide/plugins/com.st.stm32cube.ide.mcu.externaltools.gnu-tools-for-stm32.7-2018-q2-update.win32_1.0.0.201904181610/tools/bin/../lib/gcc/arm-none-eabi/7.3.1/../../../../arm-none-eabi/lib/thumb/v7e-m/fpv4-sp/hard\libc_nano.a(lib_a-malloc.o)
                0x00000000080061bc                malloc
 .text.free     0x00000000080061cc       0x10 c:/st/stm32cubeide_1.3.0/stm32cubeide/plugins/com.st.stm32cube.ide.mcu.externaltools.gnu-tools-for-stm32.7-2018-q2-update.win32_1.0.0.201904181610/tools/bin/../lib/gcc/arm-none-eabi/7.3.1/../../../../arm-none-eabi/lib/thumb/v7e-m/fpv4-sp/hard\libc_nano.a(lib_a-malloc.o)
                0x00000000080061cc                free
 .text.memset   0x00000000080061dc       0x10 c:/st/stm32cubeide_1.3.0/stm32cubeide/plugins/com.st.stm32cube.ide.mcu.externaltools.gnu-tools-for-stm32.7-2018-q2-update.win32_1.0.0.201904181610/tools/bin/../lib/gcc/arm-none-eabi/7.3.1/../../../../arm-none-eabi/lib/thumb/v7e-m/fpv4-sp/hard\libc_nano.a(lib_a-memset.o)
                0x00000000080061dc                memset
 .text._free_r  0x00000000080061ec       0x9c c:/st/stm32cubeide_1.3.0/stm32cubeide/plugins/com.st.stm32cube.ide.mcu.externaltools.gnu-tools-for-stm32.7-2018-q2-update.win32_1.0.0.201904181610/tools/bin/../lib/gcc/arm-none-eabi/7.3.1/../../../../arm-none-eabi/lib/thumb/v7e-m/fpv4-sp/hard\libc_nano.a(lib_a-nano-freer.o)
                0x00000000080061ec                _free_r
 .text._malloc_r
                0x0000000008006288       0xb4 c:/st/stm32cubeide_1.3.0/stm32cubeide/plugins/com.st.stm32cube.ide.mcu.externaltools.gnu-tools-for-stm32.7-2018-q2-update.win32_1.0.0.201904181610/tools/bin/../lib/gcc/arm-none-eabi/7.3.1/../../../../arm-none-eabi/lib/thumb/v7e-m/fpv4-sp/hard\libc_nano.a(lib_a-nano-mallocr.o)
                0x0000000008006288                _malloc_r
 .text._sbrk_r  0x000000000800633c       0x20 c:/st/stm32cubeide_1.3.0/stm32cubeide/plugins/com.st.stm32cube.ide.mcu.externaltools.gnu-tools-for-stm32.7-2018-q2-update.win32_1.0.0.201904181610/tools/bin/../lib/gcc/arm-none-eabi/7.3.1/../../../../arm-none-eabi/lib/thumb/v7e-m/fpv4-sp/hard\libc_nano.a(lib_a-sbrkr.o)
                0x000000000800633c                _sbrk_r
 .text.__malloc_lock
                0x000000000800635c        0x2 c:/st/stm32cubeide_1.3.0/stm32cubeide/plugins/com.st.stm32cube.ide.mcu.externaltools.gnu-tools-for-stm32.7-2018-q2-update.win32_1.0.0.201904181610/tools/bin/../lib/gcc/arm-none-eabi/7.3.1/../../../../arm-none-eabi/lib/thumb/v7e-m/fpv4-sp/hard\libc_nano.a(lib_a-mlock.o)
                0x000000000800635c                __malloc_lock
 .text.__malloc_unlock
                0x000000000800635e        0x2 c:/st/stm32cubeide_1.3.0/stm32cubeide/plugins/com.st.stm32cube.ide.mcu.externaltools.gnu-tools-for-stm32.7-2018-q2-update.win32_1.0.0.201904181610/tools/bin/../lib/gcc/arm-none-eabi/7.3.1/../../../../arm-none-eabi/lib/thumb/v7e-m/fpv4-sp/hard\libc_nano.a(lib_a-mlock.o)
                0x000000000800635e                __malloc_unlock
 *(.glue_7)
 .glue_7        0x0000000008006360        0x0 linker stubs
 *(.glue_7t)
 .glue_7t       0x0000000008006360        0x0 linker stubs
 *(.eh_frame)
 .eh_frame      0x0000000008006360        0x0 c:/st/stm32cubeide_1.3.0/stm32cubeide/plugins/com.st.stm32cube.ide.mcu.externaltools.gnu-tools-for-stm32.7-2018-q2-update.win32_1.0.0.201904181610/tools/bin/../lib/gcc/arm-none-eabi/7.3.1/thumb/v7e-m/fpv4-sp/hard/crtbegin.o
 *(.init)
 .init          0x0000000008006360        0x4 c:/st/stm32cubeide_1.3.0/stm32cubeide/plugins/com.st.stm32cube.ide.mcu.externaltools.gnu-tools-for-stm32.7-2018-q2-update.win32_1.0.0.201904181610/tools/bin/../lib/gcc/arm-none-eabi/7.3.1/thumb/v7e-m/fpv4-sp/hard/crti.o
                0x0000000008006360                _init
 .init          0x0000000008006364        0x8 c:/st/stm32cubeide_1.3.0/stm32cubeide/plugins/com.st.stm32cube.ide.mcu.externaltools.gnu-tools-for-stm32.7-2018-q2-update.win32_1.0.0.201904181610/tools/bin/../lib/gcc/arm-none-eabi/7.3.1/thumb/v7e-m/fpv4-sp/hard/crtn.o
 *(.fini)
 .fini          0x000000000800636c        0x4 c:/st/stm32cubeide_1.3.0/stm32cubeide/plugins/com.st.stm32cube.ide.mcu.externaltools.gnu-tools-for-stm32.7-2018-q2-update.win32_1.0.0.201904181610/tools/bin/../lib/gcc/arm-none-eabi/7.3.1/thumb/v7e-m/fpv4-sp/hard/crti.o
                0x000000000800636c                _fini
 .fini          0x0000000008006370        0x8 c:/st/stm32cubeide_1.3.0/stm32cubeide/plugins/com.st.stm32cube.ide.mcu.externaltools.gnu-tools-for-stm32.7-2018-q2-update.win32_1.0.0.201904181610/tools/bin/../lib/gcc/arm-none-eabi/7.3.1/thumb/v7e-m/fpv4-sp/hard/crtn.o
                0x0000000008006378                . = ALIGN (0x4)
                0x0000000008006378                _etext = .

.vfp11_veneer   0x0000000008006378        0x0
 .vfp11_veneer  0x0000000008006378        0x0 linker stubs

.v4_bx          0x0000000008006378        0x0
 .v4_bx         0x0000000008006378        0x0 linker stubs

.iplt           0x0000000008006378        0x0
 .iplt          0x0000000008006378        0x0 c:/st/stm32cubeide_1.3.0/stm32cubeide/plugins/com.st.stm32cube.ide.mcu.externaltools.gnu-tools-for-stm32.7-2018-q2-update.win32_1.0.0.201904181610/tools/bin/../lib/gcc/arm-none-eabi/7.3.1/thumb/v7e-m/fpv4-sp/hard/crtbegin.o

.rodata         0x0000000008006378       0x70
                0x0000000008006378                . = ALIGN (0x4)
 *(.rodata)
 .rodata        0x0000000008006378       0x5d USB_DEVICE/App/usbd_desc.o
 *(.rodata*)
 *fill*         0x00000000080063d5        0x3 
 .rodata.AHBPrescTable
                0x00000000080063d8       0x10 Core/Src/system_stm32f4xx.o
                0x00000000080063d8                AHBPrescTable
                0x00000000080063e8                . = ALIGN (0x4)

.ARM.extab      0x00000000080063e8        0x0
                0x00000000080063e8                . = ALIGN (0x4)
 *(.ARM.extab* .gnu.linkonce.armextab.*)
                0x00000000080063e8                . = ALIGN (0x4)

.ARM            0x00000000080063e8        0x8
                0x00000000080063e8                . = ALIGN (0x4)
                0x00000000080063e8                __exidx_start = .
 *(.ARM.exidx*)
 .ARM.exidx     0x00000000080063e8        0x8 c:/st/stm32cubeide_1.3.0/stm32cubeide/plugins/com.st.stm32cube.ide.mcu.externaltools.gnu-tools-for-stm32.7-2018-q2-update.win32_1.0.0.201904181610/tools/bin/../lib/gcc/arm-none-eabi/7.3.1/thumb/v7e-m/fpv4-sp/hard\libgcc.a(_udivmoddi4.o)
                0x00000000080063f0                __exidx_end = .
                0x00000000080063f0                . = ALIGN (0x4)

.rel.dyn        0x00000000080063f0        0x0
 .rel.iplt      0x00000000080063f0        0x0 c:/st/stm32cubeide_1.3.0/stm32cubeide/plugins/com.st.stm32cube.ide.mcu.externaltools.gnu-tools-for-stm32.7-2018-q2-update.win32_1.0.0.201904181610/tools/bin/../lib/gcc/arm-none-eabi/7.3.1/thumb/v7e-m/fpv4-sp/hard/crtbegin.o

.preinit_array  0x00000000080063f0        0x0
                0x00000000080063f0                . = ALIGN (0x4)
                0x00000000080063f0                PROVIDE (__preinit_array_start = .)
 *(.preinit_array*)
                0x00000000080063f0                PROVIDE (__preinit_array_end = .)
                0x00000000080063f0                . = ALIGN (0x4)

.init_array     0x00000000080063f0        0x4
                0x00000000080063f0                . = ALIGN (0x4)
                0x00000000080063f0                PROVIDE (__init_array_start = .)
 *(SORT_BY_NAME(.init_array.*))
 *(.init_array*)
 .init_array    0x00000000080063f0        0x4 c:/st/stm32cubeide_1.3.0/stm32cubeide/plugins/com.st.stm32cube.ide.mcu.externaltools.gnu-tools-for-stm32.7-2018-q2-update.win32_1.0.0.201904181610/tools/bin/../lib/gcc/arm-none-eabi/7.3.1/thumb/v7e-m/fpv4-sp/hard/crtbegin.o
                0x00000000080063f4                PROVIDE (__init_array_end = .)
                0x00000000080063f4                . = ALIGN (0x4)

.fini_array     0x00000000080063f4        0x4
                0x00000000080063f4                . = ALIGN (0x4)
                [!provide]                        PROVIDE (__fini_array_start = .)
 *(SORT_BY_NAME(.fini_array.*))
 *(.fini_array*)
 .fini_array    0x00000000080063f4        0x4 c:/st/stm32cubeide_1.3.0/stm32cubeide/plugins/com.st.stm32cube.ide.mcu.externaltools.gnu-tools-for-stm32.7-2018-q2-update.win32_1.0.0.201904181610/tools/bin/../lib/gcc/arm-none-eabi/7.3.1/thumb/v7e-m/fpv4-sp/hard/crtbegin.o
                [!provide]                        PROVIDE (__fini_array_end = .)
                0x00000000080063f8                . = ALIGN (0x4)
                0x00000000080063f8                _sidata = LOADADDR (.data)

.data           0x0000000020000000      0x1c8 load address 0x00000000080063f8
                0x0000000020000000                . = ALIGN (0x4)
                0x0000000020000000                _sdata = .
 *(.data)
 *(.data*)
 .data.SystemCoreClock
                0x0000000020000000        0x4 Core/Src/system_stm32f4xx.o
                0x0000000020000000                SystemCoreClock
 .data.uwTickPrio
                0x0000000020000004        0x4 Drivers/STM32F4xx_HAL_Driver/Src/stm32f4xx_hal.o
                0x0000000020000004                uwTickPrio
 .data.uwTickFreq
                0x0000000020000008        0x1 Drivers/STM32F4xx_HAL_Driver/Src/stm32f4xx_hal.o
                0x0000000020000008                uwTickFreq
 *fill*         0x0000000020000009        0x3 
 .data.USBD_CUSTOM_HID
                0x000000002000000c       0x38 Middlewares/ST/STM32_USB_Device_Library/Class/CustomHID/Src/usbd_customhid.o
                0x000000002000000c                USBD_CUSTOM_HID
 .data.USBD_CUSTOM_HID_CfgFSDesc
                0x0000000020000044       0x29 Middlewares/ST/STM32_USB_Device_Library/Class/CustomHID/Src/usbd_customhid.o
 *fill*         0x000000002000006d        0x3 
 .data.USBD_CUSTOM_HID_CfgHSDesc
                0x0000000020000070       0x29 Middlewares/ST/STM32_USB_Device_Library/Class/CustomHID/Src/usbd_customhid.o
 *fill*         0x0000000020000099        0x3 
 .data.USBD_CUSTOM_HID_OtherSpeedCfgDesc
                0x000000002000009c       0x29 Middlewares/ST/STM32_USB_Device_Library/Class/CustomHID/Src/usbd_customhid.o
 *fill*         0x00000000200000c5        0x3 
 .data.USBD_CUSTOM_HID_Desc
                0x00000000200000c8        0x9 Middlewares/ST/STM32_USB_Device_Library/Class/CustomHID/Src/usbd_customhid.o
 *fill*         0x00000000200000d1        0x3 
 .data.USBD_CUSTOM_HID_DeviceQualifierDesc
                0x00000000200000d4        0xa Middlewares/ST/STM32_USB_Device_Library/Class/CustomHID/Src/usbd_customhid.o
 *fill*         0x00000000200000de        0x2 
 .data.CUSTOM_HID_ReportDesc_FS
                0x00000000200000e0       0x21 USB_DEVICE/App/usbd_custom_hid_if.o
 *fill*         0x0000000020000101        0x3 
 .data.USBD_CustomHID_fops_FS
                0x0000000020000104       0x10 USB_DEVICE/App/usbd_custom_hid_if.o
                0x0000000020000104                USBD_CustomHID_fops_FS
 .data.FS_Desc  0x0000000020000114       0x1c USB_DEVICE/App/usbd_desc.o
                0x0000000020000114                FS_Desc
 .data.USBD_FS_DeviceDesc
                0x0000000020000130       0x12 USB_DEVICE/App/usbd_desc.o
                0x0000000020000130                USBD_FS_DeviceDesc
 *fill*         0x0000000020000142        0x2 
 .data.USBD_LangIDDesc
                0x0000000020000144        0x4 USB_DEVICE/App/usbd_desc.o
                0x0000000020000144                USBD_LangIDDesc
 .data.USBD_StringSerial
                0x0000000020000148       0x1a USB_DEVICE/App/usbd_desc.o
                0x0000000020000148                USBD_StringSerial
 *fill*         0x0000000020000162        0x2 
 .data._impure_ptr
                0x0000000020000164        0x4 c:/st/stm32cubeide_1.3.0/stm32cubeide/plugins/com.st.stm32cube.ide.mcu.externaltools.gnu-tools-for-stm32.7-2018-q2-update.win32_1.0.0.201904181610/tools/bin/../lib/gcc/arm-none-eabi/7.3.1/../../../../arm-none-eabi/lib/thumb/v7e-m/fpv4-sp/hard\libc_nano.a(lib_a-impure.o)
                0x0000000020000164                _impure_ptr
 .data.impure_data
                0x0000000020000168       0x60 c:/st/stm32cubeide_1.3.0/stm32cubeide/plugins/com.st.stm32cube.ide.mcu.externaltools.gnu-tools-for-stm32.7-2018-q2-update.win32_1.0.0.201904181610/tools/bin/../lib/gcc/arm-none-eabi/7.3.1/../../../../arm-none-eabi/lib/thumb/v7e-m/fpv4-sp/hard\libc_nano.a(lib_a-impure.o)
                0x00000000200001c8                . = ALIGN (0x4)
                0x00000000200001c8                _edata = .

.igot.plt       0x00000000200001c8        0x0 load address 0x00000000080065c0
 .igot.plt      0x00000000200001c8        0x0 c:/st/stm32cubeide_1.3.0/stm32cubeide/plugins/com.st.stm32cube.ide.mcu.externaltools.gnu-tools-for-stm32.7-2018-q2-update.win32_1.0.0.201904181610/tools/bin/../lib/gcc/arm-none-eabi/7.3.1/thumb/v7e-m/fpv4-sp/hard/crtbegin.o
                0x00000000200001c8                . = ALIGN (0x4)

.bss            0x00000000200001c8      0x940 load address 0x00000000080065c0
                0x00000000200001c8                _sbss = .
                0x00000000200001c8                __bss_start__ = _sbss
 *(.bss)
 .bss           0x00000000200001c8       0x1c c:/st/stm32cubeide_1.3.0/stm32cubeide/plugins/com.st.stm32cube.ide.mcu.externaltools.gnu-tools-for-stm32.7-2018-q2-update.win32_1.0.0.201904181610/tools/bin/../lib/gcc/arm-none-eabi/7.3.1/thumb/v7e-m/fpv4-sp/hard/crtbegin.o
 *(.bss*)
 .bss.heap_end.6424
                0x00000000200001e4        0x4 Core/Src/sysmem.o
 .bss.cfgidx.9743
                0x00000000200001e8        0x1 Middlewares/ST/STM32_USB_Device_Library/Core/Src/usbd_ctlreq.o
 *fill*         0x00000000200001e9        0x3 
 .bss.USB_DataBuffer
                0x00000000200001ec       0x32 USB_DEVICE/App/usbd_custom_hid_if.o
                0x00000000200001ec                USB_DataBuffer
 .bss.USB_GetDataFlag
                0x000000002000021e        0x1 USB_DEVICE/App/usbd_custom_hid_if.o
                0x000000002000021e                USB_GetDataFlag
 .bss.USB_DataBufferIndex
                0x000000002000021f        0x1 USB_DEVICE/App/usbd_custom_hid_if.o
                0x000000002000021f                USB_DataBufferIndex
 .bss.__malloc_free_list
                0x0000000020000220        0x4 c:/st/stm32cubeide_1.3.0/stm32cubeide/plugins/com.st.stm32cube.ide.mcu.externaltools.gnu-tools-for-stm32.7-2018-q2-update.win32_1.0.0.201904181610/tools/bin/../lib/gcc/arm-none-eabi/7.3.1/../../../../arm-none-eabi/lib/thumb/v7e-m/fpv4-sp/hard\libc_nano.a(lib_a-nano-mallocr.o)
                0x0000000020000220                __malloc_free_list
 .bss.__malloc_sbrk_start
                0x0000000020000224        0x4 c:/st/stm32cubeide_1.3.0/stm32cubeide/plugins/com.st.stm32cube.ide.mcu.externaltools.gnu-tools-for-stm32.7-2018-q2-update.win32_1.0.0.201904181610/tools/bin/../lib/gcc/arm-none-eabi/7.3.1/../../../../arm-none-eabi/lib/thumb/v7e-m/fpv4-sp/hard\libc_nano.a(lib_a-nano-mallocr.o)
                0x0000000020000224                __malloc_sbrk_start
 *(COMMON)
 COMMON         0x0000000020000228        0x4 Drivers/STM32F4xx_HAL_Driver/Src/stm32f4xx_hal.o
                0x0000000020000228                uwTick
 COMMON         0x000000002000022c      0x2d0 USB_DEVICE/App/usb_device.o
                0x000000002000022c                hUsbDeviceFS
 COMMON         0x00000000200004fc      0x200 USB_DEVICE/App/usbd_desc.o
                0x00000000200004fc                USBD_StrDesc
 COMMON         0x00000000200006fc      0x408 USB_DEVICE/Target/usbd_conf.o
                0x00000000200006fc                hpcd_USB_OTG_FS
 COMMON         0x0000000020000b04        0x4 c:/st/stm32cubeide_1.3.0/stm32cubeide/plugins/com.st.stm32cube.ide.mcu.externaltools.gnu-tools-for-stm32.7-2018-q2-update.win32_1.0.0.201904181610/tools/bin/../lib/gcc/arm-none-eabi/7.3.1/../../../../arm-none-eabi/lib/thumb/v7e-m/fpv4-sp/hard\libc_nano.a(lib_a-reent.o)
                0x0000000020000b04                errno
                0x0000000020000b08                . = ALIGN (0x4)
                0x0000000020000b08                _ebss = .
                0x0000000020000b08                __bss_end__ = _ebss

._user_heap_stack
                0x0000000020000b08      0x600 load address 0x00000000080065c0
                0x0000000020000b08                . = ALIGN (0x8)
                0x0000000020000b08                PROVIDE (end = .)
                [!provide]                        PROVIDE (_end = .)
                0x0000000020000d08                . = (. + _Min_Heap_Size)
 *fill*         0x0000000020000b08      0x200 
                0x0000000020001108                . = (. + _Min_Stack_Size)
 *fill*         0x0000000020000d08      0x400 
                0x0000000020001108                . = ALIGN (0x8)

/DISCARD/
 libc.a(*)
 libm.a(*)
 libgcc.a(*)

.ARM.attributes
                0x0000000000000000       0x30
 *(.ARM.attributes)
 .ARM.attributes
                0x0000000000000000       0x22 c:/st/stm32cubeide_1.3.0/stm32cubeide/plugins/com.st.stm32cube.ide.mcu.externaltools.gnu-tools-for-stm32.7-2018-q2-update.win32_1.0.0.201904181610/tools/bin/../lib/gcc/arm-none-eabi/7.3.1/thumb/v7e-m/fpv4-sp/hard/crti.o
 .ARM.attributes
                0x0000000000000022       0x34 c:/st/stm32cubeide_1.3.0/stm32cubeide/plugins/com.st.stm32cube.ide.mcu.externaltools.gnu-tools-for-stm32.7-2018-q2-update.win32_1.0.0.201904181610/tools/bin/../lib/gcc/arm-none-eabi/7.3.1/thumb/v7e-m/fpv4-sp/hard/crtbegin.o
 .ARM.attributes
                0x0000000000000056       0x39 Core/Src/gpio.o
 .ARM.attributes
                0x000000000000008f       0x39 Core/Src/main.o
 .ARM.attributes
                0x00000000000000c8       0x39 Core/Src/stm32f4xx_hal_msp.o
 .ARM.attributes
                0x0000000000000101       0x39 Core/Src/stm32f4xx_it.o
 .ARM.attributes
                0x000000000000013a       0x39 Core/Src/sysmem.o
 .ARM.attributes
                0x0000000000000173       0x39 Core/Src/system_stm32f4xx.o
 .ARM.attributes
                0x00000000000001ac       0x21 Core/Startup/startup_stm32f407zgtx.o
 .ARM.attributes
                0x00000000000001cd       0x39 Drivers/STM32F4xx_HAL_Driver/Src/stm32f4xx_hal.o
 .ARM.attributes
                0x0000000000000206       0x39 Drivers/STM32F4xx_HAL_Driver/Src/stm32f4xx_hal_cortex.o
 .ARM.attributes
                0x000000000000023f       0x39 Drivers/STM32F4xx_HAL_Driver/Src/stm32f4xx_hal_gpio.o
 .ARM.attributes
                0x0000000000000278       0x39 Drivers/STM32F4xx_HAL_Driver/Src/stm32f4xx_hal_pcd.o
 .ARM.attributes
                0x00000000000002b1       0x39 Drivers/STM32F4xx_HAL_Driver/Src/stm32f4xx_hal_pcd_ex.o
 .ARM.attributes
                0x00000000000002ea       0x39 Drivers/STM32F4xx_HAL_Driver/Src/stm32f4xx_hal_rcc.o
 .ARM.attributes
                0x0000000000000323       0x39 Drivers/STM32F4xx_HAL_Driver/Src/stm32f4xx_ll_usb.o
 .ARM.attributes
                0x000000000000035c       0x39 Middlewares/ST/STM32_USB_Device_Library/Class/CustomHID/Src/usbd_customhid.o
 .ARM.attributes
                0x0000000000000395       0x39 Middlewares/ST/STM32_USB_Device_Library/Core/Src/usbd_core.o
 .ARM.attributes
                0x00000000000003ce       0x39 Middlewares/ST/STM32_USB_Device_Library/Core/Src/usbd_ctlreq.o
 .ARM.attributes
                0x0000000000000407       0x39 Middlewares/ST/STM32_USB_Device_Library/Core/Src/usbd_ioreq.o
 .ARM.attributes
                0x0000000000000440       0x39 USB_DEVICE/App/usb_device.o
 .ARM.attributes
                0x0000000000000479       0x39 USB_DEVICE/App/usbd_custom_hid_if.o
 .ARM.attributes
                0x00000000000004b2       0x39 USB_DEVICE/App/usbd_desc.o
 .ARM.attributes
                0x00000000000004eb       0x39 USB_DEVICE/Target/usbd_conf.o
 .ARM.attributes
                0x0000000000000524       0x34 c:/st/stm32cubeide_1.3.0/stm32cubeide/plugins/com.st.stm32cube.ide.mcu.externaltools.gnu-tools-for-stm32.7-2018-q2-update.win32_1.0.0.201904181610/tools/bin/../lib/gcc/arm-none-eabi/7.3.1/../../../../arm-none-eabi/lib/thumb/v7e-m/fpv4-sp/hard\libc_nano.a(lib_a-errno.o)
 .ARM.attributes
                0x0000000000000558       0x34 c:/st/stm32cubeide_1.3.0/stm32cubeide/plugins/com.st.stm32cube.ide.mcu.externaltools.gnu-tools-for-stm32.7-2018-q2-update.win32_1.0.0.201904181610/tools/bin/../lib/gcc/arm-none-eabi/7.3.1/../../../../arm-none-eabi/lib/thumb/v7e-m/fpv4-sp/hard\libc_nano.a(lib_a-impure.o)
 .ARM.attributes
                0x000000000000058c       0x34 c:/st/stm32cubeide_1.3.0/stm32cubeide/plugins/com.st.stm32cube.ide.mcu.externaltools.gnu-tools-for-stm32.7-2018-q2-update.win32_1.0.0.201904181610/tools/bin/../lib/gcc/arm-none-eabi/7.3.1/../../../../arm-none-eabi/lib/thumb/v7e-m/fpv4-sp/hard\libc_nano.a(lib_a-init.o)
 .ARM.attributes
                0x00000000000005c0       0x34 c:/st/stm32cubeide_1.3.0/stm32cubeide/plugins/com.st.stm32cube.ide.mcu.externaltools.gnu-tools-for-stm32.7-2018-q2-update.win32_1.0.0.201904181610/tools/bin/../lib/gcc/arm-none-eabi/7.3.1/../../../../arm-none-eabi/lib/thumb/v7e-m/fpv4-sp/hard\libc_nano.a(lib_a-malloc.o)
 .ARM.attributes
                0x00000000000005f4       0x34 c:/st/stm32cubeide_1.3.0/stm32cubeide/plugins/com.st.stm32cube.ide.mcu.externaltools.gnu-tools-for-stm32.7-2018-q2-update.win32_1.0.0.201904181610/tools/bin/../lib/gcc/arm-none-eabi/7.3.1/../../../../arm-none-eabi/lib/thumb/v7e-m/fpv4-sp/hard\libc_nano.a(lib_a-memset.o)
 .ARM.attributes
                0x0000000000000628       0x34 c:/st/stm32cubeide_1.3.0/stm32cubeide/plugins/com.st.stm32cube.ide.mcu.externaltools.gnu-tools-for-stm32.7-2018-q2-update.win32_1.0.0.201904181610/tools/bin/../lib/gcc/arm-none-eabi/7.3.1/../../../../arm-none-eabi/lib/thumb/v7e-m/fpv4-sp/hard\libc_nano.a(lib_a-nano-freer.o)
 .ARM.attributes
                0x000000000000065c       0x34 c:/st/stm32cubeide_1.3.0/stm32cubeide/plugins/com.st.stm32cube.ide.mcu.externaltools.gnu-tools-for-stm32.7-2018-q2-update.win32_1.0.0.201904181610/tools/bin/../lib/gcc/arm-none-eabi/7.3.1/../../../../arm-none-eabi/lib/thumb/v7e-m/fpv4-sp/hard\libc_nano.a(lib_a-nano-mallocr.o)
 .ARM.attributes
                0x0000000000000690       0x34 c:/st/stm32cubeide_1.3.0/stm32cubeide/plugins/com.st.stm32cube.ide.mcu.externaltools.gnu-tools-for-stm32.7-2018-q2-update.win32_1.0.0.201904181610/tools/bin/../lib/gcc/arm-none-eabi/7.3.1/../../../../arm-none-eabi/lib/thumb/v7e-m/fpv4-sp/hard\libc_nano.a(lib_a-sbrkr.o)
 .ARM.attributes
                0x00000000000006c4       0x1b c:/st/stm32cubeide_1.3.0/stm32cubeide/plugins/com.st.stm32cube.ide.mcu.externaltools.gnu-tools-for-stm32.7-2018-q2-update.win32_1.0.0.201904181610/tools/bin/../lib/gcc/arm-none-eabi/7.3.1/../../../../arm-none-eabi/lib/thumb/v7e-m/fpv4-sp/hard\libc_nano.a(lib_a-strlen.o)
 .ARM.attributes
                0x00000000000006df       0x34 c:/st/stm32cubeide_1.3.0/stm32cubeide/plugins/com.st.stm32cube.ide.mcu.externaltools.gnu-tools-for-stm32.7-2018-q2-update.win32_1.0.0.201904181610/tools/bin/../lib/gcc/arm-none-eabi/7.3.1/../../../../arm-none-eabi/lib/thumb/v7e-m/fpv4-sp/hard\libc_nano.a(lib_a-mlock.o)
 .ARM.attributes
                0x0000000000000713       0x34 c:/st/stm32cubeide_1.3.0/stm32cubeide/plugins/com.st.stm32cube.ide.mcu.externaltools.gnu-tools-for-stm32.7-2018-q2-update.win32_1.0.0.201904181610/tools/bin/../lib/gcc/arm-none-eabi/7.3.1/../../../../arm-none-eabi/lib/thumb/v7e-m/fpv4-sp/hard\libc_nano.a(lib_a-reent.o)
 .ARM.attributes
                0x0000000000000747       0x22 c:/st/stm32cubeide_1.3.0/stm32cubeide/plugins/com.st.stm32cube.ide.mcu.externaltools.gnu-tools-for-stm32.7-2018-q2-update.win32_1.0.0.201904181610/tools/bin/../lib/gcc/arm-none-eabi/7.3.1/thumb/v7e-m/fpv4-sp/hard\libgcc.a(_aeabi_uldivmod.o)
 .ARM.attributes
                0x0000000000000769       0x34 c:/st/stm32cubeide_1.3.0/stm32cubeide/plugins/com.st.stm32cube.ide.mcu.externaltools.gnu-tools-for-stm32.7-2018-q2-update.win32_1.0.0.201904181610/tools/bin/../lib/gcc/arm-none-eabi/7.3.1/thumb/v7e-m/fpv4-sp/hard\libgcc.a(_udivmoddi4.o)
 .ARM.attributes
                0x000000000000079d       0x22 c:/st/stm32cubeide_1.3.0/stm32cubeide/plugins/com.st.stm32cube.ide.mcu.externaltools.gnu-tools-for-stm32.7-2018-q2-update.win32_1.0.0.201904181610/tools/bin/../lib/gcc/arm-none-eabi/7.3.1/thumb/v7e-m/fpv4-sp/hard\libgcc.a(_dvmd_tls.o)
 .ARM.attributes
                0x00000000000007bf       0x22 c:/st/stm32cubeide_1.3.0/stm32cubeide/plugins/com.st.stm32cube.ide.mcu.externaltools.gnu-tools-for-stm32.7-2018-q2-update.win32_1.0.0.201904181610/tools/bin/../lib/gcc/arm-none-eabi/7.3.1/thumb/v7e-m/fpv4-sp/hard/crtn.o
OUTPUT(F4_USBdata.elf elf32-littlearm)

.debug_info     0x0000000000000000    0x11d52
 .debug_info    0x0000000000000000      0x4c8 Core/Src/gpio.o
 .debug_info    0x00000000000004c8     0x13f9 Core/Src/main.o
 .debug_info    0x00000000000018c1      0x362 Core/Src/stm32f4xx_hal_msp.o
 .debug_info    0x0000000000001c23      0x675 Core/Src/stm32f4xx_it.o
 .debug_info    0x0000000000002298      0x91c Core/Src/sysmem.o
 .debug_info    0x0000000000002bb4      0x554 Core/Src/system_stm32f4xx.o
 .debug_info    0x0000000000003108       0x22 Core/Startup/startup_stm32f407zgtx.o
 .debug_info    0x000000000000312a      0x945 Drivers/STM32F4xx_HAL_Driver/Src/stm32f4xx_hal.o
 .debug_info    0x0000000000003a6f      0xe28 Drivers/STM32F4xx_HAL_Driver/Src/stm32f4xx_hal_cortex.o
 .debug_info    0x0000000000004897      0x7b5 Drivers/STM32F4xx_HAL_Driver/Src/stm32f4xx_hal_gpio.o
 .debug_info    0x000000000000504c     0x1114 Drivers/STM32F4xx_HAL_Driver/Src/stm32f4xx_hal_pcd.o
 .debug_info    0x0000000000006160      0x753 Drivers/STM32F4xx_HAL_Driver/Src/stm32f4xx_hal_pcd_ex.o
 .debug_info    0x00000000000068b3      0x904 Drivers/STM32F4xx_HAL_Driver/Src/stm32f4xx_hal_rcc.o
 .debug_info    0x00000000000071b7     0x18dd Drivers/STM32F4xx_HAL_Driver/Src/stm32f4xx_ll_usb.o
 .debug_info    0x0000000000008a94     0x12e6 Middlewares/ST/STM32_USB_Device_Library/Class/CustomHID/Src/usbd_customhid.o
 .debug_info    0x0000000000009d7a     0x1285 Middlewares/ST/STM32_USB_Device_Library/Core/Src/usbd_core.o
 .debug_info    0x000000000000afff     0x123d Middlewares/ST/STM32_USB_Device_Library/Core/Src/usbd_ctlreq.o
 .debug_info    0x000000000000c23c      0xf88 Middlewares/ST/STM32_USB_Device_Library/Core/Src/usbd_ioreq.o
 .debug_info    0x000000000000d1c4      0xed8 USB_DEVICE/App/usb_device.o
 .debug_info    0x000000000000e09c      0xf69 USB_DEVICE/App/usbd_custom_hid_if.o
 .debug_info    0x000000000000f005      0xd20 USB_DEVICE/App/usbd_desc.o
 .debug_info    0x000000000000fd25     0x202d USB_DEVICE/Target/usbd_conf.o

.debug_abbrev   0x0000000000000000     0x2b2a
 .debug_abbrev  0x0000000000000000      0x134 Core/Src/gpio.o
 .debug_abbrev  0x0000000000000134      0x23e Core/Src/main.o
 .debug_abbrev  0x0000000000000372      0x109 Core/Src/stm32f4xx_hal_msp.o
 .debug_abbrev  0x000000000000047b      0x164 Core/Src/stm32f4xx_it.o
 .debug_abbrev  0x00000000000005df      0x1bb Core/Src/sysmem.o
 .debug_abbrev  0x000000000000079a      0x12b Core/Src/system_stm32f4xx.o
 .debug_abbrev  0x00000000000008c5       0x12 Core/Startup/startup_stm32f407zgtx.o
 .debug_abbrev  0x00000000000008d7      0x1c7 Drivers/STM32F4xx_HAL_Driver/Src/stm32f4xx_hal.o
 .debug_abbrev  0x0000000000000a9e      0x2fa Drivers/STM32F4xx_HAL_Driver/Src/stm32f4xx_hal_cortex.o
 .debug_abbrev  0x0000000000000d98      0x1c9 Drivers/STM32F4xx_HAL_Driver/Src/stm32f4xx_hal_gpio.o
 .debug_abbrev  0x0000000000000f61      0x266 Drivers/STM32F4xx_HAL_Driver/Src/stm32f4xx_hal_pcd.o
 .debug_abbrev  0x00000000000011c7      0x1cf Drivers/STM32F4xx_HAL_Driver/Src/stm32f4xx_hal_pcd_ex.o
 .debug_abbrev  0x0000000000001396      0x245 Drivers/STM32F4xx_HAL_Driver/Src/stm32f4xx_hal_rcc.o
 .debug_abbrev  0x00000000000015db      0x26d Drivers/STM32F4xx_HAL_Driver/Src/stm32f4xx_ll_usb.o
 .debug_abbrev  0x0000000000001848      0x2a2 Middlewares/ST/STM32_USB_Device_Library/Class/CustomHID/Src/usbd_customhid.o
 .debug_abbrev  0x0000000000001aea      0x27d Middlewares/ST/STM32_USB_Device_Library/Core/Src/usbd_core.o
 .debug_abbrev  0x0000000000001d67      0x2ba Middlewares/ST/STM32_USB_Device_Library/Core/Src/usbd_ctlreq.o
 .debug_abbrev  0x0000000000002021      0x1fc Middlewares/ST/STM32_USB_Device_Library/Core/Src/usbd_ioreq.o
 .debug_abbrev  0x000000000000221d      0x1d6 USB_DEVICE/App/usb_device.o
 .debug_abbrev  0x00000000000023f3      0x222 USB_DEVICE/App/usbd_custom_hid_if.o
 .debug_abbrev  0x0000000000002615      0x265 USB_DEVICE/App/usbd_desc.o
 .debug_abbrev  0x000000000000287a      0x2b0 USB_DEVICE/Target/usbd_conf.o

.debug_aranges  0x0000000000000000      0xb00
 .debug_aranges
                0x0000000000000000       0x20 Core/Src/gpio.o
 .debug_aranges
                0x0000000000000020       0x38 Core/Src/main.o
 .debug_aranges
                0x0000000000000058       0x20 Core/Src/stm32f4xx_hal_msp.o
 .debug_aranges
                0x0000000000000078       0x68 Core/Src/stm32f4xx_it.o
 .debug_aranges
                0x00000000000000e0       0x20 Core/Src/sysmem.o
 .debug_aranges
                0x0000000000000100       0x28 Core/Src/system_stm32f4xx.o
 .debug_aranges
                0x0000000000000128       0x28 Core/Startup/startup_stm32f407zgtx.o
 .debug_aranges
                0x0000000000000150       0xf0 Drivers/STM32F4xx_HAL_Driver/Src/stm32f4xx_hal.o
 .debug_aranges
                0x0000000000000240      0x118 Drivers/STM32F4xx_HAL_Driver/Src/stm32f4xx_hal_cortex.o
 .debug_aranges
                0x0000000000000358       0x58 Drivers/STM32F4xx_HAL_Driver/Src/stm32f4xx_hal_gpio.o
 .debug_aranges
                0x00000000000003b0      0x130 Drivers/STM32F4xx_HAL_Driver/Src/stm32f4xx_hal_pcd.o
 .debug_aranges
                0x00000000000004e0       0x38 Drivers/STM32F4xx_HAL_Driver/Src/stm32f4xx_hal_pcd_ex.o
 .debug_aranges
                0x0000000000000518       0x88 Drivers/STM32F4xx_HAL_Driver/Src/stm32f4xx_hal_rcc.o
 .debug_aranges
                0x00000000000005a0      0x198 Drivers/STM32F4xx_HAL_Driver/Src/stm32f4xx_ll_usb.o
 .debug_aranges
                0x0000000000000738       0x80 Middlewares/ST/STM32_USB_Device_Library/Class/CustomHID/Src/usbd_customhid.o
 .debug_aranges
                0x00000000000007b8       0xb8 Middlewares/ST/STM32_USB_Device_Library/Core/Src/usbd_core.o
 .debug_aranges
                0x0000000000000870       0x90 Middlewares/ST/STM32_USB_Device_Library/Core/Src/usbd_ctlreq.o
 .debug_aranges
                0x0000000000000900       0x50 Middlewares/ST/STM32_USB_Device_Library/Core/Src/usbd_ioreq.o
 .debug_aranges
                0x0000000000000950       0x20 USB_DEVICE/App/usb_device.o
 .debug_aranges
                0x0000000000000970       0x30 USB_DEVICE/App/usbd_custom_hid_if.o
 .debug_aranges
                0x00000000000009a0       0x60 USB_DEVICE/App/usbd_desc.o
 .debug_aranges
                0x0000000000000a00      0x100 USB_DEVICE/Target/usbd_conf.o

.debug_ranges   0x0000000000000000      0x9a8
 .debug_ranges  0x0000000000000000       0x10 Core/Src/gpio.o
 .debug_ranges  0x0000000000000010       0x28 Core/Src/main.o
 .debug_ranges  0x0000000000000038       0x10 Core/Src/stm32f4xx_hal_msp.o
 .debug_ranges  0x0000000000000048       0x58 Core/Src/stm32f4xx_it.o
 .debug_ranges  0x00000000000000a0       0x10 Core/Src/sysmem.o
 .debug_ranges  0x00000000000000b0       0x18 Core/Src/system_stm32f4xx.o
 .debug_ranges  0x00000000000000c8       0x20 Core/Startup/startup_stm32f407zgtx.o
 .debug_ranges  0x00000000000000e8       0xe0 Drivers/STM32F4xx_HAL_Driver/Src/stm32f4xx_hal.o
 .debug_ranges  0x00000000000001c8      0x108 Drivers/STM32F4xx_HAL_Driver/Src/stm32f4xx_hal_cortex.o
 .debug_ranges  0x00000000000002d0       0x48 Drivers/STM32F4xx_HAL_Driver/Src/stm32f4xx_hal_gpio.o
 .debug_ranges  0x0000000000000318      0x120 Drivers/STM32F4xx_HAL_Driver/Src/stm32f4xx_hal_pcd.o
 .debug_ranges  0x0000000000000438       0x28 Drivers/STM32F4xx_HAL_Driver/Src/stm32f4xx_hal_pcd_ex.o
 .debug_ranges  0x0000000000000460       0x78 Drivers/STM32F4xx_HAL_Driver/Src/stm32f4xx_hal_rcc.o
 .debug_ranges  0x00000000000004d8      0x188 Drivers/STM32F4xx_HAL_Driver/Src/stm32f4xx_ll_usb.o
 .debug_ranges  0x0000000000000660       0x70 Middlewares/ST/STM32_USB_Device_Library/Class/CustomHID/Src/usbd_customhid.o
 .debug_ranges  0x00000000000006d0       0xa8 Middlewares/ST/STM32_USB_Device_Library/Core/Src/usbd_core.o
 .debug_ranges  0x0000000000000778       0x80 Middlewares/ST/STM32_USB_Device_Library/Core/Src/usbd_ctlreq.o
 .debug_ranges  0x00000000000007f8       0x40 Middlewares/ST/STM32_USB_Device_Library/Core/Src/usbd_ioreq.o
 .debug_ranges  0x0000000000000838       0x10 USB_DEVICE/App/usb_device.o
 .debug_ranges  0x0000000000000848       0x20 USB_DEVICE/App/usbd_custom_hid_if.o
 .debug_ranges  0x0000000000000868       0x50 USB_DEVICE/App/usbd_desc.o
 .debug_ranges  0x00000000000008b8       0xf0 USB_DEVICE/Target/usbd_conf.o

.debug_macro    0x0000000000000000    0x22edd
 .debug_macro   0x0000000000000000      0x1ed Core/Src/gpio.o
 .debug_macro   0x00000000000001ed      0xa5a Core/Src/gpio.o
 .debug_macro   0x0000000000000c47      0x184 Core/Src/gpio.o
 .debug_macro   0x0000000000000dcb       0x2e Core/Src/gpio.o
 .debug_macro   0x0000000000000df9       0x2f Core/Src/gpio.o
 .debug_macro   0x0000000000000e28       0x22 Core/Src/gpio.o
 .debug_macro   0x0000000000000e4a       0x8e Core/Src/gpio.o
 .debug_macro   0x0000000000000ed8       0x51 Core/Src/gpio.o
 .debug_macro   0x0000000000000f29       0xef Core/Src/gpio.o
 .debug_macro   0x0000000000001018       0x6a Core/Src/gpio.o
 .debug_macro   0x0000000000001082      0x1df Core/Src/gpio.o
 .debug_macro   0x0000000000001261       0x1c Core/Src/gpio.o
 .debug_macro   0x000000000000127d       0x22 Core/Src/gpio.o
 .debug_macro   0x000000000000129f       0xdf Core/Src/gpio.o
 .debug_macro   0x000000000000137e     0x102d Core/Src/gpio.o
 .debug_macro   0x00000000000023ab      0x11f Core/Src/gpio.o
 .debug_macro   0x00000000000024ca    0x15e3c Core/Src/gpio.o
 .debug_macro   0x0000000000018306       0x43 Core/Src/gpio.o
 .debug_macro   0x0000000000018349     0x3659 Core/Src/gpio.o
 .debug_macro   0x000000000001b9a2      0x174 Core/Src/gpio.o
 .debug_macro   0x000000000001bb16       0x5a Core/Src/gpio.o
 .debug_macro   0x000000000001bb70      0x96b Core/Src/gpio.o
 .debug_macro   0x000000000001c4db      0x9fe Core/Src/gpio.o
 .debug_macro   0x000000000001ced9      0x174 Core/Src/gpio.o
 .debug_macro   0x000000000001d04d      0x117 Core/Src/gpio.o
 .debug_macro   0x000000000001d164      0x13e Core/Src/gpio.o
 .debug_macro   0x000000000001d2a2       0x27 Core/Src/gpio.o
 .debug_macro   0x000000000001d2c9      0x287 Core/Src/gpio.o
 .debug_macro   0x000000000001d550       0x5f Core/Src/gpio.o
 .debug_macro   0x000000000001d5af      0x236 Core/Src/gpio.o
 .debug_macro   0x000000000001d7e5      0x12c Core/Src/gpio.o
 .debug_macro   0x000000000001d911      0x21e Core/Src/gpio.o
 .debug_macro   0x000000000001db2f       0x2e Core/Src/gpio.o
 .debug_macro   0x000000000001db5d      0x11a Core/Src/gpio.o
 .debug_macro   0x000000000001dc77       0x7e Core/Src/gpio.o
 .debug_macro   0x000000000001dcf5       0x89 Core/Src/gpio.o
 .debug_macro   0x000000000001dd7e      0x21e Core/Src/gpio.o
 .debug_macro   0x000000000001df9c       0xba Core/Src/gpio.o
 .debug_macro   0x000000000001e056      0x12d Core/Src/gpio.o
 .debug_macro   0x000000000001e183       0x1c Core/Src/gpio.o
 .debug_macro   0x000000000001e19f      0x418 Core/Src/main.o
 .debug_macro   0x000000000001e5b7       0x46 Core/Src/main.o
 .debug_macro   0x000000000001e5fd       0x18 Core/Src/main.o
 .debug_macro   0x000000000001e615       0x3c Core/Src/main.o
 .debug_macro   0x000000000001e651       0x34 Core/Src/main.o
 .debug_macro   0x000000000001e685       0x16 Core/Src/main.o
 .debug_macro   0x000000000001e69b       0x35 Core/Src/main.o
 .debug_macro   0x000000000001e6d0      0x32a Core/Src/main.o
 .debug_macro   0x000000000001e9fa       0x10 Core/Src/main.o
 .debug_macro   0x000000000001ea0a       0x52 Core/Src/main.o
 .debug_macro   0x000000000001ea5c       0x1f Core/Src/main.o
 .debug_macro   0x000000000001ea7b       0x43 Core/Src/main.o
 .debug_macro   0x000000000001eabe       0x20 Core/Src/main.o
 .debug_macro   0x000000000001eade      0x1a3 Core/Src/main.o
 .debug_macro   0x000000000001ec81       0x10 Core/Src/main.o
 .debug_macro   0x000000000001ec91       0x1c Core/Src/main.o
 .debug_macro   0x000000000001ecad       0x52 Core/Src/main.o
 .debug_macro   0x000000000001ecff       0x40 Core/Src/main.o
 .debug_macro   0x000000000001ed3f       0x10 Core/Src/main.o
 .debug_macro   0x000000000001ed4f       0x40 Core/Src/main.o
 .debug_macro   0x000000000001ed8f       0xd7 Core/Src/main.o
 .debug_macro   0x000000000001ee66       0x1c Core/Src/main.o
 .debug_macro   0x000000000001ee82       0x3d Core/Src/main.o
 .debug_macro   0x000000000001eebf       0x16 Core/Src/main.o
 .debug_macro   0x000000000001eed5      0x145 Core/Src/main.o
 .debug_macro   0x000000000001f01a       0x16 Core/Src/main.o
 .debug_macro   0x000000000001f030       0x16 Core/Src/main.o
 .debug_macro   0x000000000001f046       0x29 Core/Src/main.o
 .debug_macro   0x000000000001f06f       0x16 Core/Src/main.o
 .debug_macro   0x000000000001f085       0x20 Core/Src/main.o
 .debug_macro   0x000000000001f0a5       0x72 Core/Src/main.o
 .debug_macro   0x000000000001f117      0x1c4 Core/Src/main.o
 .debug_macro   0x000000000001f2db       0x6b Core/Src/main.o
 .debug_macro   0x000000000001f346      0x1e3 Core/Src/stm32f4xx_hal_msp.o
 .debug_macro   0x000000000001f529      0x1ed Core/Src/stm32f4xx_it.o
 .debug_macro   0x000000000001f716      0x1ae Core/Src/sysmem.o
 .debug_macro   0x000000000001f8c4      0x23b Core/Src/sysmem.o
 .debug_macro   0x000000000001faff      0x1da Core/Src/system_stm32f4xx.o
 .debug_macro   0x000000000001fcd9      0x234 Drivers/STM32F4xx_HAL_Driver/Src/stm32f4xx_hal.o
 .debug_macro   0x000000000001ff0d      0x1d4 Drivers/STM32F4xx_HAL_Driver/Src/stm32f4xx_hal_cortex.o
 .debug_macro   0x00000000000200e1      0x20a Drivers/STM32F4xx_HAL_Driver/Src/stm32f4xx_hal_gpio.o
 .debug_macro   0x00000000000202eb      0x1e0 Drivers/STM32F4xx_HAL_Driver/Src/stm32f4xx_hal_pcd.o
 .debug_macro   0x00000000000204cb      0x1d4 Drivers/STM32F4xx_HAL_Driver/Src/stm32f4xx_hal_pcd_ex.o
 .debug_macro   0x000000000002069f      0x1f8 Drivers/STM32F4xx_HAL_Driver/Src/stm32f4xx_hal_rcc.o
 .debug_macro   0x0000000000020897      0x1d4 Drivers/STM32F4xx_HAL_Driver/Src/stm32f4xx_ll_usb.o
 .debug_macro   0x0000000000020a6b      0x3f0 Middlewares/ST/STM32_USB_Device_Library/Class/CustomHID/Src/usbd_customhid.o
 .debug_macro   0x0000000000020e5b       0x97 Middlewares/ST/STM32_USB_Device_Library/Class/CustomHID/Src/usbd_customhid.o
 .debug_macro   0x0000000000020ef2       0xfd Middlewares/ST/STM32_USB_Device_Library/Class/CustomHID/Src/usbd_customhid.o
 .debug_macro   0x0000000000020fef       0xd9 Middlewares/ST/STM32_USB_Device_Library/Class/CustomHID/Src/usbd_customhid.o
 .debug_macro   0x00000000000210c8       0x54 Middlewares/ST/STM32_USB_Device_Library/Class/CustomHID/Src/usbd_customhid.o
 .debug_macro   0x000000000002111c      0x3d7 Middlewares/ST/STM32_USB_Device_Library/Core/Src/usbd_core.o
 .debug_macro   0x00000000000214f3      0x1ca Middlewares/ST/STM32_USB_Device_Library/Core/Src/usbd_core.o
 .debug_macro   0x00000000000216bd      0x3e1 Middlewares/ST/STM32_USB_Device_Library/Core/Src/usbd_ctlreq.o
 .debug_macro   0x0000000000021a9e      0x3dd Middlewares/ST/STM32_USB_Device_Library/Core/Src/usbd_ioreq.o
 .debug_macro   0x0000000000021e7b      0x411 USB_DEVICE/App/usb_device.o
 .debug_macro   0x000000000002228c       0x22 USB_DEVICE/App/usb_device.o
 .debug_macro   0x00000000000222ae       0x22 USB_DEVICE/App/usb_device.o
 .debug_macro   0x00000000000222d0      0x3f6 USB_DEVICE/App/usbd_custom_hid_if.o
 .debug_macro   0x00000000000226c6      0x41a USB_DEVICE/App/usbd_desc.o
 .debug_macro   0x0000000000022ae0       0x1c USB_DEVICE/App/usbd_desc.o
 .debug_macro   0x0000000000022afc      0x3e1 USB_DEVICE/Target/usbd_conf.o

.debug_line     0x0000000000000000     0xc9d9
 .debug_line    0x0000000000000000      0x6ca Core/Src/gpio.o
 .debug_line    0x00000000000006ca      0xa8d Core/Src/main.o
 .debug_line    0x0000000000001157      0x6bf Core/Src/stm32f4xx_hal_msp.o
 .debug_line    0x0000000000001816      0x775 Core/Src/stm32f4xx_it.o
 .debug_line    0x0000000000001f8b      0x55e Core/Src/sysmem.o
 .debug_line    0x00000000000024e9      0x6da Core/Src/system_stm32f4xx.o
 .debug_line    0x0000000000002bc3       0x85 Core/Startup/startup_stm32f407zgtx.o
 .debug_line    0x0000000000002c48      0x8c4 Drivers/STM32F4xx_HAL_Driver/Src/stm32f4xx_hal.o
 .debug_line    0x000000000000350c      0x9e8 Drivers/STM32F4xx_HAL_Driver/Src/stm32f4xx_hal_cortex.o
 .debug_line    0x0000000000003ef4      0x8a3 Drivers/STM32F4xx_HAL_Driver/Src/stm32f4xx_hal_gpio.o
 .debug_line    0x0000000000004797      0xc3b Drivers/STM32F4xx_HAL_Driver/Src/stm32f4xx_hal_pcd.o
 .debug_line    0x00000000000053d2      0x71d Drivers/STM32F4xx_HAL_Driver/Src/stm32f4xx_hal_pcd_ex.o
 .debug_line    0x0000000000005aef      0x91c Drivers/STM32F4xx_HAL_Driver/Src/stm32f4xx_hal_rcc.o
 .debug_line    0x000000000000640b      0xdee Drivers/STM32F4xx_HAL_Driver/Src/stm32f4xx_ll_usb.o
 .debug_line    0x00000000000071f9      0xb4c Middlewares/ST/STM32_USB_Device_Library/Class/CustomHID/Src/usbd_customhid.o
 .debug_line    0x0000000000007d45      0xb9c Middlewares/ST/STM32_USB_Device_Library/Core/Src/usbd_core.o
 .debug_line    0x00000000000088e1      0xc8f Middlewares/ST/STM32_USB_Device_Library/Core/Src/usbd_ctlreq.o
 .debug_line    0x0000000000009570      0xa1a Middlewares/ST/STM32_USB_Device_Library/Core/Src/usbd_ioreq.o
 .debug_line    0x0000000000009f8a      0xa0f USB_DEVICE/App/usb_device.o
 .debug_line    0x000000000000a999      0xa26 USB_DEVICE/App/usbd_custom_hid_if.o
 .debug_line    0x000000000000b3bf      0xa4e USB_DEVICE/App/usbd_desc.o
 .debug_line    0x000000000000be0d      0xbcc USB_DEVICE/Target/usbd_conf.o

.debug_str      0x0000000000000000    0xc352e
 .debug_str     0x0000000000000000    0xbacbf Core/Src/gpio.o
                                      0xbaf59 (size before relaxing)
 .debug_str     0x00000000000bacbf     0x536a Core/Src/main.o
                                      0xc03a4 (size before relaxing)
 .debug_str     0x00000000000c0029       0x2c Core/Src/stm32f4xx_hal_msp.o
                                      0xbaebe (size before relaxing)
 .debug_str     0x00000000000c0055      0x427 Core/Src/stm32f4xx_it.o
                                      0xbb201 (size before relaxing)
 .debug_str     0x00000000000c047c      0x4d1 Core/Src/sysmem.o
                                       0x7aea (size before relaxing)
 .debug_str     0x00000000000c094d       0xc4 Core/Src/system_stm32f4xx.o
                                      0xbaee7 (size before relaxing)
 .debug_str     0x00000000000c0a11       0x36 Core/Startup/startup_stm32f407zgtx.o
                                         0x6c (size before relaxing)
 .debug_str     0x00000000000c0a47      0xa54 Drivers/STM32F4xx_HAL_Driver/Src/stm32f4xx_hal.o
                                      0xbb9b4 (size before relaxing)
 .debug_str     0x00000000000c149b      0x3a5 Drivers/STM32F4xx_HAL_Driver/Src/stm32f4xx_hal_cortex.o
                                      0xbb7a3 (size before relaxing)
 .debug_str     0x00000000000c1840      0x207 Drivers/STM32F4xx_HAL_Driver/Src/stm32f4xx_hal_gpio.o
                                      0xbb126 (size before relaxing)
 .debug_str     0x00000000000c1a47      0x54c Drivers/STM32F4xx_HAL_Driver/Src/stm32f4xx_hal_pcd.o
                                      0xbb687 (size before relaxing)
 .debug_str     0x00000000000c1f93      0x13f Drivers/STM32F4xx_HAL_Driver/Src/stm32f4xx_hal_pcd_ex.o
                                      0xbb287 (size before relaxing)
 .debug_str     0x00000000000c20d2      0x259 Drivers/STM32F4xx_HAL_Driver/Src/stm32f4xx_hal_rcc.o
                                      0xbb2d4 (size before relaxing)
 .debug_str     0x00000000000c232b      0x66e Drivers/STM32F4xx_HAL_Driver/Src/stm32f4xx_ll_usb.o
                                      0xbb7bb (size before relaxing)
 .debug_str     0x00000000000c2999      0x2b4 Middlewares/ST/STM32_USB_Device_Library/Class/CustomHID/Src/usbd_customhid.o
                                      0xc0306 (size before relaxing)
 .debug_str     0x00000000000c2c4d      0x1a2 Middlewares/ST/STM32_USB_Device_Library/Core/Src/usbd_core.o
                                      0xbff33 (size before relaxing)
 .debug_str     0x00000000000c2def      0x14d Middlewares/ST/STM32_USB_Device_Library/Core/Src/usbd_ctlreq.o
                                      0xbfef1 (size before relaxing)
 .debug_str     0x00000000000c2f3c       0xc9 Middlewares/ST/STM32_USB_Device_Library/Core/Src/usbd_ioreq.o
                                      0xbfe41 (size before relaxing)
 .debug_str     0x00000000000c3005       0xb5 USB_DEVICE/App/usb_device.o
                                      0xc00fb (size before relaxing)
 .debug_str     0x00000000000c30ba       0x9d USB_DEVICE/App/usbd_custom_hid_if.o
                                      0xc00d4 (size before relaxing)
 .debug_str     0x00000000000c3157      0x283 USB_DEVICE/App/usbd_desc.o
                                      0xbfda8 (size before relaxing)
 .debug_str     0x00000000000c33da      0x154 USB_DEVICE/Target/usbd_conf.o
                                      0xc0aac (size before relaxing)

.comment        0x0000000000000000       0x7b
 .comment       0x0000000000000000       0x7b Core/Src/gpio.o
                                         0x7c (size before relaxing)
 .comment       0x000000000000007b       0x7c Core/Src/main.o
 .comment       0x000000000000007b       0x7c Core/Src/stm32f4xx_hal_msp.o
 .comment       0x000000000000007b       0x7c Core/Src/stm32f4xx_it.o
 .comment       0x000000000000007b       0x7c Core/Src/sysmem.o
 .comment       0x000000000000007b       0x7c Core/Src/system_stm32f4xx.o
 .comment       0x000000000000007b       0x7c Drivers/STM32F4xx_HAL_Driver/Src/stm32f4xx_hal.o
 .comment       0x000000000000007b       0x7c Drivers/STM32F4xx_HAL_Driver/Src/stm32f4xx_hal_cortex.o
 .comment       0x000000000000007b       0x7c Drivers/STM32F4xx_HAL_Driver/Src/stm32f4xx_hal_gpio.o
 .comment       0x000000000000007b       0x7c Drivers/STM32F4xx_HAL_Driver/Src/stm32f4xx_hal_pcd.o
 .comment       0x000000000000007b       0x7c Drivers/STM32F4xx_HAL_Driver/Src/stm32f4xx_hal_pcd_ex.o
 .comment       0x000000000000007b       0x7c Drivers/STM32F4xx_HAL_Driver/Src/stm32f4xx_hal_rcc.o
 .comment       0x000000000000007b       0x7c Drivers/STM32F4xx_HAL_Driver/Src/stm32f4xx_ll_usb.o
 .comment       0x000000000000007b       0x7c Middlewares/ST/STM32_USB_Device_Library/Class/CustomHID/Src/usbd_customhid.o
 .comment       0x000000000000007b       0x7c Middlewares/ST/STM32_USB_Device_Library/Core/Src/usbd_core.o
 .comment       0x000000000000007b       0x7c Middlewares/ST/STM32_USB_Device_Library/Core/Src/usbd_ctlreq.o
 .comment       0x000000000000007b       0x7c Middlewares/ST/STM32_USB_Device_Library/Core/Src/usbd_ioreq.o
 .comment       0x000000000000007b       0x7c USB_DEVICE/App/usb_device.o
 .comment       0x000000000000007b       0x7c USB_DEVICE/App/usbd_custom_hid_if.o
 .comment       0x000000000000007b       0x7c USB_DEVICE/App/usbd_desc.o
 .comment       0x000000000000007b       0x7c USB_DEVICE/Target/usbd_conf.o

.debug_frame    0x0000000000000000     0x2c0c
 .debug_frame   0x0000000000000000       0x34 Core/Src/gpio.o
 .debug_frame   0x0000000000000034       0x94 Core/Src/main.o
 .debug_frame   0x00000000000000c8       0x38 Core/Src/stm32f4xx_hal_msp.o
 .debug_frame   0x0000000000000100      0x128 Core/Src/stm32f4xx_it.o
 .debug_frame   0x0000000000000228       0x34 Core/Src/sysmem.o
 .debug_frame   0x000000000000025c       0x58 Core/Src/system_stm32f4xx.o
 .debug_frame   0x00000000000002b4      0x374 Drivers/STM32F4xx_HAL_Driver/Src/stm32f4xx_hal.o
 .debug_frame   0x0000000000000628      0x498 Drivers/STM32F4xx_HAL_Driver/Src/stm32f4xx_hal_cortex.o
 .debug_frame   0x0000000000000ac0      0x14c Drivers/STM32F4xx_HAL_Driver/Src/stm32f4xx_hal_gpio.o
 .debug_frame   0x0000000000000c0c      0x54c Drivers/STM32F4xx_HAL_Driver/Src/stm32f4xx_hal_pcd.o
 .debug_frame   0x0000000000001158       0xb0 Drivers/STM32F4xx_HAL_Driver/Src/stm32f4xx_hal_pcd_ex.o