oled.c:10:6:Write_IIC_Cmddat	32	static
oled.c:18:6:OLED_WR_Byte	16	static
oled.c:36:6:fill_picture	24	static
oled.c:55:7:OLED_Set_Pos	16	static
oled.c:61:6:OLED_Display_On	8	static
oled.c:68:6:OLED_Display_Off	8	static
oled.c:75:6:OLED_Clear	16	static
oled.c:86:6:OLED_On	16	static
oled.c:102:6:OLED_ShowChar	32	static
oled.c:124:15:oled_pow	24	static
oled.c:136:6:OLED_ShowNum	24	static
oled.c:156:6:OLED_ShowString	24	static
oled.c:170:6:OLED_ShowFlort	48	static
oled.c:215:6:OLED_ShowCHinese	24	static
oled.c:232:6:OLED_DrawBMP	32	static
oled.c:250:6:OLED_Init	8	static
