oled.c:10:6:Write_IIC_Cmddat	32	static
oled.c:16:6:OLED_WR_Byte	16	static
oled.c:34:6:fill_picture	24	static
oled.c:53:7:OLED_Set_Pos	16	static
oled.c:59:6:OLED_Display_On	8	static
oled.c:66:6:OLED_Display_Off	8	static
oled.c:73:6:OLED_Clear	16	static
oled.c:84:6:OLED_On	16	static
oled.c:100:6:OLED_ShowChar	32	static
oled.c:122:15:oled_pow	24	static
oled.c:134:6:OLED_ShowNum	24	static
oled.c:154:6:OLED_ShowString	24	static
oled.c:168:6:OLED_ShowFlort	40	static
oled.c:213:6:OLED_ShowCHinese	24	static
oled.c:230:6:OLED_DrawBMP	32	static
oled.c:248:6:OLED_Init	8	static
