10:31:57 **** Build of configuration Debug for project Demo2 ****
make -j8 all 
arm-none-eabi-gcc -o "Demo2.elf" @"objects.list"   -mcpu=cortex-m3 -T"C:\work\study\stm32\cubeIDEworkspace\Demo2\STM32F103RBTX_FLASH.ld" --specs=nosys.specs -Wl,-Map="Demo2.map" -Wl,--gc-sections -static --specs=nano.specs -mfloat-abi=soft -mthumb -Wl,--start-group -lc -lm -Wl,--end-group
Finished building target: Demo2.elf
 
arm-none-eabi-size   Demo2.elf 
arm-none-eabi-objdump -h -S  Demo2.elf  > "Demo2.list"
arm-none-eabi-objcopy  -O binary  Demo2.elf  "Demo2.bin"
   text	   data	    bss	    dec	    hex	filename
  11272	    120	   1784	  13176	   3378	Demo2.elf
Finished building: default.size.stdout
 
Finished building: Demo2.bin
 
Finished building: Demo2.list
 

10:31:59 Build Finished. 0 errors, 0 warnings. (took 2s.118ms)

