22:42:31 **** Incremental Build of configuration Debug for project F4_boost ****
make -j8 all 
arm-none-eabi-gcc "../Core/USER/PID/pid.c" -mcpu=cortex-m4 -std=gnu11 -g3 -DUSE_HAL_DRIVER -DDEBUG -DSTM32F407xx -c -I../Drivers/CMSIS/Include -I../Drivers/STM32F4xx_HAL_Driver/Inc -I../Core/Inc -I../Drivers/CMSIS/Device/ST/STM32F4xx/Include -I../Drivers/STM32F4xx_HAL_Driver/Inc/Legacy -I"D:/work/study/stm32/cubeIDEworkspace/F4_boost/Core/USER/INC" -O0 -ffunction-sections -fdata-sections -Wall -fstack-usage -MMD -MP -MF"Core/USER/PID/pid.d" -MT"Core/USER/PID/pid.o" --specs=nano.specs -mfpu=fpv4-sp-d16 -mfloat-abi=hard -mthumb -o "Core/USER/PID/pid.o"
arm-none-eabi-gcc -o "F4_boost.elf" @"objects.list"   -mcpu=cortex-m4 -T"D:\work\study\stm32\cubeIDEworkspace\F4_boost\STM32F407ZGTX_FLASH.ld" --specs=nosys.specs -Wl,-Map="F4_boost.map" -Wl,--gc-sections -static --specs=nano.specs -mfpu=fpv4-sp-d16 -mfloat-abi=hard -mthumb -Wl,--start-group -lc -lm -Wl,--end-group
Finished building target: F4_boost.elf
 
arm-none-eabi-size   F4_boost.elf 
arm-none-eabi-objdump -h -S  F4_boost.elf  > "F4_boost.list"
arm-none-eabi-objcopy  -O binary  F4_boost.elf  "F4_boost.bin"
   text	   data	    bss	    dec	    hex	filename
  16172	     20	   3012	  19204	   4b04	F4_boost.elf
Finished building: default.size.stdout
 
Finished building: F4_boost.bin
 
Finished building: F4_boost.list
 

22:42:33 Build Finished. 0 errors, 0 warnings. (took 1s.232ms)

