00:23:26 **** Incremental Build of configuration Debug for project F4_DC_to_AC ****
make -j8 all 
arm-none-eabi-gcc "../Core/Src/main.c" -mcpu=cortex-m4 -std=gnu11 -g3 -DUSE_HAL_DRIVER -DDEBUG -DSTM32F407xx -c -I../Drivers/CMSIS/Include -I../Drivers/STM32F4xx_HAL_Driver/Inc -I../Core/Inc -I../Drivers/CMSIS/Device/ST/STM32F4xx/Include -I../Drivers/STM32F4xx_HAL_Driver/Inc/Legacy -I"D:/work/study/stm32/cubeIDEworkspace/F4_DC_to_AC/Core/USER/INC" -O0 -ffunction-sections -fdata-sections -Wall -fstack-usage -MMD -MP -MF"Core/Src/main.d" -MT"Core/Src/main.o" --specs=nano.specs -mfpu=fpv4-sp-d16 -mfloat-abi=hard -mthumb -o "Core/Src/main.o"
arm-none-eabi-gcc -o "F4_DC_to_AC.elf" @"objects.list"   -mcpu=cortex-m4 -T"D:\work\study\stm32\cubeIDEworkspace\F4_DC_to_AC\STM32F407ZGTX_FLASH.ld" --specs=nosys.specs -Wl,-Map="F4_DC_to_AC.map" -Wl,--gc-sections -static --specs=nano.specs -mfpu=fpv4-sp-d16 -mfloat-abi=hard -mthumb -Wl,--start-group -lc -lm -Wl,--end-group
Finished building target: F4_DC_to_AC.elf
 
arm-none-eabi-objdump -h -S  F4_DC_to_AC.elf  > "F4_DC_to_AC.list"
arm-none-eabi-objcopy  -O binary  F4_DC_to_AC.elf  "F4_DC_to_AC.bin"
arm-none-eabi-size   F4_DC_to_AC.elf 
   text	   data	    bss	    dec	    hex	filename
  24404	    136	   3768	  28308	   6e94	F4_DC_to_AC.elf
Finished building: default.size.stdout
 
Finished building: F4_DC_to_AC.bin
 
Finished building: F4_DC_to_AC.list
 

00:23:27 Build Finished. 0 errors, 0 warnings. (took 1s.335ms)

