16:27:30 **** Incremental Build of configuration Debug for project F4_Motor_Control ****
make -j8 all 
arm-none-eabi-gcc "../Core/Src/main.c" -mcpu=cortex-m4 -std=gnu11 -g3 -DUSE_HAL_DRIVER -DDEBUG -DSTM32F407xx -c -I../Drivers/CMSIS/Include -I../Drivers/STM32F4xx_HAL_Driver/Inc -I../Core/Inc -I"D:/work/study/stm32/cubeIDEworkspace/F4_Motor_Control/Core/USER/INC" -I../Drivers/CMSIS/Device/ST/STM32F4xx/Include -I../Drivers/STM32F4xx_HAL_Driver/Inc/Legacy -O0 -ffunction-sections -fdata-sections -Wall -fstack-usage -MMD -MP -MF"Core/Src/main.d" -MT"Core/Src/main.o" --specs=nano.specs -mfpu=fpv4-sp-d16 -mfloat-abi=hard -mthumb -o "Core/Src/main.o"
arm-none-eabi-gcc -o "F4_Motor_Control.elf" @"objects.list"   -mcpu=cortex-m4 -T"D:\work\study\stm32\cubeIDEworkspace\F4_Motor_Control\STM32F407ZGTX_FLASH.ld" --specs=nosys.specs -Wl,-Map="F4_Motor_Control.map" -Wl,--gc-sections -static --specs=nano.specs -mfpu=fpv4-sp-d16 -mfloat-abi=hard -mthumb -u _printf_float -Wl,--start-group -lc -lm -Wl,--end-group
Finished building target: F4_Motor_Control.elf
 
arm-none-eabi-objdump -h -S  F4_Motor_Control.elf  > "F4_Motor_Control.list"
arm-none-eabi-objcopy  -O binary  F4_Motor_Control.elf  "F4_Motor_Control.bin"
arm-none-eabi-size   F4_Motor_Control.elf 
   text	   data	    bss	    dec	    hex	filename
  39712	    496	   4128	  44336	   ad30	F4_Motor_Control.elf
Finished building: default.size.stdout
 
Finished building: F4_Motor_Control.bin
 
Finished building: F4_Motor_Control.list
 
16:27:49 **** Incremental Build of configuration Debug for project F4_Motor_Control ****
make -j8 all 
arm-none-eabi-size   F4_Motor_Control.elf 
   text	   data	    bss	    dec	    hex	filename
  39712	    496	   4128	  44336	   ad30	F4_Motor_Control.elf
Finished building: default.size.stdout
 
16:28:16 **** Incremental Build of configuration Debug for project F4_Motor_Control ****
make -j8 all 
arm-none-eabi-size   F4_Motor_Control.elf 
   text	   data	    bss	    dec	    hex	filename
  39712	    496	   4128	  44336	   ad30	F4_Motor_Control.elf
Finished building: default.size.stdout
 
16:28:44 **** Incremental Build of configuration Debug for project F4_Motor_Control ****
make -j8 all 
arm-none-eabi-size   F4_Motor_Control.elf 
   text	   data	    bss	    dec	    hex	filename
  39712	    496	   4128	  44336	   ad30	F4_Motor_Control.elf
Finished building: default.size.stdout
 
16:29:19 **** Incremental Build of configuration Debug for project F4_Motor_Control ****
make -j8 all 
arm-none-eabi-size   F4_Motor_Control.elf 
   text	   data	    bss	    dec	    hex	filename
  39712	    496	   4128	  44336	   ad30	F4_Motor_Control.elf
Finished building: default.size.stdout
 
16:31:50 **** Incremental Build of configuration Debug for project F4_Motor_Control ****
make -j8 all 
arm-none-eabi-gcc "../Core/Src/main.c" -mcpu=cortex-m4 -std=gnu11 -g3 -DUSE_HAL_DRIVER -DDEBUG -DSTM32F407xx -c -I../Drivers/CMSIS/Include -I../Drivers/STM32F4xx_HAL_Driver/Inc -I../Core/Inc -I"D:/work/study/stm32/cubeIDEworkspace/F4_Motor_Control/Core/USER/INC" -I../Drivers/CMSIS/Device/ST/STM32F4xx/Include -I../Drivers/STM32F4xx_HAL_Driver/Inc/Legacy -O0 -ffunction-sections -fdata-sections -Wall -fstack-usage -MMD -MP -MF"Core/Src/main.d" -MT"Core/Src/main.o" --specs=nano.specs -mfpu=fpv4-sp-d16 -mfloat-abi=hard -mthumb -o "Core/Src/main.o"
arm-none-eabi-gcc -o "F4_Motor_Control.elf" @"objects.list"   -mcpu=cortex-m4 -T"D:\work\study\stm32\cubeIDEworkspace\F4_Motor_Control\STM32F407ZGTX_FLASH.ld" --specs=nosys.specs -Wl,-Map="F4_Motor_Control.map" -Wl,--gc-sections -static --specs=nano.specs -mfpu=fpv4-sp-d16 -mfloat-abi=hard -mthumb -u _printf_float -Wl,--start-group -lc -lm -Wl,--end-group
Finished building target: F4_Motor_Control.elf
 
arm-none-eabi-objdump -h -S  F4_Motor_Control.elf  > "F4_Motor_Control.list"
arm-none-eabi-objcopy  -O binary  F4_Motor_Control.elf  "F4_Motor_Control.bin"
arm-none-eabi-size   F4_Motor_Control.elf 
   text	   data	    bss	    dec	    hex	filename
  39712	    496	   4128	  44336	   ad30	F4_Motor_Control.elf
Finished building: default.size.stdout
 
Finished building: F4_Motor_Control.bin
 
Finished building: F4_Motor_Control.list
 
16:32:50 **** Incremental Build of configuration Debug for project F4_Motor_Control ****
make -j8 all 
arm-none-eabi-size   F4_Motor_Control.elf 
   text	   data	    bss	    dec	    hex	filename
  39712	    496	   4128	  44336	   ad30	F4_Motor_Control.elf
Finished building: default.size.stdout
 
16:33:01 **** Incremental Build of configuration Debug for project F4_Motor_Control ****
make -j8 all 
arm-none-eabi-size   F4_Motor_Control.elf 
   text	   data	    bss	    dec	    hex	filename
  39712	    496	   4128	  44336	   ad30	F4_Motor_Control.elf
Finished building: default.size.stdout
 
16:33:17 **** Incremental Build of configuration Debug for project F4_Motor_Control ****
make -j8 all 
arm-none-eabi-size   F4_Motor_Control.elf 
   text	   data	    bss	    dec	    hex	filename
  39712	    496	   4128	  44336	   ad30	F4_Motor_Control.elf
Finished building: default.size.stdout
 
16:34:50 **** Incremental Build of configuration Debug for project F4_Motor_Control ****
make -j8 all 
arm-none-eabi-size   F4_Motor_Control.elf 
   text	   data	    bss	    dec	    hex	filename
  39712	    496	   4128	  44336	   ad30	F4_Motor_Control.elf
Finished building: default.size.stdout
 
16:35:56 **** Incremental Build of configuration Debug for project F4_Motor_Control ****
make -j8 all 
arm-none-eabi-size   F4_Motor_Control.elf 
   text	   data	    bss	    dec	    hex	filename
  39712	    496	   4128	  44336	   ad30	F4_Motor_Control.elf
Finished building: default.size.stdout
 
16:37:09 **** Incremental Build of configuration Debug for project F4_Motor_Control ****
make -j8 all 
arm-none-eabi-gcc "../Core/Src/main.c" -mcpu=cortex-m4 -std=gnu11 -g3 -DUSE_HAL_DRIVER -DDEBUG -DSTM32F407xx -c -I../Drivers/CMSIS/Include -I../Drivers/STM32F4xx_HAL_Driver/Inc -I../Core/Inc -I"D:/work/study/stm32/cubeIDEworkspace/F4_Motor_Control/Core/USER/INC" -I../Drivers/CMSIS/Device/ST/STM32F4xx/Include -I../Drivers/STM32F4xx_HAL_Driver/Inc/Legacy -O0 -ffunction-sections -fdata-sections -Wall -fstack-usage -MMD -MP -MF"Core/Src/main.d" -MT"Core/Src/main.o" --specs=nano.specs -mfpu=fpv4-sp-d16 -mfloat-abi=hard -mthumb -o "Core/Src/main.o"
arm-none-eabi-gcc -o "F4_Motor_Control.elf" @"objects.list"   -mcpu=cortex-m4 -T"D:\work\study\stm32\cubeIDEworkspace\F4_Motor_Control\STM32F407ZGTX_FLASH.ld" --specs=nosys.specs -Wl,-Map="F4_Motor_Control.map" -Wl,--gc-sections -static --specs=nano.specs -mfpu=fpv4-sp-d16 -mfloat-abi=hard -mthumb -u _printf_float -Wl,--start-group -lc -lm -Wl,--end-group
Finished building target: F4_Motor_Control.elf
 
arm-none-eabi-objdump -h -S  F4_Motor_Control.elf  > "F4_Motor_Control.list"
arm-none-eabi-objcopy  -O binary  F4_Motor_Control.elf  "F4_Motor_Control.bin"
arm-none-eabi-size   F4_Motor_Control.elf 
   text	   data	    bss	    dec	    hex	filename
  39712	    504	   4120	  44336	   ad30	F4_Motor_Control.elf
Finished building: default.size.stdout
 
Finished building: F4_Motor_Control.bin
 
Finished building: F4_Motor_Control.list
 
16:37:20 **** Incremental Build of configuration Debug for project F4_Motor_Control ****
make -j8 all 
arm-none-eabi-size   F4_Motor_Control.elf 
   text	   data	    bss	    dec	    hex	filename
  39712	    504	   4120	  44336	   ad30	F4_Motor_Control.elf
Finished building: default.size.stdout
 
16:37:43 **** Incremental Build of configuration Debug for project F4_Motor_Control ****
make -j8 all 
arm-none-eabi-gcc "../Core/Src/main.c" -mcpu=cortex-m4 -std=gnu11 -g3 -DUSE_HAL_DRIVER -DDEBUG -DSTM32F407xx -c -I../Drivers/CMSIS/Include -I../Drivers/STM32F4xx_HAL_Driver/Inc -I../Core/Inc -I"D:/work/study/stm32/cubeIDEworkspace/F4_Motor_Control/Core/USER/INC" -I../Drivers/CMSIS/Device/ST/STM32F4xx/Include -I../Drivers/STM32F4xx_HAL_Driver/Inc/Legacy -O0 -ffunction-sections -fdata-sections -Wall -fstack-usage -MMD -MP -MF"Core/Src/main.d" -MT"Core/Src/main.o" --specs=nano.specs -mfpu=fpv4-sp-d16 -mfloat-abi=hard -mthumb -o "Core/Src/main.o"
arm-none-eabi-gcc -o "F4_Motor_Control.elf" @"objects.list"   -mcpu=cortex-m4 -T"D:\work\study\stm32\cubeIDEworkspace\F4_Motor_Control\STM32F407ZGTX_FLASH.ld" --specs=nosys.specs -Wl,-Map="F4_Motor_Control.map" -Wl,--gc-sections -static --specs=nano.specs -mfpu=fpv4-sp-d16 -mfloat-abi=hard -mthumb -u _printf_float -Wl,--start-group -lc -lm -Wl,--end-group
Finished building target: F4_Motor_Control.elf
 
arm-none-eabi-objdump -h -S  F4_Motor_Control.elf  > "F4_Motor_Control.list"
arm-none-eabi-objcopy  -O binary  F4_Motor_Control.elf  "F4_Motor_Control.bin"
arm-none-eabi-size   F4_Motor_Control.elf 
   text	   data	    bss	    dec	    hex	filename
  39712	    504	   4120	  44336	   ad30	F4_Motor_Control.elf
Finished building: default.size.stdout
 
Finished building: F4_Motor_Control.bin
 
Finished building: F4_Motor_Control.list
 
16:43:07 **** Incremental Build of configuration Debug for project F4_Motor_Control ****
make -j8 all 
arm-none-eabi-gcc "../Core/Src/main.c" -mcpu=cortex-m4 -std=gnu11 -g3 -DUSE_HAL_DRIVER -DDEBUG -DSTM32F407xx -c -I../Drivers/CMSIS/Include -I../Drivers/STM32F4xx_HAL_Driver/Inc -I../Core/Inc -I"D:/work/study/stm32/cubeIDEworkspace/F4_Motor_Control/Core/USER/INC" -I../Drivers/CMSIS/Device/ST/STM32F4xx/Include -I../Drivers/STM32F4xx_HAL_Driver/Inc/Legacy -O0 -ffunction-sections -fdata-sections -Wall -fstack-usage -MMD -MP -MF"Core/Src/main.d" -MT"Core/Src/main.o" --specs=nano.specs -mfpu=fpv4-sp-d16 -mfloat-abi=hard -mthumb -o "Core/Src/main.o"
arm-none-eabi-gcc -o "F4_Motor_Control.elf" @"objects.list"   -mcpu=cortex-m4 -T"D:\work\study\stm32\cubeIDEworkspace\F4_Motor_Control\STM32F407ZGTX_FLASH.ld" --specs=nosys.specs -Wl,-Map="F4_Motor_Control.map" -Wl,--gc-sections -static --specs=nano.specs -mfpu=fpv4-sp-d16 -mfloat-abi=hard -mthumb -u _printf_float -Wl,--start-group -lc -lm -Wl,--end-group
Finished building target: F4_Motor_Control.elf
 
arm-none-eabi-objdump -h -S  F4_Motor_Control.elf  > "F4_Motor_Control.list"
arm-none-eabi-objcopy  -O binary  F4_Motor_Control.elf  "F4_Motor_Control.bin"
arm-none-eabi-size   F4_Motor_Control.elf 
   text	   data	    bss	    dec	    hex	filename
  39720	    504	   4120	  44344	   ad38	F4_Motor_Control.elf
Finished building: default.size.stdout
 
Finished building: F4_Motor_Control.bin
 
Finished building: F4_Motor_Control.list
 
16:43:18 **** Incremental Build of configuration Debug for project F4_Motor_Control ****
make -j8 all 
arm-none-eabi-size   F4_Motor_Control.elf 
   text	   data	    bss	    dec	    hex	filename
  39720	    504	   4120	  44344	   ad38	F4_Motor_Control.elf
Finished building: default.size.stdout
 
16:44:31 **** Incremental Build of configuration Debug for project F4_Motor_Control ****
make -j8 all 
arm-none-eabi-gcc "../Core/Src/main.c" -mcpu=cortex-m4 -std=gnu11 -g3 -DUSE_HAL_DRIVER -DDEBUG -DSTM32F407xx -c -I../Drivers/CMSIS/Include -I../Drivers/STM32F4xx_HAL_Driver/Inc -I../Core/Inc -I"D:/work/study/stm32/cubeIDEworkspace/F4_Motor_Control/Core/USER/INC" -I../Drivers/CMSIS/Device/ST/STM32F4xx/Include -I../Drivers/STM32F4xx_HAL_Driver/Inc/Legacy -O0 -ffunction-sections -fdata-sections -Wall -fstack-usage -MMD -MP -MF"Core/Src/main.d" -MT"Core/Src/main.o" --specs=nano.specs -mfpu=fpv4-sp-d16 -mfloat-abi=hard -mthumb -o "Core/Src/main.o"
arm-none-eabi-gcc -o "F4_Motor_Control.elf" @"objects.list"   -mcpu=cortex-m4 -T"D:\work\study\stm32\cubeIDEworkspace\F4_Motor_Control\STM32F407ZGTX_FLASH.ld" --specs=nosys.specs -Wl,-Map="F4_Motor_Control.map" -Wl,--gc-sections -static --specs=nano.specs -mfpu=fpv4-sp-d16 -mfloat-abi=hard -mthumb -u _printf_float -Wl,--start-group -lc -lm -Wl,--end-group
Finished building target: F4_Motor_Control.elf
 
arm-none-eabi-objdump -h -S  F4_Motor_Control.elf  > "F4_Motor_Control.list"
arm-none-eabi-objcopy  -O binary  F4_Motor_Control.elf  "F4_Motor_Control.bin"
arm-none-eabi-size   F4_Motor_Control.elf 
   text	   data	    bss	    dec	    hex	filename
  39712	    504	   4120	  44336	   ad30	F4_Motor_Control.elf
Finished building: default.size.stdout
 
Finished building: F4_Motor_Control.bin
 
Finished building: F4_Motor_Control.list
 
16:46:43 **** Incremental Build of configuration Debug for project F4_Motor_Control ****
make -j8 all 
arm-none-eabi-gcc "../Core/Src/main.c" -mcpu=cortex-m4 -std=gnu11 -g3 -DUSE_HAL_DRIVER -DDEBUG -DSTM32F407xx -c -I../Drivers/CMSIS/Include -I../Drivers/STM32F4xx_HAL_Driver/Inc -I../Core/Inc -I"D:/work/study/stm32/cubeIDEworkspace/F4_Motor_Control/Core/USER/INC" -I../Drivers/CMSIS/Device/ST/STM32F4xx/Include -I../Drivers/STM32F4xx_HAL_Driver/Inc/Legacy -O0 -ffunction-sections -fdata-sections -Wall -fstack-usage -MMD -MP -MF"Core/Src/main.d" -MT"Core/Src/main.o" --specs=nano.specs -mfpu=fpv4-sp-d16 -mfloat-abi=hard -mthumb -o "Core/Src/main.o"
arm-none-eabi-gcc -o "F4_Motor_Control.elf" @"objects.list"   -mcpu=cortex-m4 -T"D:\work\study\stm32\cubeIDEworkspace\F4_Motor_Control\STM32F407ZGTX_FLASH.ld" --specs=nosys.specs -Wl,-Map="F4_Motor_Control.map" -Wl,--gc-sections -static --specs=nano.specs -mfpu=fpv4-sp-d16 -mfloat-abi=hard -mthumb -u _printf_float -Wl,--start-group -lc -lm -Wl,--end-group
Finished building target: F4_Motor_Control.elf
 
arm-none-eabi-objdump -h -S  F4_Motor_Control.elf  > "F4_Motor_Control.list"
arm-none-eabi-objcopy  -O binary  F4_Motor_Control.elf  "F4_Motor_Control.bin"
arm-none-eabi-size   F4_Motor_Control.elf 
   text	   data	    bss	    dec	    hex	filename
  39712	    504	   4120	  44336	   ad30	F4_Motor_Control.elf
Finished building: default.size.stdout
 
Finished building: F4_Motor_Control.bin
 
Finished building: F4_Motor_Control.list
 
16:48:38 **** Incremental Build of configuration Debug for project F4_Motor_Control ****
make -j8 all 
arm-none-eabi-gcc "../Core/Src/main.c" -mcpu=cortex-m4 -std=gnu11 -g3 -DUSE_HAL_DRIVER -DDEBUG -DSTM32F407xx -c -I../Drivers/CMSIS/Include -I../Drivers/STM32F4xx_HAL_Driver/Inc -I../Core/Inc -I"D:/work/study/stm32/cubeIDEworkspace/F4_Motor_Control/Core/USER/INC" -I../Drivers/CMSIS/Device/ST/STM32F4xx/Include -I../Drivers/STM32F4xx_HAL_Driver/Inc/Legacy -O0 -ffunction-sections -fdata-sections -Wall -fstack-usage -MMD -MP -MF"Core/Src/main.d" -MT"Core/Src/main.o" --specs=nano.specs -mfpu=fpv4-sp-d16 -mfloat-abi=hard -mthumb -o "Core/Src/main.o"
arm-none-eabi-gcc -o "F4_Motor_Control.elf" @"objects.list"   -mcpu=cortex-m4 -T"D:\work\study\stm32\cubeIDEworkspace\F4_Motor_Control\STM32F407ZGTX_FLASH.ld" --specs=nosys.specs -Wl,-Map="F4_Motor_Control.map" -Wl,--gc-sections -static --specs=nano.specs -mfpu=fpv4-sp-d16 -mfloat-abi=hard -mthumb -u _printf_float -Wl,--start-group -lc -lm -Wl,--end-group
Finished building target: F4_Motor_Control.elf
 
arm-none-eabi-objdump -h -S  F4_Motor_Control.elf  > "F4_Motor_Control.list"
arm-none-eabi-objcopy  -O binary  F4_Motor_Control.elf  "F4_Motor_Control.bin"
arm-none-eabi-size   F4_Motor_Control.elf 
   text	   data	    bss	    dec	    hex	filename
  39704	    504	   4120	  44328	   ad28	F4_Motor_Control.elf
Finished building: default.size.stdout
 
Finished building: F4_Motor_Control.bin
 
Finished building: F4_Motor_Control.list
 
16:48:48 **** Incremental Build of configuration Debug for project F4_Motor_Control ****
make -j8 all 
arm-none-eabi-size   F4_Motor_Control.elf 
   text	   data	    bss	    dec	    hex	filename
  39704	    504	   4120	  44328	   ad28	F4_Motor_Control.elf
Finished building: default.size.stdout
 
16:49:29 **** Incremental Build of configuration Debug for project F4_Motor_Control ****
make -j8 all 
arm-none-eabi-gcc "../Core/Src/main.c" -mcpu=cortex-m4 -std=gnu11 -g3 -DUSE_HAL_DRIVER -DDEBUG -DSTM32F407xx -c -I../Drivers/CMSIS/Include -I../Drivers/STM32F4xx_HAL_Driver/Inc -I../Core/Inc -I"D:/work/study/stm32/cubeIDEworkspace/F4_Motor_Control/Core/USER/INC" -I../Drivers/CMSIS/Device/ST/STM32F4xx/Include -I../Drivers/STM32F4xx_HAL_Driver/Inc/Legacy -O0 -ffunction-sections -fdata-sections -Wall -fstack-usage -MMD -MP -MF"Core/Src/main.d" -MT"Core/Src/main.o" --specs=nano.specs -mfpu=fpv4-sp-d16 -mfloat-abi=hard -mthumb -o "Core/Src/main.o"
arm-none-eabi-gcc -o "F4_Motor_Control.elf" @"objects.list"   -mcpu=cortex-m4 -T"D:\work\study\stm32\cubeIDEworkspace\F4_Motor_Control\STM32F407ZGTX_FLASH.ld" --specs=nosys.specs -Wl,-Map="F4_Motor_Control.map" -Wl,--gc-sections -static --specs=nano.specs -mfpu=fpv4-sp-d16 -mfloat-abi=hard -mthumb -u _printf_float -Wl,--start-group -lc -lm -Wl,--end-group
Finished building target: F4_Motor_Control.elf
 
arm-none-eabi-objdump -h -S  F4_Motor_Control.elf  > "F4_Motor_Control.list"
arm-none-eabi-objcopy  -O binary  F4_Motor_Control.elf  "F4_Motor_Control.bin"
arm-none-eabi-size   F4_Motor_Control.elf 
   text	   data	    bss	    dec	    hex	filename
  39712	    504	   4120	  44336	   ad30	F4_Motor_Control.elf
Finished building: default.size.stdout
 
Finished building: F4_Motor_Control.bin
 
Finished building: F4_Motor_Control.list
 
16:52:03 **** Incremental Build of configuration Debug for project F4_Motor_Control ****
make -j8 all 
arm-none-eabi-gcc "../Core/Src/main.c" -mcpu=cortex-m4 -std=gnu11 -g3 -DUSE_HAL_DRIVER -DDEBUG -DSTM32F407xx -c -I../Drivers/CMSIS/Include -I../Drivers/STM32F4xx_HAL_Driver/Inc -I../Core/Inc -I"D:/work/study/stm32/cubeIDEworkspace/F4_Motor_Control/Core/USER/INC" -I../Drivers/CMSIS/Device/ST/STM32F4xx/Include -I../Drivers/STM32F4xx_HAL_Driver/Inc/Legacy -O0 -ffunction-sections -fdata-sections -Wall -fstack-usage -MMD -MP -MF"Core/Src/main.d" -MT"Core/Src/main.o" --specs=nano.specs -mfpu=fpv4-sp-d16 -mfloat-abi=hard -mthumb -o "Core/Src/main.o"
arm-none-eabi-gcc -o "F4_Motor_Control.elf" @"objects.list"   -mcpu=cortex-m4 -T"D:\work\study\stm32\cubeIDEworkspace\F4_Motor_Control\STM32F407ZGTX_FLASH.ld" --specs=nosys.specs -Wl,-Map="F4_Motor_Control.map" -Wl,--gc-sections -static --specs=nano.specs -mfpu=fpv4-sp-d16 -mfloat-abi=hard -mthumb -u _printf_float -Wl,--start-group -lc -lm -Wl,--end-group
Finished building target: F4_Motor_Control.elf
 
arm-none-eabi-objdump -h -S  F4_Motor_Control.elf  > "F4_Motor_Control.list"
arm-none-eabi-objcopy  -O binary  F4_Motor_Control.elf  "F4_Motor_Control.bin"
arm-none-eabi-size   F4_Motor_Control.elf 
   text	   data	    bss	    dec	    hex	filename
  39712	    504	   4120	  44336	   ad30	F4_Motor_Control.elf
Finished building: default.size.stdout
 
Finished building: F4_Motor_Control.bin
 
Finished building: F4_Motor_Control.list
 
17:00:41 **** Incremental Build of configuration Debug for project F4_Motor_Control ****
make -j8 all 
arm-none-eabi-gcc "../Core/Src/main.c" -mcpu=cortex-m4 -std=gnu11 -g3 -DUSE_HAL_DRIVER -DDEBUG -DSTM32F407xx -c -I../Drivers/CMSIS/Include -I../Drivers/STM32F4xx_HAL_Driver/Inc -I../Core/Inc -I"D:/work/study/stm32/cubeIDEworkspace/F4_Motor_Control/Core/USER/INC" -I../Drivers/CMSIS/Device/ST/STM32F4xx/Include -I../Drivers/STM32F4xx_HAL_Driver/Inc/Legacy -O0 -ffunction-sections -fdata-sections -Wall -fstack-usage -MMD -MP -MF"Core/Src/main.d" -MT"Core/Src/main.o" --specs=nano.specs -mfpu=fpv4-sp-d16 -mfloat-abi=hard -mthumb -o "Core/Src/main.o"
arm-none-eabi-gcc -o "F4_Motor_Control.elf" @"objects.list"   -mcpu=cortex-m4 -T"D:\work\study\stm32\cubeIDEworkspace\F4_Motor_Control\STM32F407ZGTX_FLASH.ld" --specs=nosys.specs -Wl,-Map="F4_Motor_Control.map" -Wl,--gc-sections -static --specs=nano.specs -mfpu=fpv4-sp-d16 -mfloat-abi=hard -mthumb -u _printf_float -Wl,--start-group -lc -lm -Wl,--end-group
Finished building target: F4_Motor_Control.elf
 
arm-none-eabi-objdump -h -S  F4_Motor_Control.elf  > "F4_Motor_Control.list"
arm-none-eabi-objcopy  -O binary  F4_Motor_Control.elf  "F4_Motor_Control.bin"
arm-none-eabi-size   F4_Motor_Control.elf 
   text	   data	    bss	    dec	    hex	filename
  39712	    504	   4120	  44336	   ad30	F4_Motor_Control.elf
Finished building: default.size.stdout
 
Finished building: F4_Motor_Control.bin
 
Finished building: F4_Motor_Control.list
 
17:00:52 **** Incremental Build of configuration Debug for project F4_Motor_Control ****
make -j8 all 
arm-none-eabi-size   F4_Motor_Control.elf 
   text	   data	    bss	    dec	    hex	filename
  39712	    504	   4120	  44336	   ad30	F4_Motor_Control.elf
Finished building: default.size.stdout
 
17:01:43 **** Incremental Build of configuration Debug for project F4_Motor_Control ****
make -j8 all 
arm-none-eabi-gcc "../Core/Src/main.c" -mcpu=cortex-m4 -std=gnu11 -g3 -DUSE_HAL_DRIVER -DDEBUG -DSTM32F407xx -c -I../Drivers/CMSIS/Include -I../Drivers/STM32F4xx_HAL_Driver/Inc -I../Core/Inc -I"D:/work/study/stm32/cubeIDEworkspace/F4_Motor_Control/Core/USER/INC" -I../Drivers/CMSIS/Device/ST/STM32F4xx/Include -I../Drivers/STM32F4xx_HAL_Driver/Inc/Legacy -O0 -ffunction-sections -fdata-sections -Wall -fstack-usage -MMD -MP -MF"Core/Src/main.d" -MT"Core/Src/main.o" --specs=nano.specs -mfpu=fpv4-sp-d16 -mfloat-abi=hard -mthumb -o "Core/Src/main.o"
arm-none-eabi-gcc -o "F4_Motor_Control.elf" @"objects.list"   -mcpu=cortex-m4 -T"D:\work\study\stm32\cubeIDEworkspace\F4_Motor_Control\STM32F407ZGTX_FLASH.ld" --specs=nosys.specs -Wl,-Map="F4_Motor_Control.map" -Wl,--gc-sections -static --specs=nano.specs -mfpu=fpv4-sp-d16 -mfloat-abi=hard -mthumb -u _printf_float -Wl,--start-group -lc -lm -Wl,--end-group
Finished building target: F4_Motor_Control.elf
 
arm-none-eabi-objdump -h -S  F4_Motor_Control.elf  > "F4_Motor_Control.list"
arm-none-eabi-objcopy  -O binary  F4_Motor_Control.elf  "F4_Motor_Control.bin"
arm-none-eabi-size   F4_Motor_Control.elf 
   text	   data	    bss	    dec	    hex	filename
  39712	    504	   4120	  44336	   ad30	F4_Motor_Control.elf
Finished building: default.size.stdout
 
Finished building: F4_Motor_Control.bin
 
Finished building: F4_Motor_Control.list
 
17:02:16 **** Incremental Build of configuration Debug for project F4_Motor_Control ****
make -j8 all 
arm-none-eabi-gcc "../Core/Src/main.c" -mcpu=cortex-m4 -std=gnu11 -g3 -DUSE_HAL_DRIVER -DDEBUG -DSTM32F407xx -c -I../Drivers/CMSIS/Include -I../Drivers/STM32F4xx_HAL_Driver/Inc -I../Core/Inc -I"D:/work/study/stm32/cubeIDEworkspace/F4_Motor_Control/Core/USER/INC" -I../Drivers/CMSIS/Device/ST/STM32F4xx/Include -I../Drivers/STM32F4xx_HAL_Driver/Inc/Legacy -O0 -ffunction-sections -fdata-sections -Wall -fstack-usage -MMD -MP -MF"Core/Src/main.d" -MT"Core/Src/main.o" --specs=nano.specs -mfpu=fpv4-sp-d16 -mfloat-abi=hard -mthumb -o "Core/Src/main.o"
arm-none-eabi-gcc -o "F4_Motor_Control.elf" @"objects.list"   -mcpu=cortex-m4 -T"D:\work\study\stm32\cubeIDEworkspace\F4_Motor_Control\STM32F407ZGTX_FLASH.ld" --specs=nosys.specs -Wl,-Map="F4_Motor_Control.map" -Wl,--gc-sections -static --specs=nano.specs -mfpu=fpv4-sp-d16 -mfloat-abi=hard -mthumb -u _printf_float -Wl,--start-group -lc -lm -Wl,--end-group
Finished building target: F4_Motor_Control.elf
 
arm-none-eabi-objdump -h -S  F4_Motor_Control.elf  > "F4_Motor_Control.list"
arm-none-eabi-objcopy  -O binary  F4_Motor_Control.elf  "F4_Motor_Control.bin"
arm-none-eabi-size   F4_Motor_Control.elf 
   text	   data	    bss	    dec	    hex	filename
  39720	    504	   4120	  44344	   ad38	F4_Motor_Control.elf
Finished building: default.size.stdout
 
Finished building: F4_Motor_Control.bin
 
Finished building: F4_Motor_Control.list
 
17:03:09 **** Incremental Build of configuration Debug for project F4_Motor_Control ****
make -j8 all 
arm-none-eabi-gcc "../Core/Src/main.c" -mcpu=cortex-m4 -std=gnu11 -g3 -DUSE_HAL_DRIVER -DDEBUG -DSTM32F407xx -c -I../Drivers/CMSIS/Include -I../Drivers/STM32F4xx_HAL_Driver/Inc -I../Core/Inc -I"D:/work/study/stm32/cubeIDEworkspace/F4_Motor_Control/Core/USER/INC" -I../Drivers/CMSIS/Device/ST/STM32F4xx/Include -I../Drivers/STM32F4xx_HAL_Driver/Inc/Legacy -O0 -ffunction-sections -fdata-sections -Wall -fstack-usage -MMD -MP -MF"Core/Src/main.d" -MT"Core/Src/main.o" --specs=nano.specs -mfpu=fpv4-sp-d16 -mfloat-abi=hard -mthumb -o "Core/Src/main.o"
arm-none-eabi-gcc -o "F4_Motor_Control.elf" @"objects.list"   -mcpu=cortex-m4 -T"D:\work\study\stm32\cubeIDEworkspace\F4_Motor_Control\STM32F407ZGTX_FLASH.ld" --specs=nosys.specs -Wl,-Map="F4_Motor_Control.map" -Wl,--gc-sections -static --specs=nano.specs -mfpu=fpv4-sp-d16 -mfloat-abi=hard -mthumb -u _printf_float -Wl,--start-group -lc -lm -Wl,--end-group
Finished building target: F4_Motor_Control.elf
 
arm-none-eabi-objdump -h -S  F4_Motor_Control.elf  > "F4_Motor_Control.list"
arm-none-eabi-objcopy  -O binary  F4_Motor_Control.elf  "F4_Motor_Control.bin"
arm-none-eabi-size   F4_Motor_Control.elf 
   text	   data	    bss	    dec	    hex	filename
  39720	    504	   4120	  44344	   ad38	F4_Motor_Control.elf
Finished building: default.size.stdout
 
Finished building: F4_Motor_Control.bin
 
Finished building: F4_Motor_Control.list
 
17:04:08 **** Incremental Build of configuration Debug for project F4_Motor_Control ****
make -j8 all 
arm-none-eabi-gcc "../Core/Src/main.c" -mcpu=cortex-m4 -std=gnu11 -g3 -DUSE_HAL_DRIVER -DDEBUG -DSTM32F407xx -c -I../Drivers/CMSIS/Include -I../Drivers/STM32F4xx_HAL_Driver/Inc -I../Core/Inc -I"D:/work/study/stm32/cubeIDEworkspace/F4_Motor_Control/Core/USER/INC" -I../Drivers/CMSIS/Device/ST/STM32F4xx/Include -I../Drivers/STM32F4xx_HAL_Driver/Inc/Legacy -O0 -ffunction-sections -fdata-sections -Wall -fstack-usage -MMD -MP -MF"Core/Src/main.d" -MT"Core/Src/main.o" --specs=nano.specs -mfpu=fpv4-sp-d16 -mfloat-abi=hard -mthumb -o "Core/Src/main.o"
arm-none-eabi-gcc -o "F4_Motor_Control.elf" @"objects.list"   -mcpu=cortex-m4 -T"D:\work\study\stm32\cubeIDEworkspace\F4_Motor_Control\STM32F407ZGTX_FLASH.ld" --specs=nosys.specs -Wl,-Map="F4_Motor_Control.map" -Wl,--gc-sections -static --specs=nano.specs -mfpu=fpv4-sp-d16 -mfloat-abi=hard -mthumb -u _printf_float -Wl,--start-group -lc -lm -Wl,--end-group
Finished building target: F4_Motor_Control.elf
 
arm-none-eabi-objdump -h -S  F4_Motor_Control.elf  > "F4_Motor_Control.list"
arm-none-eabi-objcopy  -O binary  F4_Motor_Control.elf  "F4_Motor_Control.bin"
arm-none-eabi-size   F4_Motor_Control.elf 
   text	   data	    bss	    dec	    hex	filename
  39720	    504	   4120	  44344	   ad38	F4_Motor_Control.elf
Finished building: default.size.stdout
 
Finished building: F4_Motor_Control.bin
 
Finished building: F4_Motor_Control.list
 
17:04:56 **** Incremental Build of configuration Debug for project F4_Motor_Control ****
make -j8 all 
arm-none-eabi-gcc "../Core/Src/main.c" -mcpu=cortex-m4 -std=gnu11 -g3 -DUSE_HAL_DRIVER -DDEBUG -DSTM32F407xx -c -I../Drivers/CMSIS/Include -I../Drivers/STM32F4xx_HAL_Driver/Inc -I../Core/Inc -I"D:/work/study/stm32/cubeIDEworkspace/F4_Motor_Control/Core/USER/INC" -I../Drivers/CMSIS/Device/ST/STM32F4xx/Include -I../Drivers/STM32F4xx_HAL_Driver/Inc/Legacy -O0 -ffunction-sections -fdata-sections -Wall -fstack-usage -MMD -MP -MF"Core/Src/main.d" -MT"Core/Src/main.o" --specs=nano.specs -mfpu=fpv4-sp-d16 -mfloat-abi=hard -mthumb -o "Core/Src/main.o"
arm-none-eabi-gcc -o "F4_Motor_Control.elf" @"objects.list"   -mcpu=cortex-m4 -T"D:\work\study\stm32\cubeIDEworkspace\F4_Motor_Control\STM32F407ZGTX_FLASH.ld" --specs=nosys.specs -Wl,-Map="F4_Motor_Control.map" -Wl,--gc-sections -static --specs=nano.specs -mfpu=fpv4-sp-d16 -mfloat-abi=hard -mthumb -u _printf_float -Wl,--start-group -lc -lm -Wl,--end-group
Finished building target: F4_Motor_Control.elf
 
arm-none-eabi-objdump -h -S  F4_Motor_Control.elf  > "F4_Motor_Control.list"
arm-none-eabi-objcopy  -O binary  F4_Motor_Control.elf  "F4_Motor_Control.bin"
arm-none-eabi-size   F4_Motor_Control.elf 
   text	   data	    bss	    dec	    hex	filename
  39720	    504	   4120	  44344	   ad38	F4_Motor_Control.elf
Finished building: default.size.stdout
 
Finished building: F4_Motor_Control.bin
 
Finished building: F4_Motor_Control.list
 
17:08:20 **** Incremental Build of configuration Debug for project F4_Motor_Control ****
make -j8 all 
arm-none-eabi-gcc "../Core/Src/main.c" -mcpu=cortex-m4 -std=gnu11 -g3 -DUSE_HAL_DRIVER -DDEBUG -DSTM32F407xx -c -I../Drivers/CMSIS/Include -I../Drivers/STM32F4xx_HAL_Driver/Inc -I../Core/Inc -I"D:/work/study/stm32/cubeIDEworkspace/F4_Motor_Control/Core/USER/INC" -I../Drivers/CMSIS/Device/ST/STM32F4xx/Include -I../Drivers/STM32F4xx_HAL_Driver/Inc/Legacy -O0 -ffunction-sections -fdata-sections -Wall -fstack-usage -MMD -MP -MF"Core/Src/main.d" -MT"Core/Src/main.o" --specs=nano.specs -mfpu=fpv4-sp-d16 -mfloat-abi=hard -mthumb -o "Core/Src/main.o"
arm-none-eabi-gcc -o "F4_Motor_Control.elf" @"objects.list"   -mcpu=cortex-m4 -T"D:\work\study\stm32\cubeIDEworkspace\F4_Motor_Control\STM32F407ZGTX_FLASH.ld" --specs=nosys.specs -Wl,-Map="F4_Motor_Control.map" -Wl,--gc-sections -static --specs=nano.specs -mfpu=fpv4-sp-d16 -mfloat-abi=hard -mthumb -u _printf_float -Wl,--start-group -lc -lm -Wl,--end-group
Finished building target: F4_Motor_Control.elf
 
arm-none-eabi-objdump -h -S  F4_Motor_Control.elf  > "F4_Motor_Control.list"
arm-none-eabi-objcopy  -O binary  F4_Motor_Control.elf  "F4_Motor_Control.bin"
arm-none-eabi-size   F4_Motor_Control.elf 
   text	   data	    bss	    dec	    hex	filename
  39720	    504	   4120	  44344	   ad38	F4_Motor_Control.elf
Finished building: default.size.stdout
 
Finished building: F4_Motor_Control.bin
 
Finished building: F4_Motor_Control.list
 
17:08:30 **** Incremental Build of configuration Debug for project F4_Motor_Control ****
make -j8 all 
arm-none-eabi-size   F4_Motor_Control.elf 
   text	   data	    bss	    dec	    hex	filename
  39720	    504	   4120	  44344	   ad38	F4_Motor_Control.elf
Finished building: default.size.stdout
 
17:11:23 **** Incremental Build of configuration Debug for project F4_Motor_Control ****
make -j8 all 
arm-none-eabi-gcc "../Core/Src/main.c" -mcpu=cortex-m4 -std=gnu11 -g3 -DUSE_HAL_DRIVER -DDEBUG -DSTM32F407xx -c -I../Drivers/CMSIS/Include -I../Drivers/STM32F4xx_HAL_Driver/Inc -I../Core/Inc -I"D:/work/study/stm32/cubeIDEworkspace/F4_Motor_Control/Core/USER/INC" -I../Drivers/CMSIS/Device/ST/STM32F4xx/Include -I../Drivers/STM32F4xx_HAL_Driver/Inc/Legacy -O0 -ffunction-sections -fdata-sections -Wall -fstack-usage -MMD -MP -MF"Core/Src/main.d" -MT"Core/Src/main.o" --specs=nano.specs -mfpu=fpv4-sp-d16 -mfloat-abi=hard -mthumb -o "Core/Src/main.o"
arm-none-eabi-gcc -o "F4_Motor_Control.elf" @"objects.list"   -mcpu=cortex-m4 -T"D:\work\study\stm32\cubeIDEworkspace\F4_Motor_Control\STM32F407ZGTX_FLASH.ld" --specs=nosys.specs -Wl,-Map="F4_Motor_Control.map" -Wl,--gc-sections -static --specs=nano.specs -mfpu=fpv4-sp-d16 -mfloat-abi=hard -mthumb -u _printf_float -Wl,--start-group -lc -lm -Wl,--end-group
Finished building target: F4_Motor_Control.elf
 
arm-none-eabi-objdump -h -S  F4_Motor_Control.elf  > "F4_Motor_Control.list"
arm-none-eabi-objcopy  -O binary  F4_Motor_Control.elf  "F4_Motor_Control.bin"
arm-none-eabi-size   F4_Motor_Control.elf 
   text	   data	    bss	    dec	    hex	filename
  39720	    504	   4120	  44344	   ad38	F4_Motor_Control.elf
Finished building: default.size.stdout
 
Finished building: F4_Motor_Control.bin
 
Finished building: F4_Motor_Control.list
 
17:13:17 **** Incremental Build of configuration Debug for project F4_Motor_Control ****
make -j8 all 
arm-none-eabi-gcc "../Core/Src/main.c" -mcpu=cortex-m4 -std=gnu11 -g3 -DUSE_HAL_DRIVER -DDEBUG -DSTM32F407xx -c -I../Drivers/CMSIS/Include -I../Drivers/STM32F4xx_HAL_Driver/Inc -I../Core/Inc -I"D:/work/study/stm32/cubeIDEworkspace/F4_Motor_Control/Core/USER/INC" -I../Drivers/CMSIS/Device/ST/STM32F4xx/Include -I../Drivers/STM32F4xx_HAL_Driver/Inc/Legacy -O0 -ffunction-sections -fdata-sections -Wall -fstack-usage -MMD -MP -MF"Core/Src/main.d" -MT"Core/Src/main.o" --specs=nano.specs -mfpu=fpv4-sp-d16 -mfloat-abi=hard -mthumb -o "Core/Src/main.o"
arm-none-eabi-gcc -o "F4_Motor_Control.elf" @"objects.list"   -mcpu=cortex-m4 -T"D:\work\study\stm32\cubeIDEworkspace\F4_Motor_Control\STM32F407ZGTX_FLASH.ld" --specs=nosys.specs -Wl,-Map="F4_Motor_Control.map" -Wl,--gc-sections -static --specs=nano.specs -mfpu=fpv4-sp-d16 -mfloat-abi=hard -mthumb -u _printf_float -Wl,--start-group -lc -lm -Wl,--end-group
Finished building target: F4_Motor_Control.elf
 
arm-none-eabi-objdump -h -S  F4_Motor_Control.elf  > "F4_Motor_Control.list"
arm-none-eabi-objcopy  -O binary  F4_Motor_Control.elf  "F4_Motor_Control.bin"
arm-none-eabi-size   F4_Motor_Control.elf 
   text	   data	    bss	    dec	    hex	filename
  39712	    504	   4120	  44336	   ad30	F4_Motor_Control.elf
Finished building: default.size.stdout
 
Finished building: F4_Motor_Control.bin
 
Finished building: F4_Motor_Control.list
 
17:14:00 **** Incremental Build of configuration Debug for project F4_Motor_Control ****
make -j8 all 
arm-none-eabi-gcc "../Core/Src/main.c" -mcpu=cortex-m4 -std=gnu11 -g3 -DUSE_HAL_DRIVER -DDEBUG -DSTM32F407xx -c -I../Drivers/CMSIS/Include -I../Drivers/STM32F4xx_HAL_Driver/Inc -I../Core/Inc -I"D:/work/study/stm32/cubeIDEworkspace/F4_Motor_Control/Core/USER/INC" -I../Drivers/CMSIS/Device/ST/STM32F4xx/Include -I../Drivers/STM32F4xx_HAL_Driver/Inc/Legacy -O0 -ffunction-sections -fdata-sections -Wall -fstack-usage -MMD -MP -MF"Core/Src/main.d" -MT"Core/Src/main.o" --specs=nano.specs -mfpu=fpv4-sp-d16 -mfloat-abi=hard -mthumb -o "Core/Src/main.o"
arm-none-eabi-gcc -o "F4_Motor_Control.elf" @"objects.list"   -mcpu=cortex-m4 -T"D:\work\study\stm32\cubeIDEworkspace\F4_Motor_Control\STM32F407ZGTX_FLASH.ld" --specs=nosys.specs -Wl,-Map="F4_Motor_Control.map" -Wl,--gc-sections -static --specs=nano.specs -mfpu=fpv4-sp-d16 -mfloat-abi=hard -mthumb -u _printf_float -Wl,--start-group -lc -lm -Wl,--end-group
Finished building target: F4_Motor_Control.elf
 
arm-none-eabi-objdump -h -S  F4_Motor_Control.elf  > "F4_Motor_Control.list"
arm-none-eabi-objcopy  -O binary  F4_Motor_Control.elf  "F4_Motor_Control.bin"
arm-none-eabi-size   F4_Motor_Control.elf 
   text	   data	    bss	    dec	    hex	filename
  39712	    504	   4120	  44336	   ad30	F4_Motor_Control.elf
Finished building: default.size.stdout
 
Finished building: F4_Motor_Control.bin
 
Finished building: F4_Motor_Control.list
 
17:14:09 **** Incremental Build of configuration Debug for project F4_Motor_Control ****
make -j8 all 
arm-none-eabi-size   F4_Motor_Control.elf 
   text	   data	    bss	    dec	    hex	filename
  39712	    504	   4120	  44336	   ad30	F4_Motor_Control.elf
Finished building: default.size.stdout
 
17:14:34 **** Incremental Build of configuration Debug for project F4_Motor_Control ****
make -j8 all 
arm-none-eabi-gcc "../Core/Src/main.c" -mcpu=cortex-m4 -std=gnu11 -g3 -DUSE_HAL_DRIVER -DDEBUG -DSTM32F407xx -c -I../Drivers/CMSIS/Include -I../Drivers/STM32F4xx_HAL_Driver/Inc -I../Core/Inc -I"D:/work/study/stm32/cubeIDEworkspace/F4_Motor_Control/Core/USER/INC" -I../Drivers/CMSIS/Device/ST/STM32F4xx/Include -I../Drivers/STM32F4xx_HAL_Driver/Inc/Legacy -O0 -ffunction-sections -fdata-sections -Wall -fstack-usage -MMD -MP -MF"Core/Src/main.d" -MT"Core/Src/main.o" --specs=nano.specs -mfpu=fpv4-sp-d16 -mfloat-abi=hard -mthumb -o "Core/Src/main.o"
arm-none-eabi-gcc -o "F4_Motor_Control.elf" @"objects.list"   -mcpu=cortex-m4 -T"D:\work\study\stm32\cubeIDEworkspace\F4_Motor_Control\STM32F407ZGTX_FLASH.ld" --specs=nosys.specs -Wl,-Map="F4_Motor_Control.map" -Wl,--gc-sections -static --specs=nano.specs -mfpu=fpv4-sp-d16 -mfloat-abi=hard -mthumb -u _printf_float -Wl,--start-group -lc -lm -Wl,--end-group
Finished building target: F4_Motor_Control.elf
 
arm-none-eabi-objdump -h -S  F4_Motor_Control.elf  > "F4_Motor_Control.list"
arm-none-eabi-objcopy  -O binary  F4_Motor_Control.elf  "F4_Motor_Control.bin"
arm-none-eabi-size   F4_Motor_Control.elf 
   text	   data	    bss	    dec	    hex	filename
  39712	    504	   4120	  44336	   ad30	F4_Motor_Control.elf
Finished building: default.size.stdout
 
Finished building: F4_Motor_Control.bin
 
Finished building: F4_Motor_Control.list
 
17:15:22 **** Incremental Build of configuration Debug for project F4_Motor_Control ****
make -j8 all 
arm-none-eabi-gcc "../Core/Src/main.c" -mcpu=cortex-m4 -std=gnu11 -g3 -DUSE_HAL_DRIVER -DDEBUG -DSTM32F407xx -c -I../Drivers/CMSIS/Include -I../Drivers/STM32F4xx_HAL_Driver/Inc -I../Core/Inc -I"D:/work/study/stm32/cubeIDEworkspace/F4_Motor_Control/Core/USER/INC" -I../Drivers/CMSIS/Device/ST/STM32F4xx/Include -I../Drivers/STM32F4xx_HAL_Driver/Inc/Legacy -O0 -ffunction-sections -fdata-sections -Wall -fstack-usage -MMD -MP -MF"Core/Src/main.d" -MT"Core/Src/main.o" --specs=nano.specs -mfpu=fpv4-sp-d16 -mfloat-abi=hard -mthumb -o "Core/Src/main.o"
arm-none-eabi-gcc -o "F4_Motor_Control.elf" @"objects.list"   -mcpu=cortex-m4 -T"D:\work\study\stm32\cubeIDEworkspace\F4_Motor_Control\STM32F407ZGTX_FLASH.ld" --specs=nosys.specs -Wl,-Map="F4_Motor_Control.map" -Wl,--gc-sections -static --specs=nano.specs -mfpu=fpv4-sp-d16 -mfloat-abi=hard -mthumb -u _printf_float -Wl,--start-group -lc -lm -Wl,--end-group
Finished building target: F4_Motor_Control.elf
 
arm-none-eabi-objdump -h -S  F4_Motor_Control.elf  > "F4_Motor_Control.list"
arm-none-eabi-objcopy  -O binary  F4_Motor_Control.elf  "F4_Motor_Control.bin"
arm-none-eabi-size   F4_Motor_Control.elf 
   text	   data	    bss	    dec	    hex	filename
  39712	    504	   4120	  44336	   ad30	F4_Motor_Control.elf
Finished building: default.size.stdout
 
Finished building: F4_Motor_Control.bin
 
Finished building: F4_Motor_Control.list
 
17:15:34 **** Incremental Build of configuration Debug for project F4_Motor_Control ****
make -j8 all 
arm-none-eabi-size   F4_Motor_Control.elf 
   text	   data	    bss	    dec	    hex	filename
  39712	    504	   4120	  44336	   ad30	F4_Motor_Control.elf
Finished building: default.size.stdout
 
17:16:59 **** Incremental Build of configuration Debug for project F4_Motor_Control ****
make -j8 all 
arm-none-eabi-gcc "../Core/Src/main.c" -mcpu=cortex-m4 -std=gnu11 -g3 -DUSE_HAL_DRIVER -DDEBUG -DSTM32F407xx -c -I../Drivers/CMSIS/Include -I../Drivers/STM32F4xx_HAL_Driver/Inc -I../Core/Inc -I"D:/work/study/stm32/cubeIDEworkspace/F4_Motor_Control/Core/USER/INC" -I../Drivers/CMSIS/Device/ST/STM32F4xx/Include -I../Drivers/STM32F4xx_HAL_Driver/Inc/Legacy -O0 -ffunction-sections -fdata-sections -Wall -fstack-usage -MMD -MP -MF"Core/Src/main.d" -MT"Core/Src/main.o" --specs=nano.specs -mfpu=fpv4-sp-d16 -mfloat-abi=hard -mthumb -o "Core/Src/main.o"
arm-none-eabi-gcc -o "F4_Motor_Control.elf" @"objects.list"   -mcpu=cortex-m4 -T"D:\work\study\stm32\cubeIDEworkspace\F4_Motor_Control\STM32F407ZGTX_FLASH.ld" --specs=nosys.specs -Wl,-Map="F4_Motor_Control.map" -Wl,--gc-sections -static --specs=nano.specs -mfpu=fpv4-sp-d16 -mfloat-abi=hard -mthumb -u _printf_float -Wl,--start-group -lc -lm -Wl,--end-group
Finished building target: F4_Motor_Control.elf
 
arm-none-eabi-objdump -h -S  F4_Motor_Control.elf  > "F4_Motor_Control.list"
arm-none-eabi-objcopy  -O binary  F4_Motor_Control.elf  "F4_Motor_Control.bin"
arm-none-eabi-size   F4_Motor_Control.elf 
   text	   data	    bss	    dec	    hex	filename
  39720	    504	   4120	  44344	   ad38	F4_Motor_Control.elf
Finished building: default.size.stdout
 
Finished building: F4_Motor_Control.bin
 
Finished building: F4_Motor_Control.list
 
17:19:41 **** Incremental Build of configuration Debug for project F4_Motor_Control ****
make -j8 all 
arm-none-eabi-gcc "../Core/Src/main.c" -mcpu=cortex-m4 -std=gnu11 -g3 -DUSE_HAL_DRIVER -DDEBUG -DSTM32F407xx -c -I../Drivers/CMSIS/Include -I../Drivers/STM32F4xx_HAL_Driver/Inc -I../Core/Inc -I"D:/work/study/stm32/cubeIDEworkspace/F4_Motor_Control/Core/USER/INC" -I../Drivers/CMSIS/Device/ST/STM32F4xx/Include -I../Drivers/STM32F4xx_HAL_Driver/Inc/Legacy -O0 -ffunction-sections -fdata-sections -Wall -fstack-usage -MMD -MP -MF"Core/Src/main.d" -MT"Core/Src/main.o" --specs=nano.specs -mfpu=fpv4-sp-d16 -mfloat-abi=hard -mthumb -o "Core/Src/main.o"
arm-none-eabi-gcc -o "F4_Motor_Control.elf" @"objects.list"   -mcpu=cortex-m4 -T"D:\work\study\stm32\cubeIDEworkspace\F4_Motor_Control\STM32F407ZGTX_FLASH.ld" --specs=nosys.specs -Wl,-Map="F4_Motor_Control.map" -Wl,--gc-sections -static --specs=nano.specs -mfpu=fpv4-sp-d16 -mfloat-abi=hard -mthumb -u _printf_float -Wl,--start-group -lc -lm -Wl,--end-group
Finished building target: F4_Motor_Control.elf
 
arm-none-eabi-objdump -h -S  F4_Motor_Control.elf  > "F4_Motor_Control.list"
arm-none-eabi-objcopy  -O binary  F4_Motor_Control.elf  "F4_Motor_Control.bin"
arm-none-eabi-size   F4_Motor_Control.elf 
   text	   data	    bss	    dec	    hex	filename
  39720	    504	   4120	  44344	   ad38	F4_Motor_Control.elf
Finished building: default.size.stdout
 
Finished building: F4_Motor_Control.bin
 
Finished building: F4_Motor_Control.list
 
17:21:17 **** Incremental Build of configuration Debug for project F4_Motor_Control ****
make -j8 all 
arm-none-eabi-gcc "../Core/Src/main.c" -mcpu=cortex-m4 -std=gnu11 -g3 -DUSE_HAL_DRIVER -DDEBUG -DSTM32F407xx -c -I../Drivers/CMSIS/Include -I../Drivers/STM32F4xx_HAL_Driver/Inc -I../Core/Inc -I"D:/work/study/stm32/cubeIDEworkspace/F4_Motor_Control/Core/USER/INC" -I../Drivers/CMSIS/Device/ST/STM32F4xx/Include -I../Drivers/STM32F4xx_HAL_Driver/Inc/Legacy -O0 -ffunction-sections -fdata-sections -Wall -fstack-usage -MMD -MP -MF"Core/Src/main.d" -MT"Core/Src/main.o" --specs=nano.specs -mfpu=fpv4-sp-d16 -mfloat-abi=hard -mthumb -o "Core/Src/main.o"
arm-none-eabi-gcc -o "F4_Motor_Control.elf" @"objects.list"   -mcpu=cortex-m4 -T"D:\work\study\stm32\cubeIDEworkspace\F4_Motor_Control\STM32F407ZGTX_FLASH.ld" --specs=nosys.specs -Wl,-Map="F4_Motor_Control.map" -Wl,--gc-sections -static --specs=nano.specs -mfpu=fpv4-sp-d16 -mfloat-abi=hard -mthumb -u _printf_float -Wl,--start-group -lc -lm -Wl,--end-group
Finished building target: F4_Motor_Control.elf
 
arm-none-eabi-objdump -h -S  F4_Motor_Control.elf  > "F4_Motor_Control.list"
arm-none-eabi-objcopy  -O binary  F4_Motor_Control.elf  "F4_Motor_Control.bin"
arm-none-eabi-size   F4_Motor_Control.elf 
   text	   data	    bss	    dec	    hex	filename
  39712	    504	   4120	  44336	   ad30	F4_Motor_Control.elf
Finished building: default.size.stdout
 
Finished building: F4_Motor_Control.bin
 
Finished building: F4_Motor_Control.list
 
17:21:50 **** Incremental Build of configuration Debug for project F4_Motor_Control ****
make -j8 all 
arm-none-eabi-gcc "../Core/Src/main.c" -mcpu=cortex-m4 -std=gnu11 -g3 -DUSE_HAL_DRIVER -DDEBUG -DSTM32F407xx -c -I../Drivers/CMSIS/Include -I../Drivers/STM32F4xx_HAL_Driver/Inc -I../Core/Inc -I"D:/work/study/stm32/cubeIDEworkspace/F4_Motor_Control/Core/USER/INC" -I../Drivers/CMSIS/Device/ST/STM32F4xx/Include -I../Drivers/STM32F4xx_HAL_Driver/Inc/Legacy -O0 -ffunction-sections -fdata-sections -Wall -fstack-usage -MMD -MP -MF"Core/Src/main.d" -MT"Core/Src/main.o" --specs=nano.specs -mfpu=fpv4-sp-d16 -mfloat-abi=hard -mthumb -o "Core/Src/main.o"
arm-none-eabi-gcc -o "F4_Motor_Control.elf" @"objects.list"   -mcpu=cortex-m4 -T"D:\work\study\stm32\cubeIDEworkspace\F4_Motor_Control\STM32F407ZGTX_FLASH.ld" --specs=nosys.specs -Wl,-Map="F4_Motor_Control.map" -Wl,--gc-sections -static --specs=nano.specs -mfpu=fpv4-sp-d16 -mfloat-abi=hard -mthumb -u _printf_float -Wl,--start-group -lc -lm -Wl,--end-group
Finished building target: F4_Motor_Control.elf
 
arm-none-eabi-objdump -h -S  F4_Motor_Control.elf  > "F4_Motor_Control.list"
arm-none-eabi-objcopy  -O binary  F4_Motor_Control.elf  "F4_Motor_Control.bin"
arm-none-eabi-size   F4_Motor_Control.elf 
   text	   data	    bss	    dec	    hex	filename
  39712	    504	   4120	  44336	   ad30	F4_Motor_Control.elf
Finished building: default.size.stdout
 
Finished building: F4_Motor_Control.bin
 
Finished building: F4_Motor_Control.list
 
17:23:22 **** Incremental Build of configuration Debug for project F4_Motor_Control ****
make -j8 all 
arm-none-eabi-gcc "../Core/Src/main.c" -mcpu=cortex-m4 -std=gnu11 -g3 -DUSE_HAL_DRIVER -DDEBUG -DSTM32F407xx -c -I../Drivers/CMSIS/Include -I../Drivers/STM32F4xx_HAL_Driver/Inc -I../Core/Inc -I"D:/work/study/stm32/cubeIDEworkspace/F4_Motor_Control/Core/USER/INC" -I../Drivers/CMSIS/Device/ST/STM32F4xx/Include -I../Drivers/STM32F4xx_HAL_Driver/Inc/Legacy -O0 -ffunction-sections -fdata-sections -Wall -fstack-usage -MMD -MP -MF"Core/Src/main.d" -MT"Core/Src/main.o" --specs=nano.specs -mfpu=fpv4-sp-d16 -mfloat-abi=hard -mthumb -o "Core/Src/main.o"
arm-none-eabi-gcc -o "F4_Motor_Control.elf" @"objects.list"   -mcpu=cortex-m4 -T"D:\work\study\stm32\cubeIDEworkspace\F4_Motor_Control\STM32F407ZGTX_FLASH.ld" --specs=nosys.specs -Wl,-Map="F4_Motor_Control.map" -Wl,--gc-sections -static --specs=nano.specs -mfpu=fpv4-sp-d16 -mfloat-abi=hard -mthumb -u _printf_float -Wl,--start-group -lc -lm -Wl,--end-group
Finished building target: F4_Motor_Control.elf
 
arm-none-eabi-objdump -h -S  F4_Motor_Control.elf  > "F4_Motor_Control.list"
arm-none-eabi-objcopy  -O binary  F4_Motor_Control.elf  "F4_Motor_Control.bin"
arm-none-eabi-size   F4_Motor_Control.elf 
   text	   data	    bss	    dec	    hex	filename
  39712	    504	   4120	  44336	   ad30	F4_Motor_Control.elf
Finished building: default.size.stdout
 
Finished building: F4_Motor_Control.bin
 
Finished building: F4_Motor_Control.list
 
17:24:43 **** Incremental Build of configuration Debug for project F4_Motor_Control ****
make -j8 all 
arm-none-eabi-gcc "../Core/Src/main.c" -mcpu=cortex-m4 -std=gnu11 -g3 -DUSE_HAL_DRIVER -DDEBUG -DSTM32F407xx -c -I../Drivers/CMSIS/Include -I../Drivers/STM32F4xx_HAL_Driver/Inc -I../Core/Inc -I"D:/work/study/stm32/cubeIDEworkspace/F4_Motor_Control/Core/USER/INC" -I../Drivers/CMSIS/Device/ST/STM32F4xx/Include -I../Drivers/STM32F4xx_HAL_Driver/Inc/Legacy -O0 -ffunction-sections -fdata-sections -Wall -fstack-usage -MMD -MP -MF"Core/Src/main.d" -MT"Core/Src/main.o" --specs=nano.specs -mfpu=fpv4-sp-d16 -mfloat-abi=hard -mthumb -o "Core/Src/main.o"
arm-none-eabi-gcc -o "F4_Motor_Control.elf" @"objects.list"   -mcpu=cortex-m4 -T"D:\work\study\stm32\cubeIDEworkspace\F4_Motor_Control\STM32F407ZGTX_FLASH.ld" --specs=nosys.specs -Wl,-Map="F4_Motor_Control.map" -Wl,--gc-sections -static --specs=nano.specs -mfpu=fpv4-sp-d16 -mfloat-abi=hard -mthumb -u _printf_float -Wl,--start-group -lc -lm -Wl,--end-group
Finished building target: F4_Motor_Control.elf
 
arm-none-eabi-objdump -h -S  F4_Motor_Control.elf  > "F4_Motor_Control.list"
arm-none-eabi-objcopy  -O binary  F4_Motor_Control.elf  "F4_Motor_Control.bin"
arm-none-eabi-size   F4_Motor_Control.elf 
   text	   data	    bss	    dec	    hex	filename
  39720	    504	   4120	  44344	   ad38	F4_Motor_Control.elf
Finished building: default.size.stdout
 
Finished building: F4_Motor_Control.bin
 
Finished building: F4_Motor_Control.list
 
17:26:59 **** Incremental Build of configuration Debug for project F4_Motor_Control ****
make -j8 all 
arm-none-eabi-gcc "../Core/Src/main.c" -mcpu=cortex-m4 -std=gnu11 -g3 -DUSE_HAL_DRIVER -DDEBUG -DSTM32F407xx -c -I../Drivers/CMSIS/Include -I../Drivers/STM32F4xx_HAL_Driver/Inc -I../Core/Inc -I"D:/work/study/stm32/cubeIDEworkspace/F4_Motor_Control/Core/USER/INC" -I../Drivers/CMSIS/Device/ST/STM32F4xx/Include -I../Drivers/STM32F4xx_HAL_Driver/Inc/Legacy -O0 -ffunction-sections -fdata-sections -Wall -fstack-usage -MMD -MP -MF"Core/Src/main.d" -MT"Core/Src/main.o" --specs=nano.specs -mfpu=fpv4-sp-d16 -mfloat-abi=hard -mthumb -o "Core/Src/main.o"
arm-none-eabi-gcc -o "F4_Motor_Control.elf" @"objects.list"   -mcpu=cortex-m4 -T"D:\work\study\stm32\cubeIDEworkspace\F4_Motor_Control\STM32F407ZGTX_FLASH.ld" --specs=nosys.specs -Wl,-Map="F4_Motor_Control.map" -Wl,--gc-sections -static --specs=nano.specs -mfpu=fpv4-sp-d16 -mfloat-abi=hard -mthumb -u _printf_float -Wl,--start-group -lc -lm -Wl,--end-group
Finished building target: F4_Motor_Control.elf
 
arm-none-eabi-objdump -h -S  F4_Motor_Control.elf  > "F4_Motor_Control.list"
arm-none-eabi-objcopy  -O binary  F4_Motor_Control.elf  "F4_Motor_Control.bin"
arm-none-eabi-size   F4_Motor_Control.elf 
   text	   data	    bss	    dec	    hex	filename
  39720	    496	   4128	  44344	   ad38	F4_Motor_Control.elf
Finished building: default.size.stdout
 
Finished building: F4_Motor_Control.bin
 
Finished building: F4_Motor_Control.list
 
17:27:38 **** Incremental Build of configuration Debug for project F4_Motor_Control ****
make -j8 all 
arm-none-eabi-gcc "../Core/Src/main.c" -mcpu=cortex-m4 -std=gnu11 -g3 -DUSE_HAL_DRIVER -DDEBUG -DSTM32F407xx -c -I../Drivers/CMSIS/Include -I../Drivers/STM32F4xx_HAL_Driver/Inc -I../Core/Inc -I"D:/work/study/stm32/cubeIDEworkspace/F4_Motor_Control/Core/USER/INC" -I../Drivers/CMSIS/Device/ST/STM32F4xx/Include -I../Drivers/STM32F4xx_HAL_Driver/Inc/Legacy -O0 -ffunction-sections -fdata-sections -Wall -fstack-usage -MMD -MP -MF"Core/Src/main.d" -MT"Core/Src/main.o" --specs=nano.specs -mfpu=fpv4-sp-d16 -mfloat-abi=hard -mthumb -o "Core/Src/main.o"
arm-none-eabi-gcc -o "F4_Motor_Control.elf" @"objects.list"   -mcpu=cortex-m4 -T"D:\work\study\stm32\cubeIDEworkspace\F4_Motor_Control\STM32F407ZGTX_FLASH.ld" --specs=nosys.specs -Wl,-Map="F4_Motor_Control.map" -Wl,--gc-sections -static --specs=nano.specs -mfpu=fpv4-sp-d16 -mfloat-abi=hard -mthumb -u _printf_float -Wl,--start-group -lc -lm -Wl,--end-group
Finished building target: F4_Motor_Control.elf
 
arm-none-eabi-objdump -h -S  F4_Motor_Control.elf  > "F4_Motor_Control.list"
arm-none-eabi-objcopy  -O binary  F4_Motor_Control.elf  "F4_Motor_Control.bin"
arm-none-eabi-size   F4_Motor_Control.elf 
   text	   data	    bss	    dec	    hex	filename
  39720	    504	   4120	  44344	   ad38	F4_Motor_Control.elf
Finished building: default.size.stdout
 
Finished building: F4_Motor_Control.bin
 
Finished building: F4_Motor_Control.list
 
17:28:37 **** Incremental Build of configuration Debug for project F4_Motor_Control ****
make -j8 all 
arm-none-eabi-gcc "../Core/Src/main.c" -mcpu=cortex-m4 -std=gnu11 -g3 -DUSE_HAL_DRIVER -DDEBUG -DSTM32F407xx -c -I../Drivers/CMSIS/Include -I../Drivers/STM32F4xx_HAL_Driver/Inc -I../Core/Inc -I"D:/work/study/stm32/cubeIDEworkspace/F4_Motor_Control/Core/USER/INC" -I../Drivers/CMSIS/Device/ST/STM32F4xx/Include -I../Drivers/STM32F4xx_HAL_Driver/Inc/Legacy -O0 -ffunction-sections -fdata-sections -Wall -fstack-usage -MMD -MP -MF"Core/Src/main.d" -MT"Core/Src/main.o" --specs=nano.specs -mfpu=fpv4-sp-d16 -mfloat-abi=hard -mthumb -o "Core/Src/main.o"
arm-none-eabi-gcc -o "F4_Motor_Control.elf" @"objects.list"   -mcpu=cortex-m4 -T"D:\work\study\stm32\cubeIDEworkspace\F4_Motor_Control\STM32F407ZGTX_FLASH.ld" --specs=nosys.specs -Wl,-Map="F4_Motor_Control.map" -Wl,--gc-sections -static --specs=nano.specs -mfpu=fpv4-sp-d16 -mfloat-abi=hard -mthumb -u _printf_float -Wl,--start-group -lc -lm -Wl,--end-group
Finished building target: F4_Motor_Control.elf
 
arm-none-eabi-objdump -h -S  F4_Motor_Control.elf  > "F4_Motor_Control.list"
arm-none-eabi-objcopy  -O binary  F4_Motor_Control.elf  "F4_Motor_Control.bin"
arm-none-eabi-size   F4_Motor_Control.elf 
   text	   data	    bss	    dec	    hex	filename
  39720	    504	   4120	  44344	   ad38	F4_Motor_Control.elf
Finished building: default.size.stdout
 
Finished building: F4_Motor_Control.bin
 
Finished building: F4_Motor_Control.list
 
17:32:56 **** Incremental Build of configuration Debug for project F4_Motor_Control ****
make -j8 all 
arm-none-eabi-gcc "../Core/Src/main.c" -mcpu=cortex-m4 -std=gnu11 -g3 -DUSE_HAL_DRIVER -DDEBUG -DSTM32F407xx -c -I../Drivers/CMSIS/Include -I../Drivers/STM32F4xx_HAL_Driver/Inc -I../Core/Inc -I"D:/work/study/stm32/cubeIDEworkspace/F4_Motor_Control/Core/USER/INC" -I../Drivers/CMSIS/Device/ST/STM32F4xx/Include -I../Drivers/STM32F4xx_HAL_Driver/Inc/Legacy -O0 -ffunction-sections -fdata-sections -Wall -fstack-usage -MMD -MP -MF"Core/Src/main.d" -MT"Core/Src/main.o" --specs=nano.specs -mfpu=fpv4-sp-d16 -mfloat-abi=hard -mthumb -o "Core/Src/main.o"
arm-none-eabi-gcc -o "F4_Motor_Control.elf" @"objects.list"   -mcpu=cortex-m4 -T"D:\work\study\stm32\cubeIDEworkspace\F4_Motor_Control\STM32F407ZGTX_FLASH.ld" --specs=nosys.specs -Wl,-Map="F4_Motor_Control.map" -Wl,--gc-sections -static --specs=nano.specs -mfpu=fpv4-sp-d16 -mfloat-abi=hard -mthumb -u _printf_float -Wl,--start-group -lc -lm -Wl,--end-group
Finished building target: F4_Motor_Control.elf
 
arm-none-eabi-objdump -h -S  F4_Motor_Control.elf  > "F4_Motor_Control.list"
arm-none-eabi-objcopy  -O binary  F4_Motor_Control.elf  "F4_Motor_Control.bin"
arm-none-eabi-size   F4_Motor_Control.elf 
   text	   data	    bss	    dec	    hex	filename
  39720	    504	   4120	  44344	   ad38	F4_Motor_Control.elf
Finished building: default.size.stdout
 
Finished building: F4_Motor_Control.bin
 
Finished building: F4_Motor_Control.list
 
17:33:17 **** Incremental Build of configuration Debug for project F4_Motor_Control ****
make -j8 all 
arm-none-eabi-size   F4_Motor_Control.elf 
   text	   data	    bss	    dec	    hex	filename
  39720	    504	   4120	  44344	   ad38	F4_Motor_Control.elf
Finished building: default.size.stdout
 
17:59:44 **** Incremental Build of configuration Debug for project F4_Motor_Control ****
make -j8 all 
arm-none-eabi-gcc "../Drivers/STM32F4xx_HAL_Driver/Src/stm32f4xx_hal.c" -mcpu=cortex-m4 -std=gnu11 -g3 -DUSE_HAL_DRIVER -DDEBUG -DSTM32F407xx -c -I../Drivers/CMSIS/Include -I../Drivers/STM32F4xx_HAL_Driver/Inc -I../Core/Inc -I"D:/work/study/stm32/cubeIDEworkspace/F4_Motor_Control/Core/USER/INC" -I../Drivers/CMSIS/Device/ST/STM32F4xx/Include -I../Drivers/STM32F4xx_HAL_Driver/Inc/Legacy -O0 -ffunction-sections -fdata-sections -Wall -fstack-usage -MMD -MP -MF"Drivers/STM32F4xx_HAL_Driver/Src/stm32f4xx_hal.d" -MT"Drivers/STM32F4xx_HAL_Driver/Src/stm32f4xx_hal.o" --specs=nano.specs -mfpu=fpv4-sp-d16 -mfloat-abi=hard -mthumb -o "Drivers/STM32F4xx_HAL_Driver/Src/stm32f4xx_hal.o"
arm-none-eabi-gcc "../Drivers/STM32F4xx_HAL_Driver/Src/stm32f4xx_hal_adc.c" -mcpu=cortex-m4 -std=gnu11 -g3 -DUSE_HAL_DRIVER -DDEBUG -DSTM32F407xx -c -I../Drivers/CMSIS/Include -I../Drivers/STM32F4xx_HAL_Driver/Inc -I../Core/Inc -I"D:/work/study/stm32/cubeIDEworkspace/F4_Motor_Control/Core/USER/INC" -I../Drivers/CMSIS/Device/ST/STM32F4xx/Include -I../Drivers/STM32F4xx_HAL_Driver/Inc/Legacy -O0 -ffunction-sections -fdata-sections -Wall -fstack-usage -MMD -MP -MF"Drivers/STM32F4xx_HAL_Driver/Src/stm32f4xx_hal_adc.d" -MT"Drivers/STM32F4xx_HAL_Driver/Src/stm32f4xx_hal_adc.o" --specs=nano.specs -mfpu=fpv4-sp-d16 -mfloat-abi=hard -mthumb -o "Drivers/STM32F4xx_HAL_Driver/Src/stm32f4xx_hal_adc.o"
arm-none-eabi-gcc "../Drivers/STM32F4xx_HAL_Driver/Src/stm32f4xx_hal_adc_ex.c" -mcpu=cortex-m4 -std=gnu11 -g3 -DUSE_HAL_DRIVER -DDEBUG -DSTM32F407xx -c -I../Drivers/CMSIS/Include -I../Drivers/STM32F4xx_HAL_Driver/Inc -I../Core/Inc -I"D:/work/study/stm32/cubeIDEworkspace/F4_Motor_Control/Core/USER/INC" -I../Drivers/CMSIS/Device/ST/STM32F4xx/Include -I../Drivers/STM32F4xx_HAL_Driver/Inc/Legacy -O0 -ffunction-sections -fdata-sections -Wall -fstack-usage -MMD -MP -MF"Drivers/STM32F4xx_HAL_Driver/Src/stm32f4xx_hal_adc_ex.d" -MT"Drivers/STM32F4xx_HAL_Driver/Src/stm32f4xx_hal_adc_ex.o" --specs=nano.specs -mfpu=fpv4-sp-d16 -mfloat-abi=hard -mthumb -o "Drivers/STM32F4xx_HAL_Driver/Src/stm32f4xx_hal_adc_ex.o"
arm-none-eabi-gcc "../Drivers/STM32F4xx_HAL_Driver/Src/stm32f4xx_hal_cortex.c" -mcpu=cortex-m4 -std=gnu11 -g3 -DUSE_HAL_DRIVER -DDEBUG -DSTM32F407xx -c -I../Drivers/CMSIS/Include -I../Drivers/STM32F4xx_HAL_Driver/Inc -I../Core/Inc -I"D:/work/study/stm32/cubeIDEworkspace/F4_Motor_Control/Core/USER/INC" -I../Drivers/CMSIS/Device/ST/STM32F4xx/Include -I../Drivers/STM32F4xx_HAL_Driver/Inc/Legacy -O0 -ffunction-sections -fdata-sections -Wall -fstack-usage -MMD -MP -MF"Drivers/STM32F4xx_HAL_Driver/Src/stm32f4xx_hal_cortex.d" -MT"Drivers/STM32F4xx_HAL_Driver/Src/stm32f4xx_hal_cortex.o" --specs=nano.specs -mfpu=fpv4-sp-d16 -mfloat-abi=hard -mthumb -o "Drivers/STM32F4xx_HAL_Driver/Src/stm32f4xx_hal_cortex.o"
arm-none-eabi-gcc "../Drivers/STM32F4xx_HAL_Driver/Src/stm32f4xx_hal_dma.c" -mcpu=cortex-m4 -std=gnu11 -g3 -DUSE_HAL_DRIVER -DDEBUG -DSTM32F407xx -c -I../Drivers/CMSIS/Include -I../Drivers/STM32F4xx_HAL_Driver/Inc -I../Core/Inc -I"D:/work/study/stm32/cubeIDEworkspace/F4_Motor_Control/Core/USER/INC" -I../Drivers/CMSIS/Device/ST/STM32F4xx/Include -I../Drivers/STM32F4xx_HAL_Driver/Inc/Legacy -O0 -ffunction-sections -fdata-sections -Wall -fstack-usage -MMD -MP -MF"Drivers/STM32F4xx_HAL_Driver/Src/stm32f4xx_hal_dma.d" -MT"Drivers/STM32F4xx_HAL_Driver/Src/stm32f4xx_hal_dma.o" --specs=nano.specs -mfpu=fpv4-sp-d16 -mfloat-abi=hard -mthumb -o "Drivers/STM32F4xx_HAL_Driver/Src/stm32f4xx_hal_dma.o"
arm-none-eabi-gcc "../Drivers/STM32F4xx_HAL_Driver/Src/stm32f4xx_hal_dma_ex.c" -mcpu=cortex-m4 -std=gnu11 -g3 -DUSE_HAL_DRIVER -DDEBUG -DSTM32F407xx -c -I../Drivers/CMSIS/Include -I../Drivers/STM32F4xx_HAL_Driver/Inc -I../Core/Inc -I"D:/work/study/stm32/cubeIDEworkspace/F4_Motor_Control/Core/USER/INC" -I../Drivers/CMSIS/Device/ST/STM32F4xx/Include -I../Drivers/STM32F4xx_HAL_Driver/Inc/Legacy -O0 -ffunction-sections -fdata-sections -Wall -fstack-usage -MMD -MP -MF"Drivers/STM32F4xx_HAL_Driver/Src/stm32f4xx_hal_dma_ex.d" -MT"Drivers/STM32F4xx_HAL_Driver/Src/stm32f4xx_hal_dma_ex.o" --specs=nano.specs -mfpu=fpv4-sp-d16 -mfloat-abi=hard -mthumb -o "Drivers/STM32F4xx_HAL_Driver/Src/stm32f4xx_hal_dma_ex.o"
arm-none-eabi-gcc "../Drivers/STM32F4xx_HAL_Driver/Src/stm32f4xx_hal_exti.c" -mcpu=cortex-m4 -std=gnu11 -g3 -DUSE_HAL_DRIVER -DDEBUG -DSTM32F407xx -c -I../Drivers/CMSIS/Include -I../Drivers/STM32F4xx_HAL_Driver/Inc -I../Core/Inc -I"D:/work/study/stm32/cubeIDEworkspace/F4_Motor_Control/Core/USER/INC" -I../Drivers/CMSIS/Device/ST/STM32F4xx/Include -I../Drivers/STM32F4xx_HAL_Driver/Inc/Legacy -O0 -ffunction-sections -fdata-sections -Wall -fstack-usage -MMD -MP -MF"Drivers/STM32F4xx_HAL_Driver/Src/stm32f4xx_hal_exti.d" -MT"Drivers/STM32F4xx_HAL_Driver/Src/stm32f4xx_hal_exti.o" --specs=nano.specs -mfpu=fpv4-sp-d16 -mfloat-abi=hard -mthumb -o "Drivers/STM32F4xx_HAL_Driver/Src/stm32f4xx_hal_exti.o"
arm-none-eabi-gcc "../Drivers/STM32F4xx_HAL_Driver/Src/stm32f4xx_hal_flash.c" -mcpu=cortex-m4 -std=gnu11 -g3 -DUSE_HAL_DRIVER -DDEBUG -DSTM32F407xx -c -I../Drivers/CMSIS/Include -I../Drivers/STM32F4xx_HAL_Driver/Inc -I../Core/Inc -I"D:/work/study/stm32/cubeIDEworkspace/F4_Motor_Control/Core/USER/INC" -I../Drivers/CMSIS/Device/ST/STM32F4xx/Include -I../Drivers/STM32F4xx_HAL_Driver/Inc/Legacy -O0 -ffunction-sections -fdata-sections -Wall -fstack-usage -MMD -MP -MF"Drivers/STM32F4xx_HAL_Driver/Src/stm32f4xx_hal_flash.d" -MT"Drivers/STM32F4xx_HAL_Driver/Src/stm32f4xx_hal_flash.o" --specs=nano.specs -mfpu=fpv4-sp-d16 -mfloat-abi=hard -mthumb -o "Drivers/STM32F4xx_HAL_Driver/Src/stm32f4xx_hal_flash.o"
arm-none-eabi-gcc "../Drivers/STM32F4xx_HAL_Driver/Src/stm32f4xx_hal_flash_ex.c" -mcpu=cortex-m4 -std=gnu11 -g3 -DUSE_HAL_DRIVER -DDEBUG -DSTM32F407xx -c -I../Drivers/CMSIS/Include -I../Drivers/STM32F4xx_HAL_Driver/Inc -I../Core/Inc -I"D:/work/study/stm32/cubeIDEworkspace/F4_Motor_Control/Core/USER/INC" -I../Drivers/CMSIS/Device/ST/STM32F4xx/Include -I../Drivers/STM32F4xx_HAL_Driver/Inc/Legacy -O0 -ffunction-sections -fdata-sections -Wall -fstack-usage -MMD -MP -MF"Drivers/STM32F4xx_HAL_Driver/Src/stm32f4xx_hal_flash_ex.d" -MT"Drivers/STM32F4xx_HAL_Driver/Src/stm32f4xx_hal_flash_ex.o" --specs=nano.specs -mfpu=fpv4-sp-d16 -mfloat-abi=hard -mthumb -o "Drivers/STM32F4xx_HAL_Driver/Src/stm32f4xx_hal_flash_ex.o"
arm-none-eabi-gcc "../Drivers/STM32F4xx_HAL_Driver/Src/stm32f4xx_hal_flash_ramfunc.c" -mcpu=cortex-m4 -std=gnu11 -g3 -DUSE_HAL_DRIVER -DDEBUG -DSTM32F407xx -c -I../Drivers/CMSIS/Include -I../Drivers/STM32F4xx_HAL_Driver/Inc -I../Core/Inc -I"D:/work/study/stm32/cubeIDEworkspace/F4_Motor_Control/Core/USER/INC" -I../Drivers/CMSIS/Device/ST/STM32F4xx/Include -I../Drivers/STM32F4xx_HAL_Driver/Inc/Legacy -O0 -ffunction-sections -fdata-sections -Wall -fstack-usage -MMD -MP -MF"Drivers/STM32F4xx_HAL_Driver/Src/stm32f4xx_hal_flash_ramfunc.d" -MT"Drivers/STM32F4xx_HAL_Driver/Src/stm32f4xx_hal_flash_ramfunc.o" --specs=nano.specs -mfpu=fpv4-sp-d16 -mfloat-abi=hard -mthumb -o "Drivers/STM32F4xx_HAL_Driver/Src/stm32f4xx_hal_flash_ramfunc.o"
arm-none-eabi-gcc "../Drivers/STM32F4xx_HAL_Driver/Src/stm32f4xx_hal_gpio.c" -mcpu=cortex-m4 -std=gnu11 -g3 -DUSE_HAL_DRIVER -DDEBUG -DSTM32F407xx -c -I../Drivers/CMSIS/Include -I../Drivers/STM32F4xx_HAL_Driver/Inc -I../Core/Inc -I"D:/work/study/stm32/cubeIDEworkspace/F4_Motor_Control/Core/USER/INC" -I../Drivers/CMSIS/Device/ST/STM32F4xx/Include -I../Drivers/STM32F4xx_HAL_Driver/Inc/Legacy -O0 -ffunction-sections -fdata-sections -Wall -fstack-usage -MMD -MP -MF"Drivers/STM32F4xx_HAL_Driver/Src/stm32f4xx_hal_gpio.d" -MT"Drivers/STM32F4xx_HAL_Driver/Src/stm32f4xx_hal_gpio.o" --specs=nano.specs -mfpu=fpv4-sp-d16 -mfloat-abi=hard -mthumb -o "Drivers/STM32F4xx_HAL_Driver/Src/stm32f4xx_hal_gpio.o"
arm-none-eabi-gcc "../Drivers/STM32F4xx_HAL_Driver/Src/stm32f4xx_hal_pwr.c" -mcpu=cortex-m4 -std=gnu11 -g3 -DUSE_HAL_DRIVER -DDEBUG -DSTM32F407xx -c -I../Drivers/CMSIS/Include -I../Drivers/STM32F4xx_HAL_Driver/Inc -I../Core/Inc -I"D:/work/study/stm32/cubeIDEworkspace/F4_Motor_Control/Core/USER/INC" -I../Drivers/CMSIS/Device/ST/STM32F4xx/Include -I../Drivers/STM32F4xx_HAL_Driver/Inc/Legacy -O0 -ffunction-sections -fdata-sections -Wall -fstack-usage -MMD -MP -MF"Drivers/STM32F4xx_HAL_Driver/Src/stm32f4xx_hal_pwr.d" -MT"Drivers/STM32F4xx_HAL_Driver/Src/stm32f4xx_hal_pwr.o" --specs=nano.specs -mfpu=fpv4-sp-d16 -mfloat-abi=hard -mthumb -o "Drivers/STM32F4xx_HAL_Driver/Src/stm32f4xx_hal_pwr.o"
arm-none-eabi-gcc "../Drivers/STM32F4xx_HAL_Driver/Src/stm32f4xx_hal_pwr_ex.c" -mcpu=cortex-m4 -std=gnu11 -g3 -DUSE_HAL_DRIVER -DDEBUG -DSTM32F407xx -c -I../Drivers/CMSIS/Include -I../Drivers/STM32F4xx_HAL_Driver/Inc -I../Core/Inc -I"D:/work/study/stm32/cubeIDEworkspace/F4_Motor_Control/Core/USER/INC" -I../Drivers/CMSIS/Device/ST/STM32F4xx/Include -I../Drivers/STM32F4xx_HAL_Driver/Inc/Legacy -O0 -ffunction-sections -fdata-sections -Wall -fstack-usage -MMD -MP -MF"Drivers/STM32F4xx_HAL_Driver/Src/stm32f4xx_hal_pwr_ex.d" -MT"Drivers/STM32F4xx_HAL_Driver/Src/stm32f4xx_hal_pwr_ex.o" --specs=nano.specs -mfpu=fpv4-sp-d16 -mfloat-abi=hard -mthumb -o "Drivers/STM32F4xx_HAL_Driver/Src/stm32f4xx_hal_pwr_ex.o"
arm-none-eabi-gcc "../Drivers/STM32F4xx_HAL_Driver/Src/stm32f4xx_hal_rcc.c" -mcpu=cortex-m4 -std=gnu11 -g3 -DUSE_HAL_DRIVER -DDEBUG -DSTM32F407xx -c -I../Drivers/CMSIS/Include -I../Drivers/STM32F4xx_HAL_Driver/Inc -I../Core/Inc -I"D:/work/study/stm32/cubeIDEworkspace/F4_Motor_Control/Core/USER/INC" -I../Drivers/CMSIS/Device/ST/STM32F4xx/Include -I../Drivers/STM32F4xx_HAL_Driver/Inc/Legacy -O0 -ffunction-sections -fdata-sections -Wall -fstack-usage -MMD -MP -MF"Drivers/STM32F4xx_HAL_Driver/Src/stm32f4xx_hal_rcc.d" -MT"Drivers/STM32F4xx_HAL_Driver/Src/stm32f4xx_hal_rcc.o" --specs=nano.specs -mfpu=fpv4-sp-d16 -mfloat-abi=hard -mthumb -o "Drivers/STM32F4xx_HAL_Driver/Src/stm32f4xx_hal_rcc.o"
arm-none-eabi-gcc "../Drivers/STM32F4xx_HAL_Driver/Src/stm32f4xx_hal_rcc_ex.c" -mcpu=cortex-m4 -std=gnu11 -g3 -DUSE_HAL_DRIVER -DDEBUG -DSTM32F407xx -c -I../Drivers/CMSIS/Include -I../Drivers/STM32F4xx_HAL_Driver/Inc -I../Core/Inc -I"D:/work/study/stm32/cubeIDEworkspace/F4_Motor_Control/Core/USER/INC" -I../Drivers/CMSIS/Device/ST/STM32F4xx/Include -I../Drivers/STM32F4xx_HAL_Driver/Inc/Legacy -O0 -ffunction-sections -fdata-sections -Wall -fstack-usage -MMD -MP -MF"Drivers/STM32F4xx_HAL_Driver/Src/stm32f4xx_hal_rcc_ex.d" -MT"Drivers/STM32F4xx_HAL_Driver/Src/stm32f4xx_hal_rcc_ex.o" --specs=nano.specs -mfpu=fpv4-sp-d16 -mfloat-abi=hard -mthumb -o "Drivers/STM32F4xx_HAL_Driver/Src/stm32f4xx_hal_rcc_ex.o"
arm-none-eabi-gcc "../Drivers/STM32F4xx_HAL_Driver/Src/stm32f4xx_hal_tim.c" -mcpu=cortex-m4 -std=gnu11 -g3 -DUSE_HAL_DRIVER -DDEBUG -DSTM32F407xx -c -I../Drivers/CMSIS/Include -I../Drivers/STM32F4xx_HAL_Driver/Inc -I../Core/Inc -I"D:/work/study/stm32/cubeIDEworkspace/F4_Motor_Control/Core/USER/INC" -I../Drivers/CMSIS/Device/ST/STM32F4xx/Include -I../Drivers/STM32F4xx_HAL_Driver/Inc/Legacy -O0 -ffunction-sections -fdata-sections -Wall -fstack-usage -MMD -MP -MF"Drivers/STM32F4xx_HAL_Driver/Src/stm32f4xx_hal_tim.d" -MT"Drivers/STM32F4xx_HAL_Driver/Src/stm32f4xx_hal_tim.o" --specs=nano.specs -mfpu=fpv4-sp-d16 -mfloat-abi=hard -mthumb -o "Drivers/STM32F4xx_HAL_Driver/Src/stm32f4xx_hal_tim.o"
arm-none-eabi-gcc "../Drivers/STM32F4xx_HAL_Driver/Src/stm32f4xx_hal_tim_ex.c" -mcpu=cortex-m4 -std=gnu11 -g3 -DUSE_HAL_DRIVER -DDEBUG -DSTM32F407xx -c -I../Drivers/CMSIS/Include -I../Drivers/STM32F4xx_HAL_Driver/Inc -I../Core/Inc -I"D:/work/study/stm32/cubeIDEworkspace/F4_Motor_Control/Core/USER/INC" -I../Drivers/CMSIS/Device/ST/STM32F4xx/Include -I../Drivers/STM32F4xx_HAL_Driver/Inc/Legacy -O0 -ffunction-sections -fdata-sections -Wall -fstack-usage -MMD -MP -MF"Drivers/STM32F4xx_HAL_Driver/Src/stm32f4xx_hal_tim_ex.d" -MT"Drivers/STM32F4xx_HAL_Driver/Src/stm32f4xx_hal_tim_ex.o" --specs=nano.specs -mfpu=fpv4-sp-d16 -mfloat-abi=hard -mthumb -o "Drivers/STM32F4xx_HAL_Driver/Src/stm32f4xx_hal_tim_ex.o"
arm-none-eabi-gcc "../Drivers/STM32F4xx_HAL_Driver/Src/stm32f4xx_hal_uart.c" -mcpu=cortex-m4 -std=gnu11 -g3 -DUSE_HAL_DRIVER -DDEBUG -DSTM32F407xx -c -I../Drivers/CMSIS/Include -I../Drivers/STM32F4xx_HAL_Driver/Inc -I../Core/Inc -I"D:/work/study/stm32/cubeIDEworkspace/F4_Motor_Control/Core/USER/INC" -I../Drivers/CMSIS/Device/ST/STM32F4xx/Include -I../Drivers/STM32F4xx_HAL_Driver/Inc/Legacy -O0 -ffunction-sections -fdata-sections -Wall -fstack-usage -MMD -MP -MF"Drivers/STM32F4xx_HAL_Driver/Src/stm32f4xx_hal_uart.d" -MT"Drivers/STM32F4xx_HAL_Driver/Src/stm32f4xx_hal_uart.o" --specs=nano.specs -mfpu=fpv4-sp-d16 -mfloat-abi=hard -mthumb -o "Drivers/STM32F4xx_HAL_Driver/Src/stm32f4xx_hal_uart.o"
arm-none-eabi-gcc "../Core/USER/WIFI/wifi.c" -mcpu=cortex-m4 -std=gnu11 -g3 -DUSE_HAL_DRIVER -DDEBUG -DSTM32F407xx -c -I../Drivers/CMSIS/Include -I../Drivers/STM32F4xx_HAL_Driver/Inc -I../Core/Inc -I"D:/work/study/stm32/cubeIDEworkspace/F4_Motor_Control/Core/USER/INC" -I../Drivers/CMSIS/Device/ST/STM32F4xx/Include -I../Drivers/STM32F4xx_HAL_Driver/Inc/Legacy -O0 -ffunction-sections -fdata-sections -Wall -fstack-usage -MMD -MP -MF"Core/USER/WIFI/wifi.d" -MT"Core/USER/WIFI/wifi.o" --specs=nano.specs -mfpu=fpv4-sp-d16 -mfloat-abi=hard -mthumb -o "Core/USER/WIFI/wifi.o"
arm-none-eabi-gcc "../Core/USER/InputCap/inputcap.c" -mcpu=cortex-m4 -std=gnu11 -g3 -DUSE_HAL_DRIVER -DDEBUG -DSTM32F407xx -c -I../Drivers/CMSIS/Include -I../Drivers/STM32F4xx_HAL_Driver/Inc -I../Core/Inc -I"D:/work/study/stm32/cubeIDEworkspace/F4_Motor_Control/Core/USER/INC" -I../Drivers/CMSIS/Device/ST/STM32F4xx/Include -I../Drivers/STM32F4xx_HAL_Driver/Inc/Legacy -O0 -ffunction-sections -fdata-sections -Wall -fstack-usage -MMD -MP -MF"Core/USER/InputCap/inputcap.d" -MT"Core/USER/InputCap/inputcap.o" --specs=nano.specs -mfpu=fpv4-sp-d16 -mfloat-abi=hard -mthumb -o "Core/USER/InputCap/inputcap.o"
arm-none-eabi-gcc "../Core/USER/ADC/AdcDma.c" -mcpu=cortex-m4 -std=gnu11 -g3 -DUSE_HAL_DRIVER -DDEBUG -DSTM32F407xx -c -I../Drivers/CMSIS/Include -I../Drivers/STM32F4xx_HAL_Driver/Inc -I../Core/Inc -I"D:/work/study/stm32/cubeIDEworkspace/F4_Motor_Control/Core/USER/INC" -I../Drivers/CMSIS/Device/ST/STM32F4xx/Include -I../Drivers/STM32F4xx_HAL_Driver/Inc/Legacy -O0 -ffunction-sections -fdata-sections -Wall -fstack-usage -MMD -MP -MF"Core/USER/ADC/AdcDma.d" -MT"Core/USER/ADC/AdcDma.o" --specs=nano.specs -mfpu=fpv4-sp-d16 -mfloat-abi=hard -mthumb -o "Core/USER/ADC/AdcDma.o"
arm-none-eabi-gcc "../Core/Src/adc.c" -mcpu=cortex-m4 -std=gnu11 -g3 -DUSE_HAL_DRIVER -DDEBUG -DSTM32F407xx -c -I../Drivers/CMSIS/Include -I../Drivers/STM32F4xx_HAL_Driver/Inc -I../Core/Inc -I"D:/work/study/stm32/cubeIDEworkspace/F4_Motor_Control/Core/USER/INC" -I../Drivers/CMSIS/Device/ST/STM32F4xx/Include -I../Drivers/STM32F4xx_HAL_Driver/Inc/Legacy -O0 -ffunction-sections -fdata-sections -Wall -fstack-usage -MMD -MP -MF"Core/Src/adc.d" -MT"Core/Src/adc.o" --specs=nano.specs -mfpu=fpv4-sp-d16 -mfloat-abi=hard -mthumb -o "Core/Src/adc.o"
arm-none-eabi-gcc "../Core/Src/dma.c" -mcpu=cortex-m4 -std=gnu11 -g3 -DUSE_HAL_DRIVER -DDEBUG -DSTM32F407xx -c -I../Drivers/CMSIS/Include -I../Drivers/STM32F4xx_HAL_Driver/Inc -I../Core/Inc -I"D:/work/study/stm32/cubeIDEworkspace/F4_Motor_Control/Core/USER/INC" -I../Drivers/CMSIS/Device/ST/STM32F4xx/Include -I../Drivers/STM32F4xx_HAL_Driver/Inc/Legacy -O0 -ffunction-sections -fdata-sections -Wall -fstack-usage -MMD -MP -MF"Core/Src/dma.d" -MT"Core/Src/dma.o" --specs=nano.specs -mfpu=fpv4-sp-d16 -mfloat-abi=hard -mthumb -o "Core/Src/dma.o"
../Core/USER/WIFI/wifi.c: In function 'Tcp_DataAccept':
../Core/USER/WIFI/wifi.c:102:40: warning: pointer targets in passing argument 2 of 'Strcmp' differ in signedness [-Wpointer-sign]
         if(Strcmp(Wifi_Command_Buffer, "+IPD") == 1) {
                                        ^~~~~~
../Core/USER/WIFI/wifi.c:48:9: note: expected 'uint8_t * {aka unsigned char *}' but argument is of type 'char *'
 uint8_t Strcmp(uint8_t *s1, uint8_t *s2) {
         ^~~~~~
arm-none-eabi-gcc "../Core/Src/gpio.c" -mcpu=cortex-m4 -std=gnu11 -g3 -DUSE_HAL_DRIVER -DDEBUG -DSTM32F407xx -c -I../Drivers/CMSIS/Include -I../Drivers/STM32F4xx_HAL_Driver/Inc -I../Core/Inc -I"D:/work/study/stm32/cubeIDEworkspace/F4_Motor_Control/Core/USER/INC" -I../Drivers/CMSIS/Device/ST/STM32F4xx/Include -I../Drivers/STM32F4xx_HAL_Driver/Inc/Legacy -O0 -ffunction-sections -fdata-sections -Wall -fstack-usage -MMD -MP -MF"Core/Src/gpio.d" -MT"Core/Src/gpio.o" --specs=nano.specs -mfpu=fpv4-sp-d16 -mfloat-abi=hard -mthumb -o "Core/Src/gpio.o"
arm-none-eabi-gcc "../Core/Src/main.c" -mcpu=cortex-m4 -std=gnu11 -g3 -DUSE_HAL_DRIVER -DDEBUG -DSTM32F407xx -c -I../Drivers/CMSIS/Include -I../Drivers/STM32F4xx_HAL_Driver/Inc -I../Core/Inc -I"D:/work/study/stm32/cubeIDEworkspace/F4_Motor_Control/Core/USER/INC" -I../Drivers/CMSIS/Device/ST/STM32F4xx/Include -I../Drivers/STM32F4xx_HAL_Driver/Inc/Legacy -O0 -ffunction-sections -fdata-sections -Wall -fstack-usage -MMD -MP -MF"Core/Src/main.d" -MT"Core/Src/main.o" --specs=nano.specs -mfpu=fpv4-sp-d16 -mfloat-abi=hard -mthumb -o "Core/Src/main.o"
arm-none-eabi-gcc "../Core/Src/stm32f4xx_hal_msp.c" -mcpu=cortex-m4 -std=gnu11 -g3 -DUSE_HAL_DRIVER -DDEBUG -DSTM32F407xx -c -I../Drivers/CMSIS/Include -I../Drivers/STM32F4xx_HAL_Driver/Inc -I../Core/Inc -I"D:/work/study/stm32/cubeIDEworkspace/F4_Motor_Control/Core/USER/INC" -I../Drivers/CMSIS/Device/ST/STM32F4xx/Include -I../Drivers/STM32F4xx_HAL_Driver/Inc/Legacy -O0 -ffunction-sections -fdata-sections -Wall -fstack-usage -MMD -MP -MF"Core/Src/stm32f4xx_hal_msp.d" -MT"Core/Src/stm32f4xx_hal_msp.o" --specs=nano.specs -mfpu=fpv4-sp-d16 -mfloat-abi=hard -mthumb -o "Core/Src/stm32f4xx_hal_msp.o"
arm-none-eabi-gcc "../Core/Src/stm32f4xx_it.c" -mcpu=cortex-m4 -std=gnu11 -g3 -DUSE_HAL_DRIVER -DDEBUG -DSTM32F407xx -c -I../Drivers/CMSIS/Include -I../Drivers/STM32F4xx_HAL_Driver/Inc -I../Core/Inc -I"D:/work/study/stm32/cubeIDEworkspace/F4_Motor_Control/Core/USER/INC" -I../Drivers/CMSIS/Device/ST/STM32F4xx/Include -I../Drivers/STM32F4xx_HAL_Driver/Inc/Legacy -O0 -ffunction-sections -fdata-sections -Wall -fstack-usage -MMD -MP -MF"Core/Src/stm32f4xx_it.d" -MT"Core/Src/stm32f4xx_it.o" --specs=nano.specs -mfpu=fpv4-sp-d16 -mfloat-abi=hard -mthumb -o "Core/Src/stm32f4xx_it.o"
arm-none-eabi-gcc "../Core/Src/system_stm32f4xx.c" -mcpu=cortex-m4 -std=gnu11 -g3 -DUSE_HAL_DRIVER -DDEBUG -DSTM32F407xx -c -I../Drivers/CMSIS/Include -I../Drivers/STM32F4xx_HAL_Driver/Inc -I../Core/Inc -I"D:/work/study/stm32/cubeIDEworkspace/F4_Motor_Control/Core/USER/INC" -I../Drivers/CMSIS/Device/ST/STM32F4xx/Include -I../Drivers/STM32F4xx_HAL_Driver/Inc/Legacy -O0 -ffunction-sections -fdata-sections -Wall -fstack-usage -MMD -MP -MF"Core/Src/system_stm32f4xx.d" -MT"Core/Src/system_stm32f4xx.o" --specs=nano.specs -mfpu=fpv4-sp-d16 -mfloat-abi=hard -mthumb -o "Core/Src/system_stm32f4xx.o"
arm-none-eabi-gcc "../Core/Src/tim.c" -mcpu=cortex-m4 -std=gnu11 -g3 -DUSE_HAL_DRIVER -DDEBUG -DSTM32F407xx -c -I../Drivers/CMSIS/Include -I../Drivers/STM32F4xx_HAL_Driver/Inc -I../Core/Inc -I"D:/work/study/stm32/cubeIDEworkspace/F4_Motor_Control/Core/USER/INC" -I../Drivers/CMSIS/Device/ST/STM32F4xx/Include -I../Drivers/STM32F4xx_HAL_Driver/Inc/Legacy -O0 -ffunction-sections -fdata-sections -Wall -fstack-usage -MMD -MP -MF"Core/Src/tim.d" -MT"Core/Src/tim.o" --specs=nano.specs -mfpu=fpv4-sp-d16 -mfloat-abi=hard -mthumb -o "Core/Src/tim.o"
arm-none-eabi-gcc "../Core/Src/usart.c" -mcpu=cortex-m4 -std=gnu11 -g3 -DUSE_HAL_DRIVER -DDEBUG -DSTM32F407xx -c -I../Drivers/CMSIS/Include -I../Drivers/STM32F4xx_HAL_Driver/Inc -I../Core/Inc -I"D:/work/study/stm32/cubeIDEworkspace/F4_Motor_Control/Core/USER/INC" -I../Drivers/CMSIS/Device/ST/STM32F4xx/Include -I../Drivers/STM32F4xx_HAL_Driver/Inc/Legacy -O0 -ffunction-sections -fdata-sections -Wall -fstack-usage -MMD -MP -MF"Core/Src/usart.d" -MT"Core/Src/usart.o" --specs=nano.specs -mfpu=fpv4-sp-d16 -mfloat-abi=hard -mthumb -o "Core/Src/usart.o"
arm-none-eabi-gcc -o "F4_Motor_Control.elf" @"objects.list"   -mcpu=cortex-m4 -T"D:\work\study\stm32\cubeIDEworkspace\F4_Motor_Control\STM32F407ZGTX_FLASH.ld" --specs=nosys.specs -Wl,-Map="F4_Motor_Control.map" -Wl,--gc-sections -static --specs=nano.specs -mfpu=fpv4-sp-d16 -mfloat-abi=hard -mthumb -u _printf_float -Wl,--start-group -lc -lm -Wl,--end-group
Finished building target: F4_Motor_Control.elf
 
arm-none-eabi-objdump -h -S  F4_Motor_Control.elf  > "F4_Motor_Control.list"
arm-none-eabi-objcopy  -O binary  F4_Motor_Control.elf  "F4_Motor_Control.bin"
arm-none-eabi-size   F4_Motor_Control.elf 
   text	   data	    bss	    dec	    hex	filename
  39768	    504	   4120	  44392	   ad68	F4_Motor_Control.elf
Finished building: default.size.stdout
 
Finished building: F4_Motor_Control.bin
 
Finished building: F4_Motor_Control.list
 
17:59:58 **** Incremental Build of configuration Debug for project F4_Motor_Control ****
make -j8 all 
arm-none-eabi-size   F4_Motor_Control.elf 
   text	   data	    bss	    dec	    hex	filename
  39768	    504	   4120	  44392	   ad68	F4_Motor_Control.elf
Finished building: default.size.stdout
 
18:03:01 **** Incremental Build of configuration Debug for project F4_Motor_Control ****
make -j8 all 
arm-none-eabi-size   F4_Motor_Control.elf 
   text	   data	    bss	    dec	    hex	filename
  39768	    504	   4120	  44392	   ad68	F4_Motor_Control.elf
Finished building: default.size.stdout
 
18:03:18 **** Incremental Build of configuration Debug for project F4_Motor_Control ****
make -j8 all 
arm-none-eabi-size   F4_Motor_Control.elf 
   text	   data	    bss	    dec	    hex	filename
  39768	    504	   4120	  44392	   ad68	F4_Motor_Control.elf
Finished building: default.size.stdout
 
18:12:19 **** Incremental Build of configuration Debug for project F4_Motor_Control ****
make -j8 all 
arm-none-eabi-gcc "../Core/USER/KalmanFilter/KalmanFilter.c" -mcpu=cortex-m4 -std=gnu11 -g3 -DUSE_HAL_DRIVER -DDEBUG -DSTM32F407xx -c -I../Drivers/CMSIS/Include -I../Drivers/STM32F4xx_HAL_Driver/Inc -I../Core/Inc -I"D:/work/study/stm32/cubeIDEworkspace/F4_Motor_Control/Core/USER/INC" -I../Drivers/CMSIS/Device/ST/STM32F4xx/Include -I../Drivers/STM32F4xx_HAL_Driver/Inc/Legacy -O0 -ffunction-sections -fdata-sections -Wall -fstack-usage -MMD -MP -MF"Core/USER/KalmanFilter/KalmanFilter.d" -MT"Core/USER/KalmanFilter/KalmanFilter.o" --specs=nano.specs -mfpu=fpv4-sp-d16 -mfloat-abi=hard -mthumb -o "Core/USER/KalmanFilter/KalmanFilter.o"
arm-none-eabi-gcc -o "F4_Motor_Control.elf" @"objects.list"   -mcpu=cortex-m4 -T"D:\work\study\stm32\cubeIDEworkspace\F4_Motor_Control\STM32F407ZGTX_FLASH.ld" --specs=nosys.specs -Wl,-Map="F4_Motor_Control.map" -Wl,--gc-sections -static --specs=nano.specs -mfpu=fpv4-sp-d16 -mfloat-abi=hard -mthumb -u _printf_float -Wl,--start-group -lc -lm -Wl,--end-group
Finished building target: F4_Motor_Control.elf
 
arm-none-eabi-objdump -h -S  F4_Motor_Control.elf  > "F4_Motor_Control.list"
arm-none-eabi-objcopy  -O binary  F4_Motor_Control.elf  "F4_Motor_Control.bin"
arm-none-eabi-size   F4_Motor_Control.elf 
   text	   data	    bss	    dec	    hex	filename
  39768	    504	   4120	  44392	   ad68	F4_Motor_Control.elf
Finished building: default.size.stdout
 
Finished building: F4_Motor_Control.bin
 
Finished building: F4_Motor_Control.list
 
18:14:20 **** Incremental Build of configuration Debug for project F4_Motor_Control ****
make -j8 all 
arm-none-eabi-size   F4_Motor_Control.elf 
   text	   data	    bss	    dec	    hex	filename
  39768	    504	   4120	  44392	   ad68	F4_Motor_Control.elf
Finished building: default.size.stdout
 
18:34:53 **** Incremental Build of configuration Debug for project F4_Motor_Control ****
make -j8 all 
arm-none-eabi-gcc "../Core/USER/ADC/AdcDma.c" -mcpu=cortex-m4 -std=gnu11 -g3 -DUSE_HAL_DRIVER -DDEBUG -DSTM32F407xx -c -I../Drivers/CMSIS/Include -I../Drivers/STM32F4xx_HAL_Driver/Inc -I../Core/Inc -I"D:/work/study/stm32/cubeIDEworkspace/F4_Motor_Control/Core/USER/INC" -I../Drivers/CMSIS/Device/ST/STM32F4xx/Include -I../Drivers/STM32F4xx_HAL_Driver/Inc/Legacy -O0 -ffunction-sections -fdata-sections -Wall -fstack-usage -MMD -MP -MF"Core/USER/ADC/AdcDma.d" -MT"Core/USER/ADC/AdcDma.o" --specs=nano.specs -mfpu=fpv4-sp-d16 -mfloat-abi=hard -mthumb -o "Core/USER/ADC/AdcDma.o"
arm-none-eabi-gcc "../Core/Src/main.c" -mcpu=cortex-m4 -std=gnu11 -g3 -DUSE_HAL_DRIVER -DDEBUG -DSTM32F407xx -c -I../Drivers/CMSIS/Include -I../Drivers/STM32F4xx_HAL_Driver/Inc -I../Core/Inc -I"D:/work/study/stm32/cubeIDEworkspace/F4_Motor_Control/Core/USER/INC" -I../Drivers/CMSIS/Device/ST/STM32F4xx/Include -I../Drivers/STM32F4xx_HAL_Driver/Inc/Legacy -O0 -ffunction-sections -fdata-sections -Wall -fstack-usage -MMD -MP -MF"Core/Src/main.d" -MT"Core/Src/main.o" --specs=nano.specs -mfpu=fpv4-sp-d16 -mfloat-abi=hard -mthumb -o "Core/Src/main.o"
arm-none-eabi-gcc -o "F4_Motor_Control.elf" @"objects.list"   -mcpu=cortex-m4 -T"D:\work\study\stm32\cubeIDEworkspace\F4_Motor_Control\STM32F407ZGTX_FLASH.ld" --specs=nosys.specs -Wl,-Map="F4_Motor_Control.map" -Wl,--gc-sections -static --specs=nano.specs -mfpu=fpv4-sp-d16 -mfloat-abi=hard -mthumb -u _printf_float -Wl,--start-group -lc -lm -Wl,--end-group
Finished building target: F4_Motor_Control.elf
 
arm-none-eabi-objdump -h -S  F4_Motor_Control.elf  > "F4_Motor_Control.list"
arm-none-eabi-objcopy  -O binary  F4_Motor_Control.elf  "F4_Motor_Control.bin"
arm-none-eabi-size   F4_Motor_Control.elf 
   text	   data	    bss	    dec	    hex	filename
  45188	    512	   4528	  50228	   c434	F4_Motor_Control.elf
Finished building: default.size.stdout
 
Finished building: F4_Motor_Control.bin
 
Finished building: F4_Motor_Control.list
 
18:37:42 **** Incremental Build of configuration Debug for project F4_Motor_Control ****
make -j8 all 
arm-none-eabi-size   F4_Motor_Control.elf 
   text	   data	    bss	    dec	    hex	filename
  45188	    512	   4528	  50228	   c434	F4_Motor_Control.elf
Finished building: default.size.stdout
 
18:39:14 **** Incremental Build of configuration Debug for project F4_Motor_Control ****
make -j8 all 
arm-none-eabi-size   F4_Motor_Control.elf 
   text	   data	    bss	    dec	    hex	filename
  45188	    512	   4528	  50228	   c434	F4_Motor_Control.elf
Finished building: default.size.stdout
 
18:42:07 **** Incremental Build of configuration Debug for project F4_Motor_Control ****
make -j8 all 
arm-none-eabi-gcc "../Core/USER/ADC/AdcDma.c" -mcpu=cortex-m4 -std=gnu11 -g3 -DUSE_HAL_DRIVER -DDEBUG -DSTM32F407xx -c -I../Drivers/CMSIS/Include -I../Drivers/STM32F4xx_HAL_Driver/Inc -I../Core/Inc -I"D:/work/study/stm32/cubeIDEworkspace/F4_Motor_Control/Core/USER/INC" -I../Drivers/CMSIS/Device/ST/STM32F4xx/Include -I../Drivers/STM32F4xx_HAL_Driver/Inc/Legacy -O0 -ffunction-sections -fdata-sections -Wall -fstack-usage -MMD -MP -MF"Core/USER/ADC/AdcDma.d" -MT"Core/USER/ADC/AdcDma.o" --specs=nano.specs -mfpu=fpv4-sp-d16 -mfloat-abi=hard -mthumb -o "Core/USER/ADC/AdcDma.o"
[...]
arm-none-eabi-gcc "../Core/Src/dma.c" -mcpu=cortex-m4 -std=gnu11 -g3 -DUSE_HAL_DRIVER -DDEBUG -DSTM32F407xx -c -I../Drivers/CMSIS/Include -I../Drivers/STM32F4xx_HAL_Driver/Inc -I../Core/Inc -I"D:/work/study/stm32/cubeIDEworkspace/F4_Motor_Control/Core/USER/INC" -I../Drivers/CMSIS/Device/ST/STM32F4xx/Include -I../Drivers/STM32F4xx_HAL_Driver/Inc/Legacy -O0 -ffunction-sections -fdata-sections -Wall -fstack-usage -MMD -MP -MF"Core/Src/dma.d" -MT"Core/Src/dma.o" --specs=nano.specs -mfpu=fpv4-sp-d16 -mfloat-abi=hard -mthumb -o "Core/Src/dma.o"
../Core/USER/WIFI/wifi.c: In function 'Tcp_DataAccept':
../Core/USER/WIFI/wifi.c:102:40: warning: pointer targets in passing argument 2 of 'Strcmp' differ in signedness [-Wpointer-sign]
         if(Strcmp(Wifi_Command_Buffer, "+IPD") == 1) {
                                        ^~~~~~
../Core/USER/WIFI/wifi.c:48:9: note: expected 'uint8_t * {aka unsigned char *}' but argument is of type 'char *'
 uint8_t Strcmp(uint8_t *s1, uint8_t *s2) {
         ^~~~~~
arm-none-eabi-gcc "../Core/Src/gpio.c" -mcpu=cortex-m4 -std=gnu11 -g3 -DUSE_HAL_DRIVER -DDEBUG -DSTM32F407xx -c -I../Drivers/CMSIS/Include -I../Drivers/STM32F4xx_HAL_Driver/Inc -I../Core/Inc -I"D:/work/study/stm32/cubeIDEworkspace/F4_Motor_Control/Core/USER/INC" -I../Drivers/CMSIS/Device/ST/STM32F4xx/Include -I../Drivers/STM32F4xx_HAL_Driver/Inc/Legacy -O0 -ffunction-sections -fdata-sections -Wall -fstack-usage -MMD -MP -MF"Core/Src/gpio.d" -MT"Core/Src/gpio.o" --specs=nano.specs -mfpu=fpv4-sp-d16 -mfloat-abi=hard -mthumb -o "Core/Src/gpio.o"
arm-none-eabi-gcc "../Core/Src/main.c" -mcpu=cortex-m4 -std=gnu11 -g3 -DUSE_HAL_DRIVER -DDEBUG -DSTM32F407xx -c -I../Drivers/CMSIS/Include -I../Drivers/STM32F4xx_HAL_Driver/Inc -I../Core/Inc -I"D:/work/study/stm32/cubeIDEworkspace/F4_Motor_Control/Core/USER/INC" -I../Drivers/CMSIS/Device/ST/STM32F4xx/Include -I../Drivers/STM32F4xx_HAL_Driver/Inc/Legacy -O0 -ffunction-sections -fdata-sections -Wall -fstack-usage -MMD -MP -MF"Core/Src/main.d" -MT"Core/Src/main.o" --specs=nano.specs -mfpu=fpv4-sp-d16 -mfloat-abi=hard -mthumb -o "Core/Src/main.o"
arm-none-eabi-gcc "../Core/Src/stm32f4xx_hal_msp.c" -mcpu=cortex-m4 -std=gnu11 -g3 -DUSE_HAL_DRIVER -DDEBUG -DSTM32F407xx -c -I../Drivers/CMSIS/Include -I../Drivers/STM32F4xx_HAL_Driver/Inc -I../Core/Inc -I"D:/work/study/stm32/cubeIDEworkspace/F4_Motor_Control/Core/USER/INC" -I../Drivers/CMSIS/Device/ST/STM32F4xx/Include -I../Drivers/STM32F4xx_HAL_Driver/Inc/Legacy -O0 -ffunction-sections -fdata-sections -Wall -fstack-usage -MMD -MP -MF"Core/Src/stm32f4xx_hal_msp.d" -MT"Core/Src/stm32f4xx_hal_msp.o" --specs=nano.specs -mfpu=fpv4-sp-d16 -mfloat-abi=hard -mthumb -o "Core/Src/stm32f4xx_hal_msp.o"
arm-none-eabi-gcc "../Core/Src/stm32f4xx_it.c" -mcpu=cortex-m4 -std=gnu11 -g3 -DUSE_HAL_DRIVER -DDEBUG -DSTM32F407xx -c -I../Drivers/CMSIS/Include -I../Drivers/STM32F4xx_HAL_Driver/Inc -I../Core/Inc -I"D:/work/study/stm32/cubeIDEworkspace/F4_Motor_Control/Core/USER/INC" -I../Drivers/CMSIS/Device/ST/STM32F4xx/Include -I../Drivers/STM32F4xx_HAL_Driver/Inc/Legacy -O0 -ffunction-sections -fdata-sections -Wall -fstack-usage -MMD -MP -MF"Core/Src/stm32f4xx_it.d" -MT"Core/Src/stm32f4xx_it.o" --specs=nano.specs -mfpu=fpv4-sp-d16 -mfloat-abi=hard -mthumb -o "Core/Src/stm32f4xx_it.o"
arm-none-eabi-gcc "../Core/Src/system_stm32f4xx.c" -mcpu=cortex-m4 -std=gnu11 -g3 -DUSE_HAL_DRIVER -DDEBUG -DSTM32F407xx -c -I../Drivers/CMSIS/Include -I../Drivers/STM32F4xx_HAL_Driver/Inc -I../Core/Inc -I"D:/work/study/stm32/cubeIDEworkspace/F4_Motor_Control/Core/USER/INC" -I../Drivers/CMSIS/Device/ST/STM32F4xx/Include -I../Drivers/STM32F4xx_HAL_Driver/Inc/Legacy -O0 -ffunction-sections -fdata-sections -Wall -fstack-usage -MMD -MP -MF"Core/Src/system_stm32f4xx.d" -MT"Core/Src/system_stm32f4xx.o" --specs=nano.specs -mfpu=fpv4-sp-d16 -mfloat-abi=hard -mthumb -o "Core/Src/system_stm32f4xx.o"
arm-none-eabi-gcc "../Core/Src/tim.c" -mcpu=cortex-m4 -std=gnu11 -g3 -DUSE_HAL_DRIVER -DDEBUG -DSTM32F407xx -c -I../Drivers/CMSIS/Include -I../Drivers/STM32F4xx_HAL_Driver/Inc -I../Core/Inc -I"D:/work/study/stm32/cubeIDEworkspace/F4_Motor_Control/Core/USER/INC" -I../Drivers/CMSIS/Device/ST/STM32F4xx/Include -I../Drivers/STM32F4xx_HAL_Driver/Inc/Legacy -O0 -ffunction-sections -fdata-sections -Wall -fstack-usage -MMD -MP -MF"Core/Src/tim.d" -MT"Core/Src/tim.o" --specs=nano.specs -mfpu=fpv4-sp-d16 -mfloat-abi=hard -mthumb -o "Core/Src/tim.o"
arm-none-eabi-gcc "../Core/Src/usart.c" -mcpu=cortex-m4 -std=gnu11 -g3 -DUSE_HAL_DRIVER -DDEBUG -DSTM32F407xx -c -I../Drivers/CMSIS/Include -I../Drivers/STM32F4xx_HAL_Driver/Inc -I../Core/Inc -I"D:/work/study/stm32/cubeIDEworkspace/F4_Motor_Control/Core/USER/INC" -I../Drivers/CMSIS/Device/ST/STM32F4xx/Include -I../Drivers/STM32F4xx_HAL_Driver/Inc/Legacy -O0 -ffunction-sections -fdata-sections -Wall -fstack-usage -MMD -MP -MF"Core/Src/usart.d" -MT"Core/Src/usart.o" --specs=nano.specs -mfpu=fpv4-sp-d16 -mfloat-abi=hard -mthumb -o "Core/Src/usart.o"
arm-none-eabi-gcc -o "F4_Motor_Control.elf" @"objects.list"   -mcpu=cortex-m4 -T"D:\work\study\stm32\cubeIDEworkspace\F4_Motor_Control\STM32F407ZGTX_FLASH.ld" --specs=nosys.specs -Wl,-Map="F4_Motor_Control.map" -Wl,--gc-sections -static --specs=nano.specs -mfpu=fpv4-sp-d16 -mfloat-abi=hard -mthumb -u _printf_float -Wl,--start-group -lc -lm -Wl,--end-group
Finished building target: F4_Motor_Control.elf
 
arm-none-eabi-objdump -h -S  F4_Motor_Control.elf  > "F4_Motor_Control.list"
arm-none-eabi-objcopy  -O binary  F4_Motor_Control.elf  "F4_Motor_Control.bin"
arm-none-eabi-size   F4_Motor_Control.elf 
   text	   data	    bss	    dec	    hex	filename
  39808	    512	   6240	  46560	   b5e0	F4_Motor_Control.elf
Finished building: default.size.stdout
 
Finished building: F4_Motor_Control.bin
 
Finished building: F4_Motor_Control.list
 
11:33:08 **** Incremental Build of configuration Debug for project F4_Motor_Control ****
make -j8 all 
arm-none-eabi-size   F4_Motor_Control.elf 
   text	   data	    bss	    dec	    hex	filename
  39808	    512	   6240	  46560	   b5e0	F4_Motor_Control.elf
Finished building: default.size.stdout
 
11:33:52 **** Incremental Build of configuration Debug for project F4_Motor_Control ****
make -j8 all 
arm-none-eabi-gcc "../Core/Src/main.c" -mcpu=cortex-m4 -std=gnu11 -g3 -DUSE_HAL_DRIVER -DDEBUG -DSTM32F407xx -c -I../Drivers/CMSIS/Include -I../Drivers/STM32F4xx_HAL_Driver/Inc -I../Core/Inc -I"D:/work/study/stm32/cubeIDEworkspace/F4_Motor_Control/Core/USER/INC" -I../Drivers/CMSIS/Device/ST/STM32F4xx/Include -I../Drivers/STM32F4xx_HAL_Driver/Inc/Legacy -O0 -ffunction-sections -fdata-sections -Wall -fstack-usage -MMD -MP -MF"Core/Src/main.d" -MT"Core/Src/main.o" --specs=nano.specs -mfpu=fpv4-sp-d16 -mfloat-abi=hard -mthumb -o "Core/Src/main.o"
arm-none-eabi-gcc -o "F4_Motor_Control.elf" @"objects.list"   -mcpu=cortex-m4 -T"D:\work\study\stm32\cubeIDEworkspace\F4_Motor_Control\STM32F407ZGTX_FLASH.ld" --specs=nosys.specs -Wl,-Map="F4_Motor_Control.map" -Wl,--gc-sections -static --specs=nano.specs -mfpu=fpv4-sp-d16 -mfloat-abi=hard -mthumb -u _printf_float -Wl,--start-group -lc -lm -Wl,--end-group
Finished building target: F4_Motor_Control.elf
 
arm-none-eabi-objdump -h -S  F4_Motor_Control.elf  > "F4_Motor_Control.list"
arm-none-eabi-objcopy  -O binary  F4_Motor_Control.elf  "F4_Motor_Control.bin"
arm-none-eabi-size   F4_Motor_Control.elf 
   text	   data	    bss	    dec	    hex	filename
  39144	    504	   6232	  45880	   b338	F4_Motor_Control.elf
Finished building: default.size.stdout
 
Finished building: F4_Motor_Control.bin
 
Finished building: F4_Motor_Control.list
 
11:34:05 **** Incremental Build of configuration Debug for project F4_Motor_Control ****
make -j8 all 
arm-none-eabi-size   F4_Motor_Control.elf 
   text	   data	    bss	    dec	    hex	filename
  39144	    504	   6232	  45880	   b338	F4_Motor_Control.elf
Finished building: default.size.stdout
 
11:35:45 **** Incremental Build of configuration Debug for project F4_Motor_Control ****
make -j8 all 
arm-none-eabi-size   F4_Motor_Control.elf 
   text	   data	    bss	    dec	    hex	filename
  39144	    504	   6232	  45880	   b338	F4_Motor_Control.elf
Finished building: default.size.stdout
 
11:38:06 **** Incremental Build of configuration Debug for project F4_Motor_Control ****
make -j8 all 
arm-none-eabi-gcc "../Core/Src/main.c" -mcpu=cortex-m4 -std=gnu11 -g3 -DUSE_HAL_DRIVER -DDEBUG -DSTM32F407xx -c -I../Drivers/CMSIS/Include -I../Drivers/STM32F4xx_HAL_Driver/Inc -I../Core/Inc -I"D:/work/study/stm32/cubeIDEworkspace/F4_Motor_Control/Core/USER/INC" -I../Drivers/CMSIS/Device/ST/STM32F4xx/Include -I../Drivers/STM32F4xx_HAL_Driver/Inc/Legacy -O0 -ffunction-sections -fdata-sections -Wall -fstack-usage -MMD -MP -MF"Core/Src/main.d" -MT"Core/Src/main.o" --specs=nano.specs -mfpu=fpv4-sp-d16 -mfloat-abi=hard -mthumb -o "Core/Src/main.o"
arm-none-eabi-gcc -o "F4_Motor_Control.elf" @"objects.list"   -mcpu=cortex-m4 -T"D:\work\study\stm32\cubeIDEworkspace\F4_Motor_Control\STM32F407ZGTX_FLASH.ld" --specs=nosys.specs -Wl,-Map="F4_Motor_Control.map" -Wl,--gc-sections -static --specs=nano.specs -mfpu=fpv4-sp-d16 -mfloat-abi=hard -mthumb -u _printf_float -Wl,--start-group -lc -lm -Wl,--end-group
Finished building target: F4_Motor_Control.elf
 
arm-none-eabi-objdump -h -S  F4_Motor_Control.elf  > "F4_Motor_Control.list"
arm-none-eabi-objcopy  -O binary  F4_Motor_Control.elf  "F4_Motor_Control.bin"
arm-none-eabi-size   F4_Motor_Control.elf 
   text	   data	    bss	    dec	    hex	filename
  39768	    504	   6248	  46520	   b5b8	F4_Motor_Control.elf
Finished building: default.size.stdout
 
Finished building: F4_Motor_Control.bin
 
Finished building: F4_Motor_Control.list
 
12:07:29 **** Incremental Build of configuration Debug for project F4_Motor_Control ****
make -j8 all 
arm-none-eabi-gcc "../Core/Src/main.c" -mcpu=cortex-m4 -std=gnu11 -g3 -DUSE_HAL_DRIVER -DDEBUG -DSTM32F407xx -c -I../Drivers/CMSIS/Include -I../Drivers/STM32F4xx_HAL_Driver/Inc -I../Core/Inc -I"D:/work/study/stm32/cubeIDEworkspace/F4_Motor_Control/Core/USER/INC" -I../Drivers/CMSIS/Device/ST/STM32F4xx/Include -I../Drivers/STM32F4xx_HAL_Driver/Inc/Legacy -O0 -ffunction-sections -fdata-sections -Wall -fstack-usage -MMD -MP -MF"Core/Src/main.d" -MT"Core/Src/main.o" --specs=nano.specs -mfpu=fpv4-sp-d16 -mfloat-abi=hard -mthumb -o "Core/Src/main.o"
arm-none-eabi-gcc -o "F4_Motor_Control.elf" @"objects.list"   -mcpu=cortex-m4 -T"D:\work\study\stm32\cubeIDEworkspace\F4_Motor_Control\STM32F407ZGTX_FLASH.ld" --specs=nosys.specs -Wl,-Map="F4_Motor_Control.map" -Wl,--gc-sections -static --specs=nano.specs -mfpu=fpv4-sp-d16 -mfloat-abi=hard -mthumb -u _printf_float -Wl,--start-group -lc -lm -Wl,--end-group
Finished building target: F4_Motor_Control.elf
 
arm-none-eabi-objdump -h -S  F4_Motor_Control.elf  > "F4_Motor_Control.list"
arm-none-eabi-objcopy  -O binary  F4_Motor_Control.elf  "F4_Motor_Control.bin"
arm-none-eabi-size   F4_Motor_Control.elf 
   text	   data	    bss	    dec	    hex	filename
  40432	    512	   6256	  47200	   b860	F4_Motor_Control.elf
Finished building: default.size.stdout
 
Finished building: F4_Motor_Control.bin
 
Finished building: F4_Motor_Control.list
 
12:07:39 **** Incremental Build of configuration Debug for project F4_Motor_Control ****
make -j8 all 
arm-none-eabi-size   F4_Motor_Control.elf 
   text	   data	    bss	    dec	    hex	filename
  40432	    512	   6256	  47200	   b860	F4_Motor_Control.elf
Finished building: default.size.stdout
 
12:08:22 **** Incremental Build of configuration Debug for project F4_Motor_Control ****
make -j8 all 
arm-none-eabi-size   F4_Motor_Control.elf 
   text	   data	    bss	    dec	    hex	filename
  40432	    512	   6256	  47200	   b860	F4_Motor_Control.elf
Finished building: default.size.stdout
 
12:08:54 **** Incremental Build of configuration Debug for project F4_Motor_Control ****
make -j8 all 
arm-none-eabi-gcc "../Core/Src/main.c" -mcpu=cortex-m4 -std=gnu11 -g3 -DUSE_HAL_DRIVER -DDEBUG -DSTM32F407xx -c -I../Drivers/CMSIS/Include -I../Drivers/STM32F4xx_HAL_Driver/Inc -I../Core/Inc -I"D:/work/study/stm32/cubeIDEworkspace/F4_Motor_Control/Core/USER/INC" -I../Drivers/CMSIS/Device/ST/STM32F4xx/Include -I../Drivers/STM32F4xx_HAL_Driver/Inc/Legacy -O0 -ffunction-sections -fdata-sections -Wall -fstack-usage -MMD -MP -MF"Core/Src/main.d" -MT"Core/Src/main.o" --specs=nano.specs -mfpu=fpv4-sp-d16 -mfloat-abi=hard -mthumb -o "Core/Src/main.o"
arm-none-eabi-gcc -o "F4_Motor_Control.elf" @"objects.list"   -mcpu=cortex-m4 -T"D:\work\study\stm32\cubeIDEworkspace\F4_Motor_Control\STM32F407ZGTX_FLASH.ld" --specs=nosys.specs -Wl,-Map="F4_Motor_Control.map" -Wl,--gc-sections -static --specs=nano.specs -mfpu=fpv4-sp-d16 -mfloat-abi=hard -mthumb -u _printf_float -Wl,--start-group -lc -lm -Wl,--end-group
Finished building target: F4_Motor_Control.elf
 
arm-none-eabi-objdump -h -S  F4_Motor_Control.elf  > "F4_Motor_Control.list"
arm-none-eabi-objcopy  -O binary  F4_Motor_Control.elf  "F4_Motor_Control.bin"
arm-none-eabi-size   F4_Motor_Control.elf 
   text	   data	    bss	    dec	    hex	filename
  39768	    504	   6248	  46520	   b5b8	F4_Motor_Control.elf
Finished building: default.size.stdout
 
Finished building: F4_Motor_Control.bin
 
Finished building: F4_Motor_Control.list
 
12:09:47 **** Incremental Build of configuration Debug for project F4_Motor_Control ****
make -j8 all 
arm-none-eabi-gcc "../Core/Src/main.c" -mcpu=cortex-m4 -std=gnu11 -g3 -DUSE_HAL_DRIVER -DDEBUG -DSTM32F407xx -c -I../Drivers/CMSIS/Include -I../Drivers/STM32F4xx_HAL_Driver/Inc -I../Core/Inc -I"D:/work/study/stm32/cubeIDEworkspace/F4_Motor_Control/Core/USER/INC" -I../Drivers/CMSIS/Device/ST/STM32F4xx/Include -I../Drivers/STM32F4xx_HAL_Driver/Inc/Legacy -O0 -ffunction-sections -fdata-sections -Wall -fstack-usage -MMD -MP -MF"Core/Src/main.d" -MT"Core/Src/main.o" --specs=nano.specs -mfpu=fpv4-sp-d16 -mfloat-abi=hard -mthumb -o "Core/Src/main.o"
arm-none-eabi-gcc -o "F4_Motor_Control.elf" @"objects.list"   -mcpu=cortex-m4 -T"D:\work\study\stm32\cubeIDEworkspace\F4_Motor_Control\STM32F407ZGTX_FLASH.ld" --specs=nosys.specs -Wl,-Map="F4_Motor_Control.map" -Wl,--gc-sections -static --specs=nano.specs -mfpu=fpv4-sp-d16 -mfloat-abi=hard -mthumb -u _printf_float -Wl,--start-group -lc -lm -Wl,--end-group
Finished building target: F4_Motor_Control.elf
 
arm-none-eabi-objdump -h -S  F4_Motor_Control.elf  > "F4_Motor_Control.list"
arm-none-eabi-objcopy  -O binary  F4_Motor_Control.elf  "F4_Motor_Control.bin"
arm-none-eabi-size   F4_Motor_Control.elf 
   text	   data	    bss	    dec	    hex	filename
  40432	    512	   6256	  47200	   b860	F4_Motor_Control.elf
Finished building: default.size.stdout
 
Finished building: F4_Motor_Control.bin
 
Finished building: F4_Motor_Control.list
 
12:09:55 **** Incremental Build of configuration Debug for project F4_Motor_Control ****
make -j8 all 
arm-none-eabi-size   F4_Motor_Control.elf 
   text	   data	    bss	    dec	    hex	filename
  40432	    512	   6256	  47200	   b860	F4_Motor_Control.elf
Finished building: default.size.stdout
 
12:14:03 **** Incremental Build of configuration Debug for project F4_Motor_Control ****
make -j8 all 
arm-none-eabi-gcc "../Core/Src/main.c" -mcpu=cortex-m4 -std=gnu11 -g3 -DUSE_HAL_DRIVER -DDEBUG -DSTM32F407xx -c -I../Drivers/CMSIS/Include -I../Drivers/STM32F4xx_HAL_Driver/Inc -I../Core/Inc -I"D:/work/study/stm32/cubeIDEworkspace/F4_Motor_Control/Core/USER/INC" -I../Drivers/CMSIS/Device/ST/STM32F4xx/Include -I../Drivers/STM32F4xx_HAL_Driver/Inc/Legacy -O0 -ffunction-sections -fdata-sections -Wall -fstack-usage -MMD -MP -MF"Core/Src/main.d" -MT"Core/Src/main.o" --specs=nano.specs -mfpu=fpv4-sp-d16 -mfloat-abi=hard -mthumb -o "Core/Src/main.o"
arm-none-eabi-gcc -o "F4_Motor_Control.elf" @"objects.list"   -mcpu=cortex-m4 -T"D:\work\study\stm32\cubeIDEworkspace\F4_Motor_Control\STM32F407ZGTX_FLASH.ld" --specs=nosys.specs -Wl,-Map="F4_Motor_Control.map" -Wl,--gc-sections -static --specs=nano.specs -mfpu=fpv4-sp-d16 -mfloat-abi=hard -mthumb -u _printf_float -Wl,--start-group -lc -lm -Wl,--end-group
Finished building target: F4_Motor_Control.elf
 
arm-none-eabi-objdump -h -S  F4_Motor_Control.elf  > "F4_Motor_Control.list"
arm-none-eabi-objcopy  -O binary  F4_Motor_Control.elf  "F4_Motor_Control.bin"
arm-none-eabi-size   F4_Motor_Control.elf 
   text	   data	    bss	    dec	    hex	filename
  39768	    504	   6248	  46520	   b5b8	F4_Motor_Control.elf
Finished building: default.size.stdout
 
Finished building: F4_Motor_Control.bin
 
Finished building: F4_Motor_Control.list
 
12:14:53 **** Incremental Build of configuration Debug for project F4_Motor_Control ****
make -j8 all 
arm-none-eabi-gcc "../Core/Src/main.c" -mcpu=cortex-m4 -std=gnu11 -g3 -DUSE_HAL_DRIVER -DDEBUG -DSTM32F407xx -c -I../Drivers/CMSIS/Include -I../Drivers/STM32F4xx_HAL_Driver/Inc -I../Core/Inc -I"D:/work/study/stm32/cubeIDEworkspace/F4_Motor_Control/Core/USER/INC" -I../Drivers/CMSIS/Device/ST/STM32F4xx/Include -I../Drivers/STM32F4xx_HAL_Driver/Inc/Legacy -O0 -ffunction-sections -fdata-sections -Wall -fstack-usage -MMD -MP -MF"Core/Src/main.d" -MT"Core/Src/main.o" --specs=nano.specs -mfpu=fpv4-sp-d16 -mfloat-abi=hard -mthumb -o "Core/Src/main.o"
arm-none-eabi-gcc -o "F4_Motor_Control.elf" @"objects.list"   -mcpu=cortex-m4 -T"D:\work\study\stm32\cubeIDEworkspace\F4_Motor_Control\STM32F407ZGTX_FLASH.ld" --specs=nosys.specs -Wl,-Map="F4_Motor_Control.map" -Wl,--gc-sections -static --specs=nano.specs -mfpu=fpv4-sp-d16 -mfloat-abi=hard -mthumb -u _printf_float -Wl,--start-group -lc -lm -Wl,--end-group
Finished building target: F4_Motor_Control.elf
 
arm-none-eabi-objdump -h -S  F4_Motor_Control.elf  > "F4_Motor_Control.list"
arm-none-eabi-objcopy  -O binary  F4_Motor_Control.elf  "F4_Motor_Control.bin"
arm-none-eabi-size   F4_Motor_Control.elf 
   text	   data	    bss	    dec	    hex	filename
  40432	    512	   6256	  47200	   b860	F4_Motor_Control.elf
Finished building: default.size.stdout
 
Finished building: F4_Motor_Control.bin
 
Finished building: F4_Motor_Control.list
 
12:35:21 **** Incremental Build of configuration Debug for project F4_Motor_Control ****
make -j8 all 
arm-none-eabi-gcc "../Core/Src/main.c" -mcpu=cortex-m4 -std=gnu11 -g3 -DUSE_HAL_DRIVER -DDEBUG -DSTM32F407xx -c -I../Drivers/CMSIS/Include -I../Drivers/STM32F4xx_HAL_Driver/Inc -I../Core/Inc -I"D:/work/study/stm32/cubeIDEworkspace/F4_Motor_Control/Core/USER/INC" -I../Drivers/CMSIS/Device/ST/STM32F4xx/Include -I../Drivers/STM32F4xx_HAL_Driver/Inc/Legacy -O0 -ffunction-sections -fdata-sections -Wall -fstack-usage -MMD -MP -MF"Core/Src/main.d" -MT"Core/Src/main.o" --specs=nano.specs -mfpu=fpv4-sp-d16 -mfloat-abi=hard -mthumb -o "Core/Src/main.o"
arm-none-eabi-gcc -o "F4_Motor_Control.elf" @"objects.list"   -mcpu=cortex-m4 -T"D:\work\study\stm32\cubeIDEworkspace\F4_Motor_Control\STM32F407ZGTX_FLASH.ld" --specs=nosys.specs -Wl,-Map="F4_Motor_Control.map" -Wl,--gc-sections -static --specs=nano.specs -mfpu=fpv4-sp-d16 -mfloat-abi=hard -mthumb -u _printf_float -Wl,--start-group -lc -lm -Wl,--end-group
Finished building target: F4_Motor_Control.elf
 
arm-none-eabi-objdump -h -S  F4_Motor_Control.elf  > "F4_Motor_Control.list"
arm-none-eabi-objcopy  -O binary  F4_Motor_Control.elf  "F4_Motor_Control.bin"
arm-none-eabi-size   F4_Motor_Control.elf 
   text	   data	    bss	    dec	    hex	filename
  40528	    512	   6256	  47296	   b8c0	F4_Motor_Control.elf
Finished building: default.size.stdout
 
Finished building: F4_Motor_Control.bin
 
Finished building: F4_Motor_Control.list
 
