07:58:38 **** Incremental Build of configuration Debug for project NUClEO_Motor_Observ ****
make -j8 all 
arm-none-eabi-gcc "../Core/USER/WIFI/wifi.c" -mcpu=cortex-m3 -std=gnu11 -g3 -DUSE_HAL_DRIVER -DSTM32F103xB -DDEBUG -c -I../Drivers/CMSIS/Device/ST/STM32F1xx/Include -I../Drivers/CMSIS/Include -I../Core/Inc -I../Drivers/STM32F1xx_HAL_Driver/Inc/Legacy -I../Drivers/STM32F1xx_HAL_Driver/Inc -I"C:/work/study/stm32/cubeIDEworkspace/NUClEO_Motor_Observ/Core/USER/INC" -O0 -ffunction-sections -fdata-sections -Wall -fstack-usage -MMD -MP -MF"Core/USER/WIFI/wifi.d" -MT"Core/USER/WIFI/wifi.o" --specs=nano.specs -mfloat-abi=soft -mthumb -o "Core/USER/WIFI/wifi.o"
../Core/USER/WIFI/wifi.c: In function 'Tcp_DataAccept':
../Core/USER/WIFI/wifi.c:131:40: warning: pointer targets in passing argument 2 of 'Strcmp' differ in signedness [-Wpointer-sign]
         if(Strcmp(Wifi_Command_Buffer, "+IPD") == 1) {
                                        ^~~~~~
../Core/USER/WIFI/wifi.c:59:9: note: expected 'uint8_t * {aka unsigned char *}' but argument is of type 'char *'
 uint8_t Strcmp(uint8_t *s1, uint8_t *s2) {
         ^~~~~~
arm-none-eabi-gcc -o "NUClEO_Motor_Observ.elf" @"objects.list"   -mcpu=cortex-m3 -T"C:\work\study\stm32\cubeIDEworkspace\NUClEO_Motor_Observ\STM32F103RBTX_FLASH.ld" --specs=nosys.specs -Wl,-Map="NUClEO_Motor_Observ.map" -Wl,--gc-sections -static --specs=nano.specs -mfloat-abi=soft -mthumb -u _printf_float -Wl,--start-group -lc -lm -Wl,--end-group
Finished building target: NUClEO_Motor_Observ.elf
 
arm-none-eabi-objdump -h -S  NUClEO_Motor_Observ.elf  > "NUClEO_Motor_Observ.list"
arm-none-eabi-objcopy  -O binary  NUClEO_Motor_Observ.elf  "NUClEO_Motor_Observ.bin"
arm-none-eabi-size   NUClEO_Motor_Observ.elf 
   text	   data	    bss	    dec	    hex	filename
  35812	   3108	   2156	  41076	   a074	NUClEO_Motor_Observ.elf
Finished building: default.size.stdout
 
Finished building: NUClEO_Motor_Observ.bin
 
Finished building: NUClEO_Motor_Observ.list
 

07:58:40 Build Finished. 0 errors, 1 warnings. (took 1s.854ms)

