23:25:07 **** Incremental Build of configuration Debug for project NUClEO_Motor_Observ ****
make -j8 all 
arm-none-eabi-gcc "../Core/Src/main.c" -mcpu=cortex-m3 -std=gnu11 -g3 -DUSE_HAL_DRIVER -DSTM32F103xB -DDEBUG -c -I../Drivers/CMSIS/Device/ST/STM32F1xx/Include -I../Drivers/CMSIS/Include -I../Core/Inc -I../Drivers/STM32F1xx_HAL_Driver/Inc/Legacy -I../Drivers/STM32F1xx_HAL_Driver/Inc -I"D:/work/study/stm32/cubeIDEworkspace/NUClEO_Motor_Observ/Core/USER/INC" -O0 -ffunction-sections -fdata-sections -Wall -fstack-usage -MMD -MP -MF"Core/Src/main.d" -MT"Core/Src/main.o" --specs=nano.specs -mfloat-abi=soft -mthumb -o "Core/Src/main.o"
In file included from ../Core/Src/main.c:31:0:
D:/work/study/stm32/cubeIDEworkspace/NUClEO_Motor_Observ/Core/USER/INC/bmp.h:213:3: warning: "/*" within comment [-Wcomment]
   /* (128 X 64 )*/
    
../Core/Src/main.c: In function 'Tcp_DataDeal':
../Core/Src/main.c:201:47: warning: ' cm' directive writing 3 bytes into a region of size between 0 and 1 [-Wformat-overflow=]
   sprintf(Str, "Speed: %f r/s\r\nDistance: %f cm", (float)2000 / Cycle, (float)(Distance - 40) / 10);
                                              ~^~
../Core/Src/main.c:201:3: note: 'sprintf' output between 43 and 661 bytes into a destination of size 40
   sprintf(Str, "Speed: %f r/s\r\nDistance: %f cm", (float)2000 / Cycle, (float)(Distance - 40) / 10);
   ^~~~~~~~~~~~~~~~~~~~~~~~~~~~~~~~~~~~~~~~~~~~~~~~~~~~~~~~~~~~~~~~~~~~~~~~~~~~~~~~~~~~~~~~~~~~~~~~~~
arm-none-eabi-gcc -o "NUClEO_Motor_Observ.elf" @"objects.list"   -mcpu=cortex-m3 -T"D:\work\study\stm32\cubeIDEworkspace\NUClEO_Motor_Observ\STM32F103RBTX_FLASH.ld" --specs=nosys.specs -Wl,-Map="NUClEO_Motor_Observ.map" -Wl,--gc-sections -static --specs=nano.specs -mfloat-abi=soft -mthumb -u _printf_float -Wl,--start-group -lc -lm -Wl,--end-group
Finished building target: NUClEO_Motor_Observ.elf
 
arm-none-eabi-objdump -h -S  NUClEO_Motor_Observ.elf  > "NUClEO_Motor_Observ.list"
arm-none-eabi-objcopy  -O binary  NUClEO_Motor_Observ.elf  "NUClEO_Motor_Observ.bin"
arm-none-eabi-size   NUClEO_Motor_Observ.elf 
   text	   data	    bss	    dec	    hex	filename
  35716	   3108	   2156	  40980	   a014	NUClEO_Motor_Observ.elf
Finished building: default.size.stdout
 
Finished building: NUClEO_Motor_Observ.bin
 
Finished building: NUClEO_Motor_Observ.list
 

23:25:09 Build Finished. 0 errors, 2 warnings. (took 1s.273ms)

