15:16:00 **** Incremental Build of configuration Debug for project NUCLEO_SPI_master ****
make -j8 all 
arm-none-eabi-gcc "../Core/Src/main.c" -mcpu=cortex-m3 -std=gnu11 -g3 -DUSE_HAL_DRIVER -DSTM32F103xB -DDEBUG -c -I../Drivers/CMSIS/Device/ST/STM32F1xx/Include -I../Drivers/CMSIS/Include -I../Core/Inc -I../Drivers/STM32F1xx_HAL_Driver/Inc/Legacy -I../Drivers/STM32F1xx_HAL_Driver/Inc -O0 -ffunction-sections -fdata-sections -Wall -fstack-usage -MMD -MP -MF"Core/Src/main.d" -MT"Core/Src/main.o" --specs=nano.specs -mfloat-abi=soft -mthumb -o "Core/Src/main.o"
arm-none-eabi-gcc -o "NUCLEO_SPI_master.elf" @"objects.list"   -mcpu=cortex-m3 -T"D:\work\study\stm32\cubeIDEworkspace\NUCLEO_SPI_master\STM32F103RBTX_FLASH.ld" --specs=nosys.specs -Wl,-Map="NUCLEO_SPI_master.map" -Wl,--gc-sections -static --specs=nano.specs -mfloat-abi=soft -mthumb -Wl,--start-group -lc -lm -Wl,--end-group
Finished building target: NUCLEO_SPI_master.elf
 
arm-none-eabi-objdump -h -S  NUCLEO_SPI_master.elf  > "NUCLEO_SPI_master.list"
arm-none-eabi-objcopy  -O binary  NUCLEO_SPI_master.elf  "NUCLEO_SPI_master.bin"
arm-none-eabi-size   NUCLEO_SPI_master.elf 
   text	   data	    bss	    dec	    hex	filename
  10612	    120	   1800	  12532	   30f4	NUCLEO_SPI_master.elf
Finished building: default.size.stdout
 
Finished building: NUCLEO_SPI_master.bin
 
Finished building: NUCLEO_SPI_master.list
 

15:16:02 Build Finished. 0 errors, 0 warnings. (took 1s.353ms)

