01:55:15 **** Incremental Build of configuration Debug for project NUCLEO_IAP_BootLoader ****
make -j8 all 
arm-none-eabi-gcc "../Core/Src/main.c" -mcpu=cortex-m3 -std=gnu11 -g3 -DUSE_HAL_DRIVER -DSTM32F103xB -DDEBUG -c -I../Drivers/CMSIS/Device/ST/STM32F1xx/Include -I../Drivers/CMSIS/Include -I../Core/Inc -I../Drivers/STM32F1xx_HAL_Driver/Inc/Legacy -I../Drivers/STM32F1xx_HAL_Driver/Inc -I"D:/work/study/stm32/cubeIDEworkspace/NUCLEO_IAP_BootLoader/Core/USER/INC" -O0 -ffunction-sections -fdata-sections -Wall -fstack-usage -MMD -MP -MF"Core/Src/main.d" -MT"Core/Src/main.o" --specs=nano.specs -mfloat-abi=soft -mthumb -o "Core/Src/main.o"
../Core/Src/main.c: In function 'main':
../Core/Src/main.c:153:5: warning: "/*" within comment [-Wcomment]
     /*
      
../Core/Src/main.c: In function 'Data_Manage':
../Core/Src/main.c:303:58: warning: passing argument 2 of 'Flash_Write_Page' from incompatible pointer type [-Wincompatible-pointer-types]
    Flash_Write_Page(0x08008000 + Flash_Page_Num * 0x400, Flash_Data_Buffer);
                                                          ^~~~~~~~~~~~~~~~~
In file included from ../Core/Src/main.c:29:0:
D:/work/study/stm32/cubeIDEworkspace/NUCLEO_IAP_BootLoader/Core/USER/INC/flash.h:6:9: note: expected 'uint32_t * {aka long unsigned int *}' but argument is of type 'uint8_t * {aka unsigned char *}'
 uint8_t Flash_Write_Page(uint32_t Flash_Address, uint32_t *Data_Address);
         ^~~~~~~~~~~~~~~~
../Core/Src/main.c:305:12: warning: unused variable 't' [-Wunused-variable]
    uint8_t t =  *(uint8_t *)0x080083ff;
            ^
../Core/Src/main.c:313:58: warning: passing argument 2 of 'Flash_Write_Page' from incompatible pointer type [-Wincompatible-pointer-types]
    Flash_Write_Page(0x08008000 + Flash_Page_Num * 0x400, Flash_Data_Buffer);
                                                          ^~~~~~~~~~~~~~~~~
In file included from ../Core/Src/main.c:29:0:
D:/work/study/stm32/cubeIDEworkspace/NUCLEO_IAP_BootLoader/Core/USER/INC/flash.h:6:9: note: expected 'uint32_t * {aka long unsigned int *}' but argument is of type 'uint8_t * {aka unsigned char *}'
 uint8_t Flash_Write_Page(uint32_t Flash_Address, uint32_t *Data_Address);
         ^~~~~~~~~~~~~~~~
../Core/Src/main.c:315:12: warning: unused variable 't' [-Wunused-variable]
    uint8_t t =  *(uint8_t *)0x08008131;
            ^
../Core/Src/main.c: In function 'Download_App':
../Core/Src/main.c:330:28: warning: unused variable 'i' [-Wunused-variable]
    uint8_t temp[10] = {0}, i = 0;
                            ^
../Core/Src/main.c:330:12: warning: unused variable 'temp' [-Wunused-variable]
    uint8_t temp[10] = {0}, i = 0;
            ^~~~
arm-none-eabi-gcc -o "NUCLEO_IAP_BootLoader.elf" @"objects.list"   -mcpu=cortex-m3 -T"D:\work\study\stm32\cubeIDEworkspace\NUCLEO_IAP_BootLoader\STM32F103RBTX_FLASH.ld" --specs=nosys.specs -Wl,-Map="NUCLEO_IAP_BootLoader.map" -Wl,--gc-sections -static --specs=nano.specs -mfloat-abi=soft -mthumb -Wl,--start-group -lc -lm -Wl,--end-group
Finished building target: NUCLEO_IAP_BootLoader.elf
 
arm-none-eabi-objdump -h -S  NUCLEO_IAP_BootLoader.elf  > "NUCLEO_IAP_BootLoader.list"
arm-none-eabi-objcopy  -O binary  NUCLEO_IAP_BootLoader.elf  "NUCLEO_IAP_BootLoader.bin"
arm-none-eabi-size   NUCLEO_IAP_BootLoader.elf 
   text	   data	    bss	    dec	    hex	filename
  14104	    120	   2936	  17160	   4308	NUCLEO_IAP_BootLoader.elf
Finished building: default.size.stdout
 
Finished building: NUCLEO_IAP_BootLoader.bin
 
Finished building: NUCLEO_IAP_BootLoader.list
 

01:55:16 Build Finished. 0 errors, 7 warnings. (took 1s.119ms)

