21:36:11 **** Build of configuration Debug for project OLED_I2C ****
make -j8 all 
arm-none-eabi-gcc "../Drivers/STM32F1xx_HAL_Driver/Src/stm32f1xx_hal.c" -mcpu=cortex-m3 -std=gnu11 -g3 -DUSE_HAL_DRIVER -DSTM32F103xB -DDEBUG -c -I../Drivers/CMSIS/Device/ST/STM32F1xx/Include -I../Drivers/CMSIS/Include -I../Core/Inc -I../Drivers/STM32F1xx_HAL_Driver/Inc/Legacy -I../Drivers/STM32F1xx_HAL_Driver/Inc -O0 -ffunction-sections -fdata-sections -Wall -fstack-usage -MMD -MP -MF"Drivers/STM32F1xx_HAL_Driver/Src/stm32f1xx_hal.d" -MT"Drivers/STM32F1xx_HAL_Driver/Src/stm32f1xx_hal.o" --specs=nano.specs -mfloat-abi=soft -mthumb -o "Drivers/STM32F1xx_HAL_Driver/Src/stm32f1xx_hal.o"
arm-none-eabi-gcc "../Drivers/STM32F1xx_HAL_Driver/Src/stm32f1xx_hal_cortex.c" -mcpu=cortex-m3 -std=gnu11 -g3 -DUSE_HAL_DRIVER -DSTM32F103xB -DDEBUG -c -I../Drivers/CMSIS/Device/ST/STM32F1xx/Include -I../Drivers/CMSIS/Include -I../Core/Inc -I../Drivers/STM32F1xx_HAL_Driver/Inc/Legacy -I../Drivers/STM32F1xx_HAL_Driver/Inc -O0 -ffunction-sections -fdata-sections -Wall -fstack-usage -MMD -MP -MF"Drivers/STM32F1xx_HAL_Driver/Src/stm32f1xx_hal_cortex.d" -MT"Drivers/STM32F1xx_HAL_Driver/Src/stm32f1xx_hal_cortex.o" --specs=nano.specs -mfloat-abi=soft -mthumb -o "Drivers/STM32F1xx_HAL_Driver/Src/stm32f1xx_hal_cortex.o"
arm-none-eabi-gcc "../Drivers/STM32F1xx_HAL_Driver/Src/stm32f1xx_hal_dma.c" -mcpu=cortex-m3 -std=gnu11 -g3 -DUSE_HAL_DRIVER -DSTM32F103xB -DDEBUG -c -I../Drivers/CMSIS/Device/ST/STM32F1xx/Include -I../Drivers/CMSIS/Include -I../Core/Inc -I../Drivers/STM32F1xx_HAL_Driver/Inc/Legacy -I../Drivers/STM32F1xx_HAL_Driver/Inc -O0 -ffunction-sections -fdata-sections -Wall -fstack-usage -MMD -MP -MF"Drivers/STM32F1xx_HAL_Driver/Src/stm32f1xx_hal_dma.d" -MT"Drivers/STM32F1xx_HAL_Driver/Src/stm32f1xx_hal_dma.o" --specs=nano.specs -mfloat-abi=soft -mthumb -o "Drivers/STM32F1xx_HAL_Driver/Src/stm32f1xx_hal_dma.o"
arm-none-eabi-gcc "../Drivers/STM32F1xx_HAL_Driver/Src/stm32f1xx_hal_exti.c" -mcpu=cortex-m3 -std=gnu11 -g3 -DUSE_HAL_DRIVER -DSTM32F103xB -DDEBUG -c -I../Drivers/CMSIS/Device/ST/STM32F1xx/Include -I../Drivers/CMSIS/Include -I../Core/Inc -I../Drivers/STM32F1xx_HAL_Driver/Inc/Legacy -I../Drivers/STM32F1xx_HAL_Driver/Inc -O0 -ffunction-sections -fdata-sections -Wall -fstack-usage -MMD -MP -MF"Drivers/STM32F1xx_HAL_Driver/Src/stm32f1xx_hal_exti.d" -MT"Drivers/STM32F1xx_HAL_Driver/Src/stm32f1xx_hal_exti.o" --specs=nano.specs -mfloat-abi=soft -mthumb -o "Drivers/STM32F1xx_HAL_Driver/Src/stm32f1xx_hal_exti.o"
arm-none-eabi-gcc "../Drivers/STM32F1xx_HAL_Driver/Src/stm32f1xx_hal_flash.c" -mcpu=cortex-m3 -std=gnu11 -g3 -DUSE_HAL_DRIVER -DSTM32F103xB -DDEBUG -c -I../Drivers/CMSIS/Device/ST/STM32F1xx/Include -I../Drivers/CMSIS/Include -I../Core/Inc -I../Drivers/STM32F1xx_HAL_Driver/Inc/Legacy -I../Drivers/STM32F1xx_HAL_Driver/Inc -O0 -ffunction-sections -fdata-sections -Wall -fstack-usage -MMD -MP -MF"Drivers/STM32F1xx_HAL_Driver/Src/stm32f1xx_hal_flash.d" -MT"Drivers/STM32F1xx_HAL_Driver/Src/stm32f1xx_hal_flash.o" --specs=nano.specs -mfloat-abi=soft -mthumb -o "Drivers/STM32F1xx_HAL_Driver/Src/stm32f1xx_hal_flash.o"
arm-none-eabi-gcc "../Drivers/STM32F1xx_HAL_Driver/Src/stm32f1xx_hal_flash_ex.c" -mcpu=cortex-m3 -std=gnu11 -g3 -DUSE_HAL_DRIVER -DSTM32F103xB -DDEBUG -c -I../Drivers/CMSIS/Device/ST/STM32F1xx/Include -I../Drivers/CMSIS/Include -I../Core/Inc -I../Drivers/STM32F1xx_HAL_Driver/Inc/Legacy -I../Drivers/STM32F1xx_HAL_Driver/Inc -O0 -ffunction-sections -fdata-sections -Wall -fstack-usage -MMD -MP -MF"Drivers/STM32F1xx_HAL_Driver/Src/stm32f1xx_hal_flash_ex.d" -MT"Drivers/STM32F1xx_HAL_Driver/Src/stm32f1xx_hal_flash_ex.o" --specs=nano.specs -mfloat-abi=soft -mthumb -o "Drivers/STM32F1xx_HAL_Driver/Src/stm32f1xx_hal_flash_ex.o"
arm-none-eabi-gcc "../Drivers/STM32F1xx_HAL_Driver/Src/stm32f1xx_hal_gpio.c" -mcpu=cortex-m3 -std=gnu11 -g3 -DUSE_HAL_DRIVER -DSTM32F103xB -DDEBUG -c -I../Drivers/CMSIS/Device/ST/STM32F1xx/Include -I../Drivers/CMSIS/Include -I../Core/Inc -I../Drivers/STM32F1xx_HAL_Driver/Inc/Legacy -I../Drivers/STM32F1xx_HAL_Driver/Inc -O0 -ffunction-sections -fdata-sections -Wall -fstack-usage -MMD -MP -MF"Drivers/STM32F1xx_HAL_Driver/Src/stm32f1xx_hal_gpio.d" -MT"Drivers/STM32F1xx_HAL_Driver/Src/stm32f1xx_hal_gpio.o" --specs=nano.specs -mfloat-abi=soft -mthumb -o "Drivers/STM32F1xx_HAL_Driver/Src/stm32f1xx_hal_gpio.o"
arm-none-eabi-gcc "../Drivers/STM32F1xx_HAL_Driver/Src/stm32f1xx_hal_gpio_ex.c" -mcpu=cortex-m3 -std=gnu11 -g3 -DUSE_HAL_DRIVER -DSTM32F103xB -DDEBUG -c -I../Drivers/CMSIS/Device/ST/STM32F1xx/Include -I../Drivers/CMSIS/Include -I../Core/Inc -I../Drivers/STM32F1xx_HAL_Driver/Inc/Legacy -I../Drivers/STM32F1xx_HAL_Driver/Inc -O0 -ffunction-sections -fdata-sections -Wall -fstack-usage -MMD -MP -MF"Drivers/STM32F1xx_HAL_Driver/Src/stm32f1xx_hal_gpio_ex.d" -MT"Drivers/STM32F1xx_HAL_Driver/Src/stm32f1xx_hal_gpio_ex.o" --specs=nano.specs -mfloat-abi=soft -mthumb -o "Drivers/STM32F1xx_HAL_Driver/Src/stm32f1xx_hal_gpio_ex.o"
arm-none-eabi-gcc "../Drivers/STM32F1xx_HAL_Driver/Src/stm32f1xx_hal_i2c.c" -mcpu=cortex-m3 -std=gnu11 -g3 -DUSE_HAL_DRIVER -DSTM32F103xB -DDEBUG -c -I../Drivers/CMSIS/Device/ST/STM32F1xx/Include -I../Drivers/CMSIS/Include -I../Core/Inc -I../Drivers/STM32F1xx_HAL_Driver/Inc/Legacy -I../Drivers/STM32F1xx_HAL_Driver/Inc -O0 -ffunction-sections -fdata-sections -Wall -fstack-usage -MMD -MP -MF"Drivers/STM32F1xx_HAL_Driver/Src/stm32f1xx_hal_i2c.d" -MT"Drivers/STM32F1xx_HAL_Driver/Src/stm32f1xx_hal_i2c.o" --specs=nano.specs -mfloat-abi=soft -mthumb -o "Drivers/STM32F1xx_HAL_Driver/Src/stm32f1xx_hal_i2c.o"
arm-none-eabi-gcc "../Drivers/STM32F1xx_HAL_Driver/Src/stm32f1xx_hal_pwr.c" -mcpu=cortex-m3 -std=gnu11 -g3 -DUSE_HAL_DRIVER -DSTM32F103xB -DDEBUG -c -I../Drivers/CMSIS/Device/ST/STM32F1xx/Include -I../Drivers/CMSIS/Include -I../Core/Inc -I../Drivers/STM32F1xx_HAL_Driver/Inc/Legacy -I../Drivers/STM32F1xx_HAL_Driver/Inc -O0 -ffunction-sections -fdata-sections -Wall -fstack-usage -MMD -MP -MF"Drivers/STM32F1xx_HAL_Driver/Src/stm32f1xx_hal_pwr.d" -MT"Drivers/STM32F1xx_HAL_Driver/Src/stm32f1xx_hal_pwr.o" --specs=nano.specs -mfloat-abi=soft -mthumb -o "Drivers/STM32F1xx_HAL_Driver/Src/stm32f1xx_hal_pwr.o"
arm-none-eabi-gcc "../Drivers/STM32F1xx_HAL_Driver/Src/stm32f1xx_hal_rcc.c" -mcpu=cortex-m3 -std=gnu11 -g3 -DUSE_HAL_DRIVER -DSTM32F103xB -DDEBUG -c -I../Drivers/CMSIS/Device/ST/STM32F1xx/Include -I../Drivers/CMSIS/Include -I../Core/Inc -I../Drivers/STM32F1xx_HAL_Driver/Inc/Legacy -I../Drivers/STM32F1xx_HAL_Driver/Inc -O0 -ffunction-sections -fdata-sections -Wall -fstack-usage -MMD -MP -MF"Drivers/STM32F1xx_HAL_Driver/Src/stm32f1xx_hal_rcc.d" -MT"Drivers/STM32F1xx_HAL_Driver/Src/stm32f1xx_hal_rcc.o" --specs=nano.specs -mfloat-abi=soft -mthumb -o "Drivers/STM32F1xx_HAL_Driver/Src/stm32f1xx_hal_rcc.o"
arm-none-eabi-gcc "../Drivers/STM32F1xx_HAL_Driver/Src/stm32f1xx_hal_rcc_ex.c" -mcpu=cortex-m3 -std=gnu11 -g3 -DUSE_HAL_DRIVER -DSTM32F103xB -DDEBUG -c -I../Drivers/CMSIS/Device/ST/STM32F1xx/Include -I../Drivers/CMSIS/Include -I../Core/Inc -I../Drivers/STM32F1xx_HAL_Driver/Inc/Legacy -I../Drivers/STM32F1xx_HAL_Driver/Inc -O0 -ffunction-sections -fdata-sections -Wall -fstack-usage -MMD -MP -MF"Drivers/STM32F1xx_HAL_Driver/Src/stm32f1xx_hal_rcc_ex.d" -MT"Drivers/STM32F1xx_HAL_Driver/Src/stm32f1xx_hal_rcc_ex.o" --specs=nano.specs -mfloat-abi=soft -mthumb -o "Drivers/STM32F1xx_HAL_Driver/Src/stm32f1xx_hal_rcc_ex.o"
arm-none-eabi-gcc "../Drivers/STM32F1xx_HAL_Driver/Src/stm32f1xx_hal_tim.c" -mcpu=cortex-m3 -std=gnu11 -g3 -DUSE_HAL_DRIVER -DSTM32F103xB -DDEBUG -c -I../Drivers/CMSIS/Device/ST/STM32F1xx/Include -I../Drivers/CMSIS/Include -I../Core/Inc -I../Drivers/STM32F1xx_HAL_Driver/Inc/Legacy -I../Drivers/STM32F1xx_HAL_Driver/Inc -O0 -ffunction-sections -fdata-sections -Wall -fstack-usage -MMD -MP -MF"Drivers/STM32F1xx_HAL_Driver/Src/stm32f1xx_hal_tim.d" -MT"Drivers/STM32F1xx_HAL_Driver/Src/stm32f1xx_hal_tim.o" --specs=nano.specs -mfloat-abi=soft -mthumb -o "Drivers/STM32F1xx_HAL_Driver/Src/stm32f1xx_hal_tim.o"
arm-none-eabi-gcc "../Drivers/STM32F1xx_HAL_Driver/Src/stm32f1xx_hal_tim_ex.c" -mcpu=cortex-m3 -std=gnu11 -g3 -DUSE_HAL_DRIVER -DSTM32F103xB -DDEBUG -c -I../Drivers/CMSIS/Device/ST/STM32F1xx/Include -I../Drivers/CMSIS/Include -I../Core/Inc -I../Drivers/STM32F1xx_HAL_Driver/Inc/Legacy -I../Drivers/STM32F1xx_HAL_Driver/Inc -O0 -ffunction-sections -fdata-sections -Wall -fstack-usage -MMD -MP -MF"Drivers/STM32F1xx_HAL_Driver/Src/stm32f1xx_hal_tim_ex.d" -MT"Drivers/STM32F1xx_HAL_Driver/Src/stm32f1xx_hal_tim_ex.o" --specs=nano.specs -mfloat-abi=soft -mthumb -o "Drivers/STM32F1xx_HAL_Driver/Src/stm32f1xx_hal_tim_ex.o"
arm-none-eabi-gcc -mcpu=cortex-m3 -g3 -c -x assembler-with-cpp --specs=nano.specs -mfloat-abi=soft -mthumb -o "Core/Startup/startup_stm32f103c8tx.o" "../Core/Startup/startup_stm32f103c8tx.s"
arm-none-eabi-gcc "../Core/Src/main.c" -mcpu=cortex-m3 -std=gnu11 -g3 -DUSE_HAL_DRIVER -DSTM32F103xB -DDEBUG -c -I../Drivers/CMSIS/Device/ST/STM32F1xx/Include -I../Drivers/CMSIS/Include -I../Core/Inc -I../Drivers/STM32F1xx_HAL_Driver/Inc/Legacy -I../Drivers/STM32F1xx_HAL_Driver/Inc -O0 -ffunction-sections -fdata-sections -Wall -fstack-usage -MMD -MP -MF"Core/Src/main.d" -MT"Core/Src/main.o" --specs=nano.specs -mfloat-abi=soft -mthumb -o "Core/Src/main.o"
arm-none-eabi-gcc "../Core/Src/oled.c" -mcpu=cortex-m3 -std=gnu11 -g3 -DUSE_HAL_DRIVER -DSTM32F103xB -DDEBUG -c -I../Drivers/CMSIS/Device/ST/STM32F1xx/Include -I../Drivers/CMSIS/Include -I../Core/Inc -I../Drivers/STM32F1xx_HAL_Driver/Inc/Legacy -I../Drivers/STM32F1xx_HAL_Driver/Inc -O0 -ffunction-sections -fdata-sections -Wall -fstack-usage -MMD -MP -MF"Core/Src/oled.d" -MT"Core/Src/oled.o" --specs=nano.specs -mfloat-abi=soft -mthumb -o "Core/Src/oled.o"
In file included from ../Core/Src/oled.c:4:0:
../Core/Inc/oledfont.h:10:1: warning: missing braces around initializer [-Wmissing-braces]
 {
 ^
 0x00, 0x00, 0x00, 0x00, 0x00, 0x00,// sp
 {                                 }
 0x00, 0x00, 0x00, 0x2f, 0x00, 0x00,// !
 {                                 }
 0x00, 0x00, 0x07, 0x00, 0x07, 0x00,// "
 {                                 }
 0x00, 0x14, 0x7f, 0x14, 0x7f, 0x14,// #
 {                                 }
 0x00, 0x24, 0x2a, 0x7f, 0x2a, 0x12,// $
 {                                 }
 0x00, 0x62, 0x64, 0x08, 0x13, 0x23,// %
 {                                 }
 0x00, 0x36, 0x49, 0x55, 0x22, 0x50,// &
 {                                 }
 0x00, 0x00, 0x05, 0x03, 0x00, 0x00,// '
 {                                 }
 0x00, 0x00, 0x1c, 0x22, 0x41, 0x00,// (
 {                                 }
 0x00, 0x00, 0x41, 0x22, 0x1c, 0x00,// )
 {                                 }
 0x00, 0x14, 0x08, 0x3E, 0x08, 0x14,// *
 {                                 }
 0x00, 0x08, 0x08, 0x3E, 0x08, 0x08,// +
 {                                 }
 0x00, 0x00, 0x00, 0xA0, 0x60, 0x00,// ,
 {                                 }
 0x00, 0x08, 0x08, 0x08, 0x08, 0x08,// -
 {                                 }
 0x00, 0x00, 0x60, 0x60, 0x00, 0x00,// .
 {                                 }
 0x00, 0x20, 0x10, 0x08, 0x04, 0x02,// /
 {                                 }
 0x00, 0x3E, 0x51, 0x49, 0x45, 0x3E,// 0
 {                                 }
 0x00, 0x00, 0x42, 0x7F, 0x40, 0x00,// 1
 {                                 }
 0x00, 0x42, 0x61, 0x51, 0x49, 0x46,// 2
 {                                 }
 0x00, 0x21, 0x41, 0x45, 0x4B, 0x31,// 3
 {                                 }
 0x00, 0x18, 0x14, 0x12, 0x7F, 0x10,// 4
 {                                 }
 0x00, 0x27, 0x45, 0x45, 0x45, 0x39,// 5
 {                                 }
 0x00, 0x3C, 0x4A, 0x49, 0x49, 0x30,// 6
 {                                 }
 0x00, 0x01, 0x71, 0x09, 0x05, 0x03,// 7
 {                                 }
 0x00, 0x36, 0x49, 0x49, 0x49, 0x36,// 8
 {                                 }
 0x00, 0x06, 0x49, 0x49, 0x29, 0x1E,// 9
 {                                 }
 0x00, 0x00, 0x36, 0x36, 0x00, 0x00,// :
 {                                 }
 0x00, 0x00, 0x56, 0x36, 0x00, 0x00,// ;
 {                                 }
 0x00, 0x08, 0x14, 0x22, 0x41, 0x00,// <
 {                                 }
 0x00, 0x14, 0x14, 0x14, 0x14, 0x14,// =
 {                                 }
 0x00, 0x00, 0x41, 0x22, 0x14, 0x08,// >
 {                                 }
 0x00, 0x02, 0x01, 0x51, 0x09, 0x06,// ?
 {                                 }
 0x00, 0x32, 0x49, 0x59, 0x51, 0x3E,// @
 {                                 }
 0x00, 0x7C, 0x12, 0x11, 0x12, 0x7C,// A
 {                                 }
 0x00, 0x7F, 0x49, 0x49, 0x49, 0x36,// B
 {                                 }
 0x00, 0x3E, 0x41, 0x41, 0x41, 0x22,// C
 {                                 }
 0x00, 0x7F, 0x41, 0x41, 0x22, 0x1C,// D
 {                                 }
 0x00, 0x7F, 0x49, 0x49, 0x49, 0x41,// E
 {                                 }
 0x00, 0x7F, 0x09, 0x09, 0x09, 0x01,// F
 {                                 }
 0x00, 0x3E, 0x41, 0x49, 0x49, 0x7A,// G
 {                                 }
 0x00, 0x7F, 0x08, 0x08, 0x08, 0x7F,// H
 {                                 }
 0x00, 0x00, 0x41, 0x7F, 0x41, 0x00,// I
 {                                 }
 0x00, 0x20, 0x40, 0x41, 0x3F, 0x01,// J
 {                                 }
 0x00, 0x7F, 0x08, 0x14, 0x22, 0x41,// K
 {                                 }
 0x00, 0x7F, 0x40, 0x40, 0x40, 0x40,// L
 {                                 }
 0x00, 0x7F, 0x02, 0x0C, 0x02, 0x7F,// M
 {                                 }
 0x00, 0x7F, 0x04, 0x08, 0x10, 0x7F,// N
 {                                 }
 0x00, 0x3E, 0x41, 0x41, 0x41, 0x3E,// O
 {                                 }
 0x00, 0x7F, 0x09, 0x09, 0x09, 0x06,// P
 {                                 }
 0x00, 0x3E, 0x41, 0x51, 0x21, 0x5E,// Q
 {                                 }
 0x00, 0x7F, 0x09, 0x19, 0x29, 0x46,// R
 {                                 }
 0x00, 0x46, 0x49, 0x49, 0x49, 0x31,// S
 {                                 }
 0x00, 0x01, 0x01, 0x7F, 0x01, 0x01,// T
 {                                 }
 0x00, 0x3F, 0x40, 0x40, 0x40, 0x3F,// U
 {                                 }
 0x00, 0x1F, 0x20, 0x40, 0x20, 0x1F,// V
 {                                 }
 0x00, 0x3F, 0x40, 0x38, 0x40, 0x3F,// W
 {                                 }
 0x00, 0x63, 0x14, 0x08, 0x14, 0x63,// X
 {                                 }
 0x00, 0x07, 0x08, 0x70, 0x08, 0x07,// Y
 {                                 }
 0x00, 0x61, 0x51, 0x49, 0x45, 0x43,// Z
 {                                 }
 0x00, 0x00, 0x7F, 0x41, 0x41, 0x00,// [
 {                                 }
 0x00, 0x55, 0x2A, 0x55, 0x2A, 0x55,// 55
 {                                 }
 0x00, 0x00, 0x41, 0x41, 0x7F, 0x00,// ]
 {                                 }
 0x00, 0x04, 0x02, 0x01, 0x02, 0x04,// ^
 {                                 }
 0x00, 0x40, 0x40, 0x40, 0x40, 0x40,// _
 {                                 }
 0x00, 0x00, 0x01, 0x02, 0x04, 0x00,// '
 {                                 }
 0x00, 0x20, 0x54, 0x54, 0x54, 0x78,// a
 {                                 }
 0x00, 0x7F, 0x48, 0x44, 0x44, 0x38,// b
 {                                 }
 0x00, 0x38, 0x44, 0x44, 0x44, 0x20,// c
 {                                 }
 0x00, 0x38, 0x44, 0x44, 0x48, 0x7F,// d
 {                                 }
 0x00, 0x38, 0x54, 0x54, 0x54, 0x18,// e
 {                                 }
 0x00, 0x08, 0x7E, 0x09, 0x01, 0x02,// f
 {                                 }
 0x00, 0x18, 0xA4, 0xA4, 0xA4, 0x7C,// g
 {                                 }
 0x00, 0x7F, 0x08, 0x04, 0x04, 0x78,// h
 {                                 }
 0x00, 0x00, 0x44, 0x7D, 0x40, 0x00,// i
 {                                 }
 0x00, 0x40, 0x80, 0x84, 0x7D, 0x00,// j
 {                                 }
 0x00, 0x7F, 0x10, 0x28, 0x44, 0x00,// k
 {                                 }
 0x00, 0x00, 0x41, 0x7F, 0x40, 0x00,// l
 {                                 }
 0x00, 0x7C, 0x04, 0x18, 0x04, 0x78,// m
 {                                 }
 0x00, 0x7C, 0x08, 0x04, 0x04, 0x78,// n
 {                                 }
 0x00, 0x38, 0x44, 0x44, 0x44, 0x38,// o
 {                                 }
 0x00, 0xFC, 0x24, 0x24, 0x24, 0x18,// p
 {                                 }
 0x00, 0x18, 0x24, 0x24, 0x18, 0xFC,// q
 {                                 }
 0x00, 0x7C, 0x08, 0x04, 0x04, 0x08,// r
 {                                 }
 0x00, 0x48, 0x54, 0x54, 0x54, 0x20,// s
 {                                 }
 0x00, 0x04, 0x3F, 0x44, 0x40, 0x20,// t
 {                                 }
 0x00, 0x3C, 0x40, 0x40, 0x20, 0x7C,// u
 {                                 }
 0x00, 0x1C, 0x20, 0x40, 0x20, 0x1C,// v
 {                                 }
 0x00, 0x3C, 0x40, 0x30, 0x40, 0x3C,// w
 {                                 }
 0x00, 0x44, 0x28, 0x10, 0x28, 0x44,// x
 {                                 }
 0x00, 0x1C, 0xA0, 0xA0, 0xA0, 0x7C,// y
 {                                 }
 0x00, 0x44, 0x64, 0x54, 0x4C, 0x44,// z
 {                                 }
 0x14, 0x14, 0x14, 0x14, 0x14, 0x14,// horiz lines
 {
 };
 }
arm-none-eabi-gcc "../Core/Src/stm32f1xx_hal_msp.c" -mcpu=cortex-m3 -std=gnu11 -g3 -DUSE_HAL_DRIVER -DSTM32F103xB -DDEBUG -c -I../Drivers/CMSIS/Device/ST/STM32F1xx/Include -I../Drivers/CMSIS/Include -I../Core/Inc -I../Drivers/STM32F1xx_HAL_Driver/Inc/Legacy -I../Drivers/STM32F1xx_HAL_Driver/Inc -O0 -ffunction-sections -fdata-sections -Wall -fstack-usage -MMD -MP -MF"Core/Src/stm32f1xx_hal_msp.d" -MT"Core/Src/stm32f1xx_hal_msp.o" --specs=nano.specs -mfloat-abi=soft -mthumb -o "Core/Src/stm32f1xx_hal_msp.o"
arm-none-eabi-gcc "../Core/Src/stm32f1xx_it.c" -mcpu=cortex-m3 -std=gnu11 -g3 -DUSE_HAL_DRIVER -DSTM32F103xB -DDEBUG -c -I../Drivers/CMSIS/Device/ST/STM32F1xx/Include -I../Drivers/CMSIS/Include -I../Core/Inc -I../Drivers/STM32F1xx_HAL_Driver/Inc/Legacy -I../Drivers/STM32F1xx_HAL_Driver/Inc -O0 -ffunction-sections -fdata-sections -Wall -fstack-usage -MMD -MP -MF"Core/Src/stm32f1xx_it.d" -MT"Core/Src/stm32f1xx_it.o" --specs=nano.specs -mfloat-abi=soft -mthumb -o "Core/Src/stm32f1xx_it.o"
arm-none-eabi-gcc "../Core/Src/syscalls.c" -mcpu=cortex-m3 -std=gnu11 -g3 -DUSE_HAL_DRIVER -DSTM32F103xB -DDEBUG -c -I../Drivers/CMSIS/Device/ST/STM32F1xx/Include -I../Drivers/CMSIS/Include -I../Core/Inc -I../Drivers/STM32F1xx_HAL_Driver/Inc/Legacy -I../Drivers/STM32F1xx_HAL_Driver/Inc -O0 -ffunction-sections -fdata-sections -Wall -fstack-usage -MMD -MP -MF"Core/Src/syscalls.d" -MT"Core/Src/syscalls.o" --specs=nano.specs -mfloat-abi=soft -mthumb -o "Core/Src/syscalls.o"
arm-none-eabi-gcc "../Core/Src/sysmem.c" -mcpu=cortex-m3 -std=gnu11 -g3 -DUSE_HAL_DRIVER -DSTM32F103xB -DDEBUG -c -I../Drivers/CMSIS/Device/ST/STM32F1xx/Include -I../Drivers/CMSIS/Include -I../Core/Inc -I../Drivers/STM32F1xx_HAL_Driver/Inc/Legacy -I../Drivers/STM32F1xx_HAL_Driver/Inc -O0 -ffunction-sections -fdata-sections -Wall -fstack-usage -MMD -MP -MF"Core/Src/sysmem.d" -MT"Core/Src/sysmem.o" --specs=nano.specs -mfloat-abi=soft -mthumb -o "Core/Src/sysmem.o"
arm-none-eabi-gcc "../Core/Src/system_stm32f1xx.c" -mcpu=cortex-m3 -std=gnu11 -g3 -DUSE_HAL_DRIVER -DSTM32F103xB -DDEBUG -c -I../Drivers/CMSIS/Device/ST/STM32F1xx/Include -I../Drivers/CMSIS/Include -I../Core/Inc -I../Drivers/STM32F1xx_HAL_Driver/Inc/Legacy -I../Drivers/STM32F1xx_HAL_Driver/Inc -O0 -ffunction-sections -fdata-sections -Wall -fstack-usage -MMD -MP -MF"Core/Src/system_stm32f1xx.d" -MT"Core/Src/system_stm32f1xx.o" --specs=nano.specs -mfloat-abi=soft -mthumb -o "Core/Src/system_stm32f1xx.o"
arm-none-eabi-gcc -o "OLED_I2C.elf" @"objects.list"   -mcpu=cortex-m3 -T"D:\work\study\stm32\cubeIDEworkspace\OLED_I2C\STM32F103C8TX_FLASH.ld" --specs=nosys.specs -Wl,-Map="OLED_I2C.map" -Wl,--gc-sections -static --specs=nano.specs -mfloat-abi=soft -mthumb -Wl,--start-group -lc -lm -Wl,--end-group
Finished building target: OLED_I2C.elf
 
arm-none-eabi-size   OLED_I2C.elf 
arm-none-eabi-objdump -h -S  OLED_I2C.elf  > "OLED_I2C.list"
arm-none-eabi-objcopy  -O binary  OLED_I2C.elf  "OLED_I2C.bin"
   text	   data	    bss	    dec	    hex	filename
  12200	     20	   1716	  13936	   3670	OLED_I2C.elf
Finished building: default.size.stdout
 
Finished building: OLED_I2C.bin
 
Finished building: OLED_I2C.list
 

21:36:14 Build Finished. 0 errors, 1 warnings. (took 2s.644ms)

